[0001285627ms +000000ms] #00001 DATA 500k_8E1 5C C7 33 35 96 A5 35 9A 35 35 6A 5C C7 33 35 5A 35 65 35 35 35 35 35 56 35 35 6A 95 AA 35
[0001285923ms +000296ms] #00002 DATA 500k_8E1 5C C7 33 56 56 A5 35 9A 35 35 A6 5C C7 33 35 5A 35 65 35 35 35 35 35 56 35 35 6A 95 AA 35
[0001286224ms +000597ms] #00003 DATA 500k_8E1 5C C7 33 56 96 A5 35 6A 35 35 99
[0001286237ms +000610ms] #00004 DATA 500k_8E1 5C C7 33 56 96 A5 35 6A 35 35 99 5C C7 33 35 5A 35 65 35 35 99 99 35 56 35 35 66 95 A6 35
[0001286526ms +000899ms] #00005 DATA 500k_8E1 5C C7 33 35 96 A5 35 9A 35 35 6A 5C C7 33 35 5A 35 65 35 35 35 35 35 56 35 35 6A 95 AA 35
[0001286827ms +001200ms] #00006 DATA 500k_8E1 5C C7 33 56 56 A5 35 9A 35 35 A6 00 5C C7 33 35 5A 35 65 35 35 35 35 35 56 35 35 6A 95 AA 35
[0001287127ms +001500ms] #00007 DATA 500k_8E1 5C C7 33 56 96 A5 35 6A 35 35 99 80 5C C7 33 35 5A 35 65 35 35 99 99 35 56 35 35 66 95 A6 35
[0001287426ms +001799ms] #00008 DATA 500k_8E1 5C C7 33 35 96 A5 35 9A 35 35 6A 5C C7 33 35 5A 35 65 35 35 35 35 35 56 35 35 6A 95 AA 35
[0001287512ms +001885ms] #00009 DATA 500k_8E1 5C C7 33 35 95 35 59 AA AA AA AA 5A 65 99 59 80 5C C7 33 35 5A 35 35 65 35 35 56
[0001287526ms +001899ms] #00010 DATA 500k_8E1 5C C7 33 56 35 35 59 AA AA AA AA 96 65 99 65 80 5C C7 33 35 5A 35 35 65 35 35 56
[0001287538ms +001911ms] #00011 DATA 500k_8E1 5C C7 33 56 95 35 59 AA AA AA AA AA 65 99 69 00 5C C7 33 35 5A 35 35 65 35 35 56
[0001287732ms +002105ms] #00012 DATA 500k_8E1 5C C7 33 56 56 A5 35 9A 35 35 A6 5C C7 33 35 5A 35 65 35 35 35 35 35 56 35 35 6A 95 AA 35
[0001288033ms +002406ms] #00013 DATA 500k_8E1 5C C7 33 56 96 A5 35 6A 35 35 99 5C C7 33 35 5A 35 65 35 35 99 99 35 56 35 35 66 95 A6 35
[0001288332ms +002705ms] #00014 DATA 500k_8E1 5C C7 33 35 96 A5 35 9A 35 35 6A 5C C7 33 35 5A 35 65 35 35 35 35 35 56 35 35 6A 95 AA 35
[0001288632ms +003005ms] #00015 DATA 500k_8E1 5C C7 33 56 56 A5 35 9A 35 35 A6 5C C7 33 35 5A 35 65 35 35 35 35 35 56 35 35 6A 95 AA 35
[0001288931ms +003304ms] #00016 DATA 500k_8E1 5C C7 33 56 96 A5 35 6A 35 35 99 5C C7 33 35 5A 35 65 35 35 99 99 35 56 35 35 66 95 A6 35
[0001289087ms +003460ms] #00017 DATA 500k_8E1 5C C7 33 35 96 A5 65 96 AA AA AA AA 5A AA AA A5 6A A9 9A F0 5C C7 33 35 5A 35 35 65 35 35 56 5C C7 33 56 56 A5 65 95 59 AA AA 95 35 AA AA 65 5A A5 9A FC 5C C7 33 35 5A 35 35 65 35 35 56 5C C7 33 56 96 A5 65 99 35 AA AA 35 35 AA AA 9A 5A 99 56 FF 5C C7 33 35 5A 35 35 65 35 35 56
[0001289235ms +003608ms] #00018 DATA 500k_8E1 5C C7 33 35 96 A5 35 9A 35 35 6A 5C C7 33 35 5A 35 65 35 35 35 35 35 56 35 35 6A 95 AA 35
[0001289536ms +003909ms] #00019 DATA 500k_8E1 5C C7 33 56 56 A5 35 9A 35 35 A6 5C C7 33 35 5A 35 65 35 35 35 35 35 56 35 35 6A 95 AA 35
[0001289830ms +004203ms] #00020 DATA 500k_8E1 5C C7 33 56 96 A5 35 6A 35 35 99 5C C7 33 35 5A 35 65 35 35 99 99 35 56 35 35 66 95 A6 35
[0001290135ms +004508ms] #00021 DATA 500k_8E1 5C C7 33 35 96 A5 35 9A 35 35 6A 5C C7 33 35 5A 35 65 35 35 35 35 35 56 35 35 6A 95 AA 35
[0001290431ms +004804ms] #00022 DATA 500k_8E1 5C C7 33 56 56 A5 35 9A 35 35 A6 5C C7 33 35 5A 35 65 35 35 35 35 35 56 35 35 6A 95 AA 35
[0001290736ms +005109ms] #00023 DATA 500k_8E1 5C C7 33 56 96 A5 35 6A 35 35 99 5C C7 33 35 5A 35 65 35 35 99 99 35 56 35 35 66 95 A6 35
[0001291034ms +005407ms] #00024 DATA 500k_8E1 5C C7 33 35 96 A5 35 9A 35 35 6A 00
[0001291054ms +005427ms] #00025 DATA 500k_8E1 5C C7 33 35 96 A5 35 9A 35 35 6A 5C C7 33 35 5A 35 65 35 35 35 35 35 56 35 35 6A 95 AA 35
[0001291333ms +005706ms] #00026 DATA 500k_8E1 5C C7 33 56 56 A5 35 9A 35 35 A6 5C C7 33 35 5A 35 65 35 35 35 35 35 56 35 35 6A 95 AA 35
[0001291633ms +006006ms] #00027 DATA 500k_8E1 5C C7 33 56 96 A5 35 6A 35 35 99
[0001291644ms +006017ms] #00028 DATA 500k_8E1 5C C7 33 56 96 A5 35 6A 35 35 99 00
[0001291664ms +006037ms] #00029 DATA 500k_8E1 5C C7 33 56 96 A5 35 6A 35 35 99 5C C7 33 35 5A 35 65 35 35 99 99 35 56 35 35 66 95 A6 35
[0001291934ms +006307ms] #00030 DATA 500k_8E1 5C C7 33 35 96 A5 35 9A 35 35 6A 5C C7 33 35 5A 35 65 35 35 35 35 35 56 35 35 6A 95 AA 35
[0001292234ms +006607ms] #00031 DATA 500k_8E1 5C C7 33 56 56 A5 35 9A 35 35 A6 5C C7 33 35 5A 35 65 35 35 35 35 35 56 35 35 6A 95 AA 35
[0001292535ms +006908ms] #00032 DATA 500k_8E1 5C C7 33 56 96 A5 35 6A 35 35 99 5C C7 33 35 5A 35 65 35 35 99 99 35 56 35 35 66 95 A6 35
[0001292833ms +007206ms] #00033 DATA 500k_8E1 5C C7 33 35 96 A5 35 9A 35 35 6A 00 5C C7 33 35 5A 35 65 35 35 35 35 35 56 35 35 6A 95 AA 35
[0001293134ms +007507ms] #00034 DATA 500k_8E1 5C C7 33 56 56 A5 35 9A 35 35 A6 5C C7 33 35 5A 35 65 35 35 35 35 35 56 35 35 6A 95 AA 35
[0001293434ms +007807ms] #00035 DATA 500k_8E1 5C C7 33 56 96 A5 35 6A 35 35 99 00 5C C7 33 35 5A 35 65 35 35 99 99 35 56 35 35 66 95 A6 35
[0001293743ms +008116ms] #00036 DATA 500k_8E1 5C C7 33 35 96 A5 35 9A 35 35 6A 5C C7 33 35 5A 35 65 35 35 35 35 35 56 35 35 6A 95 AA 35
[0001294044ms +008417ms] #00037 DATA 500k_8E1 5C C7 33 56 56 A5 35 9A 35 35 A6 5C C7 33 35 5A 35 65 35 35 35 35 35 56 35 35 6A 95 AA 35
[0001294100ms +008473ms] #00038 DATA 500k_8E1 5C C7 33 35 96 A5 65 96 AA AA AA AA 5A AA AA A5 6A A9 9A 80 5C C7 33 35 5A 35 35 65 35 35 56 5C C7 33 56 56 A5 65 95 59 AA AA 95 35 AA AA 65 5A A5 9A FC 5C C7 33 35 5A 35 35 65 35 35 56 5C C7 33 56 96 A5 65 99 35 AA AA 35 35 AA AA 9A 5A 99 56 FF 5C C7 33 35 5A 35 35 65 35 35 56
[0001294340ms +008713ms] #00039 DATA 500k_8E1 5C C7 33 56 96 A5 35 6A 35 35 99 5C C7 33 35 5A 35 65 35 35 99 99 35 56 35 35 66 95 A6 35
[0001294645ms +009018ms] #00040 DATA 500k_8E1 5C C7 33 35 96 A5 35 9A 35 35 6A 5C C7 33 35 5A 35 65 35 35 35 35 35 56 35 35 6A 95 AA 35
[0001294941ms +009314ms] #00041 DATA 500k_8E1 5C C7 33 56 56 A5 35 9A 35 35 A6 00 5C C7 33 35 5A 35 65 35 35 35 35 35 56 35 35 6A 95 AA 35
[0001295238ms +009611ms] #00042 DATA 500k_8E1 5C C7 33 56 96 A5 35 6A 35 35 99 80 5C C7 33 35 5A 35 65 35 35 99 99 35 56 35 35 66 95 A6 35
[0001295538ms +009911ms] #00043 DATA 500k_8E1 5C C7 33 35 96 A5 35 9A 35 35 6A 00 5C C7 33 35 5A 35 65 35 35 35 35 35 56 35 35 6A 95 AA 35
[0001295839ms +010212ms] #00044 DATA 500k_8E1 5C C7 33 56 56 A5 35 9A 35 35 A6 5C C7 33 35 5A 35 65 35 35 35 35 35 56 35 35 6A 95 AA 35
[0001296140ms +010513ms] #00045 DATA 500k_8E1 5C C7 33 56 96 A5 35 6A 35 35 99 5C C7 33 35 5A 35 65 35 35 99 99 35 56 35 35 66 95 A6 35
[0001296448ms +010821ms] #00046 DATA 500k_8E1 5C C7 33 35 96 A5 35 9A 35 35 6A 00 5C C7 33 35 5A 35 65 35 35 35 35 35 56 35 35 6A 95 AA 35
[0001296749ms +011122ms] #00047 DATA 500k_8E1 5C C7 33 56 56 A5 35 9A 35 35 A6 5C C7 33 35 5A 35 65 35 35 35 35 35 56 35 35 6A 95 AA 35
[0001297049ms +011422ms] #00048 DATA 500k_8E1 5C C7 33 56 96 A5 35 6A 35 35 99 5C C7 33 35 5A 35 65 35 35 99 99 35 56 35 35 66 95 A6 35
[0001297348ms +011721ms] #00049 DATA 500k_8E1 5C C7 33 35 96 A5 35 9A 35 35 6A 5C C7 33 35 5A 35 65 35 35 35 35 35 56 35 35 6A 95 AA 35
[0001297648ms +012021ms] #00050 DATA 500k_8E1 5C C7 33 56 56 A5 35 9A 35 35 A6 5C C7 33 35 5A 35 65 35 35 35 35 35 56 35 35 6A 95 AA 35
[0001297949ms +012322ms] #00051 DATA 500k_8E1 5C C7 33 56 96 A5 35 6A 35 35 99 00 5C C7 33 35 5A 35 65 35 35 99 99 35 56 35 35 66 95 A6 35
[0001298248ms +012621ms] #00052 DATA 500k_8E1 5C C7 33 35 96 A5 35 9A 35 35 6A 5C C7 33 35 5A 35 65 35 35 35 35 35 56 35 35 6A 95 AA 35
[0001298538ms +012911ms] #00053 DATA 500k_8E1 5C C7 33 35 95 35 59 AA AA AA AA 5A 65 99 59 80 5C C7 33 35 5A 35 35 65 35 35 56
[0001298550ms +012923ms] #00054 DATA 500k_8E1 5C C7 33 56 56 A5 35 9A 35 35 A6 5C C7 33 35 5A 35 65 35 35 35 35 35 56 35 35 6A 95 AA 35 5C C7 33 56 35 35 59 AA AA AA AA 96 65 99 65 80
[0001298574ms +012947ms] #00055 DATA 500k_8E1 5C C7 33 56 35 35 59 AA AA AA AA 96 65 99 65 C0 5C C7 33 35 5A 35 35 65 35 35 56
[0001298586ms +012959ms] #00056 DATA 500k_8E1 5C C7 33 56 95 35 59 AA AA AA AA AA 65 99 69 00 5C C7 33 35 5A 35 35 65 35 35 56
[0001298853ms +013226ms] #00057 DATA 500k_8E1 5C C7 33 56 96 A5 35 6A 35 35 99 5C C7 33 35 5A 35 65 35 35 99 99 35 56 35 35 66 95 A6 35
[0001299114ms +013487ms] #00058 DATA 500k_8E1 5C C7 33 35 96 A5 65 96 AA AA AA AA 5A AA AA A5 6A A9 9A 80 5C C7 33 35 5A 35 35 65 35 35 56 5C C7 33 56 56 A5 65 95 59 AA AA 95 35 AA AA 65 5A A5 9A FE 5C C7 33 35 5A 35 35 65 35 35 56 5C C7 33 56 96 A5 65 99 35 AA AA 35 35 AA AA 9A 5A 99 56 FE 5C C7 33 35 5A 35 35 65 35 35 56
[0001299149ms +013522ms] #00059 DATA 500k_8E1 5C C7 33 35 96 A5 35 9A 35 35 6A 5C C7 33 35 5A 35 65 35 35 35 35 35 56 35 35 6A 95 AA 35
[0001299446ms +013819ms] #00060 DATA 500k_8E1 5C C7 33 56 56 A5 35 9A 35 35 A6 80 5C C7 33 35 5A 35 65 35 35 35 35 35 56 35 35 6A 95 AA 35
[0001299752ms +014125ms] #00061 DATA 500k_8E1 5C C7 33 56 96 A5 35 6A 35 35 99 00 5C C7 33 35 5A 35 65 35 35 99 99 35 56 35 35 66 95 A6 35
[0001300047ms +014420ms] #00062 DATA 500k_8E1 5C C7 33 35 96 A5 35 9A 35 35 6A 5C C7 33 35 5A 35 65 35 35 35 35 35 56 35 35 6A 95 AA 35
[0001300347ms +014720ms] #00063 DATA 500k_8E1 5C C7 33 56 56 A5 35 9A 35 35 A6
[0001300367ms +014740ms] #00064 DATA 500k_8E1 5C C7 33 56 56 A5 35 9A 35 35 A6 5C C7 33 35 5A 35 65 35 35 35 35 35 56 35 35 6A 95 AA 35
[0001300648ms +015021ms] #00065 DATA 500k_8E1 5C C7 33 56 96 A5 35 6A 35 35 99 5C C7 33 35 5A 35 65 35 35 99 99 35 56 35 35 66 95 A6 35
[0001300957ms +015330ms] #00066 DATA 500k_8E1 5C C7 33 35 96 A5 35 9A 35 35 6A 5C C7 33 35 5A 35 65 35 35 35 35 35 56 35 35 6A 95 AA 35
[0001301257ms +015630ms] #00067 DATA 500k_8E1 5C C7 33 56 56 A5 35 9A 35 35 A6 5C C7 33 35 5A 35 65 35 35 35 35 35 56 35 35 6A 95 AA 35
[0001301558ms +015931ms] #00068 DATA 500k_8E1 5C C7 33 56 96 A5 35 6A 35 35 99 5C C7 33 35 5A 35 65 35 35 99 99 35 56 35 35 66 95 A6 35
[0001301856ms +016229ms] #00069 DATA 500k_8E1 5C C7 33 35 96 A5 35 9A 35 35 6A 5C C7 33 35 5A 35 65 35 35 35 35 35 56 35 35 6A 95 AA 35
[0001302159ms +016532ms] #00070 DATA 500k_8E1 5C C7 33 56 56 A5 35 9A 35 35 A6 5C C7 33 35 5A 35 65 35 35 35 35 35 56 35 35 6A 95 AA 35
[0001302460ms +016833ms] #00071 DATA 500k_8E1 5C C7 33 56 96 A5 35 6A 35 35 99
[0001302470ms +016843ms] #00072 DATA 500k_8E1 5C C7 33 56 96 A5 35 6A 35 35 99 5C C7 33 35 5A 35 65 35 35 99 99 35 56 35 35 66 95 A6 35
[0001302760ms +017133ms] #00073 DATA 500k_8E1 5C C7 33 35 96 A5 35 9A 35 35 6A 5C C7 33 35 5A 35 65 35 35 35 35 35 56 35 35 6A 95 AA 35
[0001303061ms +017434ms] #00074 DATA 500k_8E1 5C C7 33 56 56 A5 35 9A 35 35 A6 5C C7 33 35 5A 35 65 35 35 35 35 35 56 35 35 6A 95 AA 35
[0001303361ms +017734ms] #00075 DATA 500k_8E1 5C C7 33 56 96 A5 35 6A 35 35 99 5C C7 33 35 5A 35 65 35 35 99 99 35 56 35 35 66 95 A6 35
[0001303660ms +018033ms] #00076 DATA 500k_8E1 5C C7 33 35 96 A5 35 9A 35 35 6A 5C C7 33 35 5A 35 65 35 35 35 35 35 56 35 35 6A 95 AA 35
[0001303954ms +018327ms] #00077 DATA 500k_8E1 5C C7 33 56 56 A5 35 9A 35 35 A6 5C C7 33 35 5A 35 65 35 35 35 35 35 56 35 35 6A 95 AA 35
[0001304117ms +018490ms] #00078 DATA 500k_8E1 5C C7 33 35 96 A5 65 96 AA AA AA AA 5A AA AA A5 6A A9 9A C0 5C C7 33 35 5A 35 35 65 35 35 56 5C C7 33 56 56 A5 65 95 59 AA AA 95 35 AA AA 65 5A A5 9A FE 5C C7 33 35 5A 35 35 65 35 35 56 5C C7 33 56 96 A5 65 99 35 AA AA 35 35 AA AA 9A 5A 99 56 FF 5C C7 33 35 5A 35 35 65 35 35 56
[0001304257ms +018630ms] #00079 DATA 500k_8E1 5C C7 33 56 96 A5 35 6A 35 35 99 5C C7 33 35 5A 35 65 35 35 99 99 35 56 35 35 66 95 A6 35
[0001304562ms +018935ms] #00080 DATA 500k_8E1 5C C7 33 35 96 A5 35 9A 35 35 6A 5C C7 33 35 5A 35 65 35 35 35 35 35 56 35 35 6A 95 AA 35
[0001304856ms +019229ms] #00081 DATA 500k_8E1 5C C7 33 56 56 A5 35 9A 35 35 A6 5C C7 33 35 5A 35 65 35 35 35 35 35 56 35 35 6A 95 AA 35
[0001305157ms +019530ms] #00082 DATA 500k_8E1 5C C7 33 56 96 A5 35 6A 35 35 99 00
[0001305174ms +019547ms] #00083 DATA 500k_8E1 5C C7 33 56 96 A5 35 6A 35 35 99 5C C7 33 35 5A 35 65 35 35 99 99 35 56 35 35 66 95 A6 35
[0001305463ms +019836ms] #00084 DATA 500k_8E1 5C C7 33 35 96 A5 35 9A 35 35 6A 5C C7 33 35 5A 35 65 35 35 35 35 35 56 35 35 6A 95 AA 35
[0001305764ms +020137ms] #00085 DATA 500k_8E1 5C C7 33 56 56 A5 35 9A 35 35 A6 5C C7 33 35 5A 35 65 35 35 35 35 35 56 35 35 6A 95 AA 35
[0001306064ms +020437ms] #00086 DATA 500k_8E1 5C C7 33 56 96 A5 35 6A 35 35 99 00 5C C7 33 35 5A 35 65 35 35 99 99 35 56 35 35 66 95 A6 35
[0001306363ms +020736ms] #00087 DATA 500k_8E1 5C C7 33 35 96 A5 35 9A 35 35 6A 5C C7 33 35 5A 35 65 35 35 35 35 35 56 35 35 6A 95 AA 35
[0001306663ms +021036ms] #00088 DATA 500k_8E1 5C C7 33 56 56 A5 35 9A 35 35 A6 5C C7 33 35 5A 35 65 35 35 35 35 35 56 35 35 6A 95 AA 35
[0001306964ms +021337ms] #00089 DATA 500k_8E1 5C C7 33 56 96 A5 35 6A 35 35 99 00 5C C7 33 35 5A 35 65 35 35 99 99 35 56 35 35 66 95 A6 35
[0001307262ms +021635ms] #00090 DATA 500k_8E1 5C C7 33 35 96 A5 35 9A 35 35 6A 5C C7 33 35 5A 35 65 35 35 35 35 35 56 35 35 6A 95 AA 35
[0001307563ms +021936ms] #00091 DATA 500k_8E1 5C C7 33 56 56 A5 35 9A 35 35 A6 5C C7 33 35 5A 35 65 35 35 35 35 35 56 35 35 6A 95 AA 35
[0001307863ms +022236ms] #00092 DATA 500k_8E1 5C C7 33 56 96 A5 35 6A 35 35 99 00 5C C7 33 35 5A 35 65 35 35 99 99 35 56 35 35 66 95 A6 35
[0001308162ms +022535ms] #00093 DATA 500k_8E1 5C C7 33 35 96 A5 35 9A 35 35 6A 00 5C C7 33 35 5A 35 65 35 35 35 35 35 56 35 35 6A 95 AA 35
[0001308463ms +022836ms] #00094 DATA 500k_8E1 5C C7 33 56 56 A5 35 9A 35 35 A6 5C C7 33 35 5A 35 65 35 35 35 35 35 56 35 35 6A 95 AA 35
[0001308769ms +023142ms] #00095 DATA 500k_8E1 5C C7 33 56 96 A5 35 6A 35 35 99 00 5C C7 33 35 5A 35 65 35 35 99 99 35 56 35 35 66 95 A6 35
[0001309064ms +023437ms] #00096 DATA 500k_8E1 5C C7 33 35 96 A5 35 9A 35 35 6A 00 5C C7 33 35 5A 35 65 35 35 35 35 35 56 35 35 6A 95 AA 35
[0001309132ms +023505ms] #00097 DATA 500k_8E1 5C C7 33 35 96 A5 65 96 AA AA AA AA 5A AA AA A5 6A A9 9A C0
[0001309150ms +023523ms] #00098 DATA 500k_8E1 5C C7 33 35 96 A5 65 96 AA AA AA AA 5A AA AA A5 6A A9 9A E0 5C C7 33 35 5A 35 35 65 35 35 56 5C C7 33 56 56 A5 65 95 59 AA AA 95 35 AA AA 65 5A A5 9A FC 5C C7 33 35 5A 35 35 65 35 35 56 5C C7 33 56 96 A5 65 99 35 AA AA 35 35 AA AA 9A 5A 99 56 FF
[0001309170ms +023543ms] #00099 DATA 500k_8E1 5C C7 33 56 96 A5 65 99 35 AA AA 35 35 AA AA 9A 5A 99 56 FF 5C C7 33 35 5A 35 35 65 35 35 56
[0001309370ms +023743ms] #00100 DATA 500k_8E1 5C C7 33 56 56 A5 35 9A 35 35 A6
[0001309390ms +023763ms] #00101 DATA 500k_8E1 5C C7 33 56 56 A5 35 9A 35 35 A6 00 5C C7 33 35 5A 35 65 35 35 35 35 35 56 35 35 6A 95 AA 35
[0001309553ms +023926ms] #00102 DATA 500k_8E1 5C C7 33 35 95 35 59 AA AA AA AA 5A 65 99 59 E0 5C C7 33 35 5A 35 35 65 35 35 56
[0001309567ms +023940ms] #00103 DATA 500k_8E1 5C C7 33 56 35 35 59 AA AA AA AA 96 65 99 65 80 5C C7 33 35 5A 35 35 65 35 35 56
[0001309579ms +023952ms] #00104 DATA 500k_8E1 5C C7 33 56 95 35 59 AA AA AA AA AA 65 99 69 00 5C C7 33 35 5A 35 35 65 35 35 56
[0001309671ms +024044ms] #00105 DATA 500k_8E1 5C C7 33 56 96 A5 35 6A 35 35 99 5C C7 33 35 5A 35 65 35 35 99 99 35 56 35 35 66 95 A6 35
[0001309969ms +024342ms] #00106 DATA 500k_8E1 5C C7 33 35 96 A5 35 9A 35 35 6A 5C C7 33 35 5A 35 65 35 35 35 35 35 56 35 35 6A 95 AA 35
[0001310270ms +024643ms] #00107 DATA 500k_8E1 5C C7 33 56 56 A5 35 9A 35 35 A6 5C C7 33 35 5A 35 65 35 35 35 35 35 56 35 35 6A 95 AA 35
[0001310571ms +024944ms] #00108 DATA 500k_8E1 5C C7 33 56 96 A5 35 6A 35 35 99 80 5C C7 33 35 5A 35 65 35 35 99 99 35 56 35 35 66 95 A6 35
[0001310869ms +025242ms] #00109 DATA 500k_8E1 5C C7 33 35 96 A5 35 9A 35 35 6A 5C C7 33 35 5A 35 65 35 35 35 35 35 56 35 35 6A 95 AA 35
[0001311170ms +025543ms] #00110 DATA 500k_8E1 5C C7 33 56 56 A5 35 9A 35 35 A6
[0001311183ms +025556ms] #00111 DATA 500k_8E1 5C C7 33 56 56 A5 35 9A 35 35 A6 5C C7 33 35 5A 35 65 35 35 35 35 35 56 35 35 6A 95 AA 35
[0001311472ms +025845ms] #00112 DATA 500k_8E1 5C C7 33 56 96 A5 35 6A 35 35 99
[0001311483ms +025856ms] #00113 DATA 500k_8E1 5C C7 33 56 96 A5 35 6A 35 35 99 5C C7 33 35 5A 35 65 35 35 99 99 35 56 35 35 66 95 A6 35
[0001311773ms +026146ms] #00114 DATA 500k_8E1 5C C7 33 35 96 A5 35 9A 35 35 6A 5C C7 33 35 5A 35 65 35 35 35 35 35 56 35 35 6A 95 AA 35
[0001312074ms +026447ms] #00115 DATA 500k_8E1 5C C7 33 56 56 A5 35 9A 35 35 A6 5C C7 33 35 5A 35 65 35 35 35 35 35 56 35 35 6A 95 AA 35
[0001312374ms +026747ms] #00116 DATA 500k_8E1 5C C7 33 56 96 A5 35 6A 35 35 99 5C C7 33 35 5A 35 65 35 35 99 99 35 56 35 35 66 95 A6 35
[0001312673ms +027046ms] #00117 DATA 500k_8E1 5C C7 33 35 96 A5 35 9A 35 35 6A 5C C7 33 35 5A 35 65 35 35 35 35 35 56 35 35 6A 95 AA 35
[0001312973ms +027346ms] #00118 DATA 500k_8E1 5C C7 33 56 56 A5 35 9A 35 35 A6 80 5C C7 33 35 5A 35 65 35 35 35 35 35 56 35 35 6A 95 AA 35
[0001313276ms +027649ms] #00119 DATA 500k_8E1 5C C7 33 56 96 A5 35 6A 35 35 99 00 5C C7 33 35 5A 35 65 35 35 99 99 35 56 35 35 66 95 A6 35
[0001313580ms +027953ms] #00120 DATA 500k_8E1 5C C7 33 35 96 A5 35 9A 35 35 6A 5C C7 33 35 5A 35 65 35 35 35 35 35 56 35 35 6A 95 AA 35
[0001313877ms +028250ms] #00121 DATA 500k_8E1 5C C7 33 56 56 A5 35 9A 35 35 A6 00 5C C7 33 35 5A 35 65 35 35 35 35 35 56 35 35 6A 95 AA 35
[0001314134ms +028507ms] #00122 DATA 500k_8E1 5C C7 33 35 96 A5 65 96 AA AA AA AA 5A AA AA A5 6A A9 9A F0 5C C7 33 35 5A 35 35 65 35 35 56 5C C7 33 56 56 A5 65 95 59 AA AA 95 35 AA AA 65 5A A5 9A FF
[0001314147ms +028520ms] #00123 DATA 500k_8E1 5C C7 33 56 56 A5 65 95 59 AA AA 95 35 AA AA 65 5A A5 9A FC 5C C7 33 35 5A 35 35 65 35 35 56 5C C7 33 56 96 A5 65 99 35 AA AA 35 35 AA AA 9A 5A 99 56 FF 5C C7 33 35 5A 35 35 65 35 35 56
[0001314182ms +028555ms] #00124 DATA 500k_8E1 5C C7 33 56 96 A5 35 6A 35 35 99 00 5C C7 33 35 5A 35 65 35 35 99 99 35 56 35 35 66 95 A6 35
[0001314480ms +028853ms] #00125 DATA 500k_8E1 5C C7 33 35 96 A5 35 9A 35 35 6A 5C C7 33 35 5A 35 65 35 35 35 35 35 56 35 35 6A 95 AA 35
[0001314781ms +029154ms] #00126 DATA 500k_8E1 5C C7 33 56 56 A5 35 9A 35 35 A6 5C C7 33 35 5A 35 65 35 35 35 35 35 56 35 35 6A 95 AA 35
[0001315081ms +029454ms] #00127 DATA 500k_8E1 5C C7 33 56 96 A5 35 6A 35 35 99 00 5C C7 33 35 5A 35 65 35 35 99 99 35 56 35 35 66 95 A6 35
[0001315380ms +029753ms] #00128 DATA 500k_8E1 5C C7 33 35 96 A5 35 9A 35 35 6A 5C C7 33 35 5A 35 65 35 35 35 35 35 56 35 35 6A 95 AA 35
[0001315681ms +030054ms] #00129 DATA 500k_8E1 5C C7 33 56 56 A5 35 9A 35 35 A6 5C C7 33 35 5A 35 65 35 35 35 35 35 56 35 35 6A 95 AA 35
[0001315981ms +030354ms] #00130 DATA 500k_8E1 5C C7 33 56 96 A5 35 6A 35 35 99 00 5C C7 33 35 5A 35 65 35 35 99 99 35 56 35 35 66 95 A6 35
[0001316280ms +030653ms] #00131 DATA 500k_8E1 5C C7 33 35 96 A5 35 9A 35 35 6A 00 5C C7 33 35 5A 35 65 35 35 35 35 35 56 35 35 6A 95 AA 35
[0001316580ms +030953ms] #00132 DATA 500k_8E1 5C C7 33 56 56 A5 35 9A 35 35 A6 5C C7 33 35 5A 35 65 35 35 35 35 35 56 35 35 6A 95 AA 35
[0001316881ms +031254ms] #00133 DATA 500k_8E1 5C C7 33 56 96 A5 35 6A 35 35 99 00 5C C7 33 35 5A 35 65 35 35 99 99 35 56 35 35 66 95 A6 35
[0001317179ms +031552ms] #00134 DATA 500k_8E1 5C C7 33 35 96 A5 35 9A 35 35 6A 00 5C C7 33 35 5A 35 65 35 35 35 35 35 56 35 35 6A 95 AA 35
[0001317480ms +031853ms] #00135 DATA 500k_8E1 5C C7 33 56 56 A5 35 9A 35 35 A6 00 5C C7 33 35 5A 35 65 35 35 35 35 35 56 35 35 6A 95 AA 35
[0001317781ms +032154ms] #00136 DATA 500k_8E1 5C C7 33 56 96 A5 35 6A 35 35 99 5C C7 33 35 5A 35 65 35 35 99 99 35 56 35 35 66 95 A6 35
[0001318083ms +032456ms] #00137 DATA 500k_8E1 5C C7 33 35 96 A5 35 9A 35 35 6A 5C C7 33 35 5A 35 65 35 35 35 35 35 56 35 35 6A 95 AA 35
[0001318390ms +032763ms] #00138 DATA 500k_8E1 5C C7 33 56 56 A5 35 9A 35 35 A6
[0001318404ms +032777ms] #00139 DATA 500k_8E1 5C C7 33 56 56 A5 35 9A 35 35 A6 5C C7 33 35 5A 35 65 35 35 35 35 35 56 35 35 6A 95 AA 35
[0001318690ms +033063ms] #00140 DATA 500k_8E1 5C C7 33 56 96 A5 35 6A 35 35 99 5C C7 33 35 5A 35 65 35 35 99 99 35 56 35 35 66 95 A6 35
[0001318983ms +033356ms] #00141 DATA 500k_8E1 5C C7 33 35 96 A5 35 9A 35 35 6A 5C C7 33 35 5A 35 65 35 35 35 35 35 56 35 35 6A 95 AA 35
[0001319152ms +033525ms] #00142 DATA 500k_8E1 5C C7 33 35 96 A5 65 96 AA AA AA AA 5A AA AA A5 6A A9 9A C0 5C C7 33 35 5A 35 35 65 35 35 56 5C C7 33 56 56 A5 65 95 59 AA AA 95 35 AA AA 65 5A A5 9A FE 5C C7 33 35 5A 35 35 65 35 35 56 5C C7 33 56 96 A5 65 99 35 AA AA 35 35 AA AA 9A 5A 99 56 FF 5C C7 33 35 5A 35 35 65 35 35 56
[0001319289ms +033662ms] #00143 DATA 500k_8E1 5C C7 33 56 56 A5 35 9A 35 35 A6 5C C7 33 35 5A 35 65 35 35 35 35 35 56 35 35 6A 95 AA 35
[0001319590ms +033963ms] #00144 DATA 500k_8E1 5C C7 33 56 96 A5 35 6A 35 35 99 00 5C C7 33 35 5A 35 65 35 35 99 99 35 56 35 35 66 95 A6 35
[0001319889ms +034262ms] #00145 DATA 500k_8E1 5C C7 33 35 96 A5 35 9A 35 35 6A 5C C7 33 35 5A 35 65 35 35 35 35 35 56 35 35 6A 95 AA 35
[0001320189ms +034562ms] #00146 DATA 500k_8E1 5C C7 33 56 56 A5 35 9A 35 35 A6 5C C7 33 35 5A 35 65 35 35 35 35 35 56 35 35 6A 95 AA 35
[0001320490ms +034863ms] #00147 DATA 500k_8E1 5C C7 33 56 96 A5 35 6A 35 35 99 80 5C C7 33 35 5A 35 65 35 35 99 99 35 56 35 35 66 95 A6 35
[0001320574ms +034947ms] #00148 DATA 500k_8E1 5C C7 33 35 95 35 59 AA AA AA AA 5A 65 99 59 00 5C C7 33 35 5A 35 35 65 35 35 56
[0001320588ms +034961ms] #00149 DATA 500k_8E1 5C C7 33 56 35 35 59 AA AA AA AA 96 65 99 65 00 5C C7 33 35 5A 35 35 65 35 35 56
[0001320600ms +034973ms] #00150 DATA 500k_8E1 5C C7 33 56 95 35 59 AA AA AA AA AA 65 99 69 00
[0001320617ms +034990ms] #00151 DATA 500k_8E1 5C C7 33 56 95 35 59 AA AA AA AA AA 65 99 69 00 5C C7 33 35 5A 35 35 65 35 35 56
[0001320792ms +035165ms] #00152 DATA 500k_8E1 5C C7 33 35 96 A5 35 9A 35 35 6A 5C C7 33 35 5A 35 65 35 35 35 35 35 56 35 35 6A 95 AA 35
[0001321093ms +035466ms] #00153 DATA 500k_8E1 5C C7 33 56 56 A5 35 9A 35 35 A6 5C C7 33 35 5A 35 65 35 35 35 35 35 56 35 35 6A 95 AA 35
[0001321393ms +035766ms] #00154 DATA 500k_8E1 5C C7 33 56 96 A5 35 6A 35 35 99 5C C7 33 35 5A 35 65 35 35 99 99 35 56 35 35 66 95 A6 35
[0001321692ms +036065ms] #00155 DATA 500k_8E1 5C C7 33 35 96 A5 35 9A 35 35 6A 5C C7 33 35 5A 35 65 35 35 35 35 35 56 35 35 6A 95 AA 35
[0001321992ms +036365ms] #00156 DATA 500k_8E1 5C C7 33 56 56 A5 35 9A 35 35 A6 00 5C C7 33 35 5A 35 65 35 35 35 35 35 56 35 35 6A 95 AA 35
[0001322293ms +036666ms] #00157 DATA 500k_8E1 5C C7 33 56 96 A5 35 6A 35 35 99 5C C7 33 35 5A 35 65 35 35 99 99 35 56 35 35 66 95 A6 35
[0001322592ms +036965ms] #00158 DATA 500k_8E1 5C C7 33 35 96 A5 35 9A 35 35 6A 5C C7 33 35 5A 35 65 35 35 35 35 35 56 35 35 6A 95 AA 35
[0001322898ms +037271ms] #00159 DATA 500k_8E1 5C C7 33 56 56 A5 35 9A 35 35 A6 5C C7 33 35 5A 35 65 35 35 35 35 35 56 35 35 6A 95 AA 35
[0001323195ms +037568ms] #00160 DATA 500k_8E1 5C C7 33 56 96 A5 35 6A 35 35 99 5C C7 33 35 5A 35 65 35 35 99 99 35 56 35 35 66 95 A6 35
[0001323499ms +037872ms] #00161 DATA 500k_8E1 5C C7 33 35 96 A5 35 9A 35 35 6A 5C C7 33 35 5A 35 65 35 35 35 35 35 56 35 35 6A 95 AA 35
[0001323792ms +038165ms] #00162 DATA 500k_8E1 5C C7 33 56 56 A5 35 9A 35 35 A6 5C C7 33 35 5A 35 65 35 35 35 35 35 56 35 35 6A 95 AA 35
[0001324093ms +038466ms] #00163 DATA 500k_8E1 5C C7 33 56 96 A5 35 6A 35 35 99 5C C7 33 35 5A 35 65 35 35 99 99 35 56 35 35 66 95 A6 35
[0001324157ms +038530ms] #00164 DATA 500k_8E1 5C C7 33 35 96 A5 65 96 AA AA AA AA 5A AA AA A5 6A A9 9A E0 5C C7 33 35 5A 35 35 65 35 35 56 5C C7 33 56 56 A5 65 95 59 AA AA 95 35 AA AA 65 5A A5 9A FC 5C C7 33 35 5A 35 35 65 35 35 56 5C C7 33 56 96 A5 65 99 35 AA AA 35 35 AA AA 9A 5A 99 56 FE 5C C7 33 35 5A 35 35 65 35 35 56
[0001324397ms +038770ms] #00165 DATA 500k_8E1 5C C7 33 35 96 A5 35 9A 35 35 6A 00 5C C7 33 35 5A 35 65 35 35 35 35 35 56 35 35 6A 95 AA 35
[0001324698ms +039071ms] #00166 DATA 500k_8E1 5C C7 33 56 56 A5 35 9A 35 35 A6 5C C7 33 35 5A 35 65 35 35 35 35 35 56 35 35 6A 95 AA 35
[0001324998ms +039371ms] #00167 DATA 500k_8E1 5C C7 33 56 96 A5 35 6A 35 35 99 5C C7 33 35 5A 35 65 35 35 99 99 35 56 35 35 66 95 A6 35
[0001325297ms +039670ms] #00168 DATA 500k_8E1 5C C7 33 35 96 A5 35 9A 35 35 6A 5C C7 33 35 5A 35 65 35 35 35 35 35 56 35 35 6A 95 AA 35
[0001325598ms +039971ms] #00169 DATA 500k_8E1 5C C7 33 56 56 A5 35 9A 35 35 A6 5C C7 33 35 5A 35 65 35 35 35 35 35 56 35 35 6A 95 AA 35
[0001325898ms +040271ms] #00170 DATA 500k_8E1 5C C7 33 56 96 A5 35 6A 35 35 99 5C C7 33 35 5A 35 65 35 35 99 99 35 56 35 35 66 95 A6 35
[0001326197ms +040570ms] #00171 DATA 500k_8E1 5C C7 33 35 96 A5 35 9A 35 35 6A 80 5C C7 33 35 5A 35 65 35 35 35 35 35 56 35 35 6A 95 AA 35
[0001326497ms +040870ms] #00172 DATA 500k_8E1 5C C7 33 56 56 A5 35 9A 35 35 A6 00 5C C7 33 35 5A 35 65 35 35 35 35 35 56 35 35 6A 95 AA 35
[0001326798ms +041171ms] #00173 DATA 500k_8E1 5C C7 33 56 96 A5 35 6A 35 35 99 5C C7 33 35 5A 35 65 35 35 99 99 35 56 35 35 66 95 A6 35
[0001327106ms +041479ms] #00174 DATA 500k_8E1 5C C7 33 35 96 A5 35 9A 35 35 6A 5C C7 33 35 5A 35 65 35 35 35 35 35 56 35 35 6A 95 AA 35
[0001327399ms +041772ms] #00175 DATA 500k_8E1 5C C7 33 56 56 A5 35 9A 35 35 A6 5C C7 33 35 5A 35 65 35 35 35 35 35 56 35 35 6A 95 AA 35
[0001327706ms +042079ms] #00176 DATA 500k_8E1 5C C7 33 56 96 A5 35 6A 35 35 99 00
[0001327718ms +042091ms] #00177 DATA 500k_8E1 5C C7 33 56 96 A5 35 6A 35 35 99 5C C7 33 35 5A 35 65 35 35 99 99 35 56 35 35 66 95 A6 35
[0001328002ms +042375ms] #00178 DATA 500k_8E1 5C C7 33 35 96 A5 35 9A 35 35 6A 5C C7 33 35 5A 35 65 35 35 35 35 35 56 35 35 6A 95 AA 35
[0001328309ms +042682ms] #00179 DATA 500k_8E1 5C C7 33 56 56 A5 35 9A 35 35 A6 5C C7 33 35 5A 35 65 35 35 35 35 35 56 35 35 6A 95 AA 35
[0001328610ms +042983ms] #00180 DATA 500k_8E1 5C C7 33 56 96 A5 35 6A 35 35 99 5C C7 33 35 5A 35 65 35 35 99 99 35 56 35 35 66 95 A6 35
[0001328908ms +043281ms] #00181 DATA 500k_8E1 5C C7 33 35 96 A5 35 9A 35 35 6A 5C C7 33 35 5A 35 65 35 35 35 35 35 56 35 35 6A 95 AA 35
[0001329169ms +043542ms] #00182 DATA 500k_8E1 5C C7 33 35 96 A5 65 96 AA AA AA AA 5A AA AA A5 6A A9 9A E0
[0001329181ms +043554ms] #00183 DATA 500k_8E1 5C C7 33 35 96 A5 65 96 AA AA AA AA 5A AA AA A5 6A A9 9A C0 5C C7 33 35 5A 35 35 65 35 35 56 5C C7 33 56 56 A5 65 95 59 AA AA 95 35 AA AA 65 5A A5 9A FF 5C C7 33 35 5A 35 35 65 35 35 56 5C C7 33 56 96 A5 65 99 35 AA AA 35 35 AA AA 9A 5A 99 56 FF 5C C7 33 35 5A 35 35 65 35 35 56
[0001329207ms +043580ms] #00184 DATA 500k_8E1 5C C7 33 56 56 A5 35 9A 35 35 A6 5C C7 33 35 5A 35 65 35 35 35 35 35 56 35 35 6A 95 AA 35
[0001329507ms +043880ms] #00185 DATA 500k_8E1 5C C7 33 56 96 A5 35 6A 35 35 99 5C C7 33 35 5A 35 65 35 35 99 99 35 56 35 35 66 95 A6 35
[0001329806ms +044179ms] #00186 DATA 500k_8E1 5C C7 33 35 96 A5 35 9A 35 35 6A 5C C7 33 35 5A 35 65 35 35 35 35 35 56 35 35 6A 95 AA 35
