[0000067302ms +000000ms] #00001 DATA 500k_8E1 5C C7 33 56 56 A5 35 9A 35 35 A6 00 5C C7 33 35 5A 35 65 35 35 35 35 35 35 35 35 A9 95 AA 56
[0000067602ms +000300ms] #00002 DATA 500k_8E1 5C C7 33 56 96 A5 35 6A 35 35 99 5C C7 33 35 5A 35 65 35 35 99 99 35 35 35 35 A5 95 A6 56
[0000067903ms +000601ms] #00003 DATA 500k_8E1 5C C7 33 35 96 A5 35 9A 35 35 6A 00 5C C7 33 35 5A 35 65 35 35 35 35 35 35 35 35 A9 95 AA 56
[0000068211ms +000909ms] #00004 DATA 500k_8E1 5C C7 33 56 56 A5 35 9A 35 35 A6 00 5C C7 33 35 5A 35 65 35 35 35 35 35 35 35 35 A9 95 AA 56
[0000068509ms +001207ms] #00005 DATA 500k_8E1 5C C7 33 56 96 A5 35 6A 35 35 99 5C C7 33 35 5A 35 65 35 35 99 99 35 35 35 35 A5 95 A6 56
[0000068804ms +001502ms] #00006 DATA 500k_8E1 5C C7 33 35 96 A5 35 9A 35 35 6A 00
[0000068821ms +001519ms] #00007 DATA 500k_8E1 5C C7 33 35 96 A5 35 9A 35 35 6A 00 5C C7 33 35 5A 35 65 35 35 35 35 35 35 35 35 A9 95 AA 56
[0000069110ms +001808ms] #00008 DATA 500k_8E1 5C C7 33 56 56 A5 35 9A 35 35 A6 5C C7 33 35 5A 35 65 35 35 35 35 35 35 35 35 A9 95 AA 56
[0000069410ms +002108ms] #00009 DATA 500k_8E1 5C C7 33 56 96 A5 35 6A 35 35 99 5C C7 33 35 5A 35 65 35 35 99 99 35 35 35 35 A5 95 A6 56
[0000069711ms +002409ms] #00010 DATA 500k_8E1 5C C7 33 35 96 A5 35 9A 35 35 6A 5C C7 33 35 5A 35 65 35 35 35 35 35 35 35 35 A9 95 AA 56
[0000070011ms +002709ms] #00011 DATA 500k_8E1 5C C7 33 56 56 A5 35 9A 35 35 A6 C0 5C C7 33 35 5A 35 65 35 35 35 35 35 35 35 35 A9 95 AA 56
[0000070311ms +003009ms] #00012 DATA 500k_8E1 5C C7 33 56 96 A5 35 6A 35 35 99 5C C7 33 35 5A 35 65 35 35 99 99 35 35 35 35 A5 95 A6 56
[0000070610ms +003308ms] #00013 DATA 500k_8E1 5C C7 33 35 96 A5 35 9A 35 35 6A 00 5C C7 33 35 5A 35 65 35 35 35 35 35 35 35 35 A9 95 AA 56
[0000070768ms +003466ms] #00014 DATA 500k_8E1 5C C7 33 35 96 A5 65 9A AA A6 AA AA 5A AA AA A5 A6 A9 56 F8 5C C7 33 35 5A 35 35 65 35 35 56 5C C7 33 56 56 A5 65 99 59 AA AA 95 35 AA AA 95 5A A5 35 FF 5C C7 33 35 5A 35 35 65 35 35 56 5C C7 33 56 96 A5 65 99 35 AA AA 35 35 AA AA 9A 5A 99 56 FF 5C C7 33 35 5A 35 35 65 35 35 56
[0000070906ms +003604ms] #00015 DATA 500k_8E1 5C C7 33 56 56 A5 35 9A 35 35 A6
[0000070923ms +003621ms] #00016 DATA 500k_8E1 5C C7 33 56 56 A5 35 9A 35 35 A6 5C C7 33 35 5A 35 65 35 35 35 35 35 35 35 35 A9 95 AA 56
[0000071212ms +003910ms] #00017 DATA 500k_8E1 5C C7 33 56 96 A5 35 6A 35 35 99 5C C7 33 35 5A 35 65 35 35 99 99 35 35 35 35 A5 95 A6 56
[0000071510ms +004208ms] #00018 DATA 500k_8E1 5C C7 33 35 96 A5 35 9A 35 35 6A 5C C7 33 35 5A 35 65 35 35 35 35 35 35 35 35 A9 95 AA 56
[0000071811ms +004509ms] #00019 DATA 500k_8E1 5C C7 33 56 56 A5 35 9A 35 35 A6 00 5C C7 33 35 5A 35 65 35 35 35 35 35 35 35 35 A9 95 AA 56
[0000072111ms +004809ms] #00020 DATA 500k_8E1 5C C7 33 56 96 A5 35 6A 35 35 99 5C C7 33 35 5A 35 65 35 35 99 99 35 35 35 35 A5 95 A6 56
