[0000056183ms +000000ms] #00001 DATA 500k_8E1 5C C7 33 35 96 A5 35 9A 35 35 6A 5C C7 33 35 5A 35 65 35 35 35 35 35 35 35 35 A9 95 AA 56
[0000056483ms +000300ms] #00002 DATA 500k_8E1 5C C7 33 56 56 A5 35 9A 35 35 A6 00 5C C7 33 35 5A 35 65 35 35 35 35 35 35 35 35 A9 95 AA 56
[0000056784ms +000601ms] #00003 DATA 500k_8E1 5C C7 33 56 96 A5 35 6A 35 35 99 5C C7 33 35 5A 35 65 35 35 99 99 35 35 35 35 A5 95 A6 56
[0000057084ms +000901ms] #00004 DATA 500k_8E1 5C C7 33 35 96 A5 35 9A 35 35 6A 00 5C C7 33 35 5A 35 65 35 35 35 35 35 35 35 35 A9 95 AA 56
[0000057384ms +001201ms] #00005 DATA 500k_8E1 5C C7 33 56 56 A5 35 9A 35 35 A6 00 5C C7 33 35 5A 35 65 35 35 35 35 35 35 35 35 A9 95 AA 56
[0000057685ms +001502ms] #00006 DATA 500k_8E1 5C C7 33 56 96 A5 35 6A 35 35 99 F8
[0000057702ms +001519ms] #00007 DATA 500k_8E1 5C C7 33 56 96 A5 35 6A 35 35 99 00 5C C7 33 35 5A 35 65 35 35 99 99 35 35 35 35 A5 95 A6 56
[0000057983ms +001800ms] #00008 DATA 500k_8E1 5C C7 33 35 96 A5 35 9A 35 35 6A 00 5C C7 33 35 5A 35 65 35 35 35 35 35 56 35 35 6A 95 AA 35
[0000058283ms +002100ms] #00009 DATA 500k_8E1 5C C7 33 56 56 A5 35 9A 35 35 A6 5C C7 33 35 5A 35 65 35 35 35 35 35 35 35 35 A9 95 AA 56
[0000058584ms +002401ms] #00010 DATA 500k_8E1 5C C7 33 56 96 A5 35 6A 35 35 99 5C C7 33 35 5A 35 65 35 35 99 99 35 35 35 35 A5 95 A6 56
[0000058892ms +002709ms] #00011 DATA 500k_8E1 5C C7 33 35 96 A5 35 9A 35 35 6A 00 5C C7 33 35 5A 35 65 35 35 35 35 35 56 35 35 6A 95 AA 35
[0000059045ms +002862ms] #00012 DATA 500k_8E1 5C C7 33 35 96 A5 65 9A AA AA AA AA 5A AA AA 35 6A A9 35 FF
[0000059063ms +002880ms] #00013 DATA 500k_8E1 5C C7 33 35 96 A5 65 9A AA AA AA AA 5A AA AA 35 6A A9 35 FF 5C C7 33 35 5A 35 35 65 35 35 56 5C C7 33 56 56 A5 65 99 59 AA AA 95 35 AA AA 95 5A A5 35 FF 5C C7 33 35 5A 35 35 65 35 35 56 5C C7 33 56 96 A5 65 99 35 AA AA 35 35 AA AA 9A 5A 99 56 FF 5C C7 33 35 5A 35 35 65 35 35 56
[0000059184ms +003001ms] #00014 DATA 500k_8E1 5C C7 33 56 56 A5 35 9A 35 35 A6 5C C7 33 35 5A 35 65 35 35 35 35 35 35 35 35 A9 95 AA 56
[0000059493ms +003310ms] #00015 DATA 500k_8E1 5C C7 33 56 96 A5 35 6A 35 35 99 00 5C C7 33 35 5A 35 65 35 35 99 99 35 35 35 35 A5 95 A6 56
[0000059787ms +003604ms] #00016 DATA 500k_8E1 5C C7 33 35 96 A5 35 9A 35 35 6A 00 5C C7 33 35 5A 35 65 35 35 35 35 35 59 35 35 95 95 AA 35
[0000060090ms +003907ms] #00017 DATA 500k_8E1 5C C7 33 56 56 A5 35 9A 35 35 A6 5C C7 33 35 5A 35 65 35 35 35 35 35 35 35 35 A9 95 AA 56
[0000060390ms +004207ms] #00018 DATA 500k_8E1 5C C7 33 56 96 A5 35 6A 35 35 99 5C C7 33 35 5A 35 65 35 35 99 99 35 35 35 35 A5 95 A6 56
[0000060690ms +004507ms] #00019 DATA 500k_8E1 5C C7 33 35 96 A5 35 9A 35 35 6A 5C C7 33 35 5A 35 65 35 35 35 35 35 59 35 35 95 95 AA 35
[0000060991ms +004808ms] #00020 DATA 500k_8E1 5C C7 33 56 56 A5 35 9A 35 35 A6 5C C7 33 35 5A 35 65 35 35 35 35 35 35 35 35 A9 95 AA 56
[0000061293ms +005110ms] #00021 DATA 500k_8E1 5C C7 33 56 96 A5 35 6A 35 35 99 00 5C C7 33 35 5A 35 65 35 35 99 99 35 35 35 35 A5 95 A6 56
[0000061592ms +005409ms] #00022 DATA 500k_8E1 5C C7 33 35 96 A5 35 9A 35 35 6A 00 5C C7 33 35 5A 35 65 35 35 35 35 35 35 35 35 A9 95 AA 56
[0000061894ms +005711ms] #00023 DATA 500k_8E1 5C C7 33 56 56 A5 35 9A 35 35 A6 5C C7 33 35 5A 35 65 35 35 35 35 35 35 35 35 A9 95 AA 56
[0000062195ms +006012ms] #00024 DATA 500k_8E1 5C C7 33 56 96 A5 35 6A 35 35 99 5C C7 33 35 5A 35 65 35 35 99 99 35 35 35 35 A5 95 A6 56
[0000062495ms +006312ms] #00025 DATA 500k_8E1 5C C7 33 35 96 A5 35 9A 35 35 6A 5C C7 33 35 5A 35 65 35 35 35 35 35 65 35 35 59 95 AA 5A
[0000062795ms +006612ms] #00026 DATA 500k_8E1 5C C7 33 56 56 A5 35 9A 35 35 A6 00 5C C7 33 35 5A 35 65 35 35 35 35 35 35 35 35 A9 95 AA 56
[0000063096ms +006913ms] #00027 DATA 500k_8E1 5C C7 33 56 96 A5 35 6A 35 35 99 00 5C C7 33 35 5A 35 65 35 35 99 99 35 35 35 35 A5 95 A6 56
[0000063394ms +007211ms] #00028 DATA 500k_8E1 5C C7 33 35 96 A5 35 9A 35 35 6A 00 5C C7 33 35 5A 35 65 35 35 35 35 35 65 35 35 59 95 AA 5A
[0000063696ms +007513ms] #00029 DATA 500k_8E1 5C C7 33 56 56 A5 35 9A 35 35 A6 00 5C C7 33 35 5A 35 65 35 35 35 35 35 35 35 35 A9 95 AA 56
[0000063995ms +007812ms] #00030 DATA 500k_8E1 5C C7 33 56 96 A5 35 6A 35 35 99 80 5C C7 33 35 5A 35 65 35 35 99 99 35 35 35 35 A5 95 A6 56
[0000064051ms +007868ms] #00031 DATA 500k_8E1 5C C7 33 35 96 A5 65 9A AA AA AA AA 5A AA AA 35 6A A9 35 FF 5C C7 33 35 5A 35 35 65 35 35 56 5C C7 33 56 56 A5 65 99 59 AA AA 95 35 AA AA 95 5A A5 35 FF 5C C7 33 35 5A 35 35 65 35 35 56 5C C7 33 56 96 A5 65 99 35 AA AA 35 35 AA AA 9A 5A 99 56 FF 5C C7 33 35 5A 35 35 65 35 35 56
[0000064297ms +008114ms] #00032 DATA 500k_8E1 5C C7 33 35 96 A5 35 9A 35 35 6A 5C C7 33 35 5A 35 65 35 35 35 35 35 95 35 35 59 95 AA 69
[0000064594ms +008411ms] #00033 DATA 500k_8E1 5C C7 33 56 56 A5 35 9A 35 35 A6
[0000064608ms +008425ms] #00034 DATA 500k_8E1 5C C7 33 56 56 A5 35 9A 35 35 A6 5C C7 33 35 5A 35 65 35 35 35 35 35 35 35 35 A9 95 AA 56
[0000064898ms +008715ms] #00035 DATA 500k_8E1 5C C7 33 56 96 A5 35 6A 35 35 99 00 5C C7 33 35 5A 35 65 35 35 99 99 35 35 35 35 A5 95 A6 56
[0000065196ms +009013ms] #00036 DATA 500k_8E1 5C C7 33 35 96 A5 35 9A 35 35 6A 5C C7 33 35 5A 35 65 35 35 35 35 35 95 35 35 59 95 AA 69
[0000065487ms +009304ms] #00037 DATA 500k_8E1 5C C7 33 35 95 35 59 AA AA AA AA 5A 65 99 59 F8 5C C7 33 35 5A 35 35 65 35 35 56
[0000065499ms +009316ms] #00038 DATA 500k_8E1 5C C7 33 56 56 A5 35 9A 35 35 A6 00 5C C7 33 35 5A 35 65 35 35 35 35 35 35 35 35 A9 95 AA 56 5C C7 33 56 35 35 59 AA AA AA AA 96 65 99 65 F0
[0000065519ms +009336ms] #00039 DATA 500k_8E1 5C C7 33 56 35 35 59 AA AA AA AA 96 65 99 65 E0 5C C7 33 35 5A 35 35 65 35 35 56
[0000065531ms +009348ms] #00040 DATA 500k_8E1 5C C7 33 56 95 35 59 AA AA AA AA AA 65 99 69 00 5C C7 33 35 5A 35 35 65 35 35 56
[0000065797ms +009614ms] #00041 DATA 500k_8E1 5C C7 33 56 96 A5 35 6A 35 35 99 00 5C C7 33 35 5A 35 65 35 35 99 99 35 35 35 35 A5 95 A6 56
[0000066096ms +009913ms] #00042 DATA 500k_8E1 5C C7 33 35 96 A5 35 9A 35 35 6A 5C C7 33 35 5A 35 65 35 35 35 35 35 95 35 35 59 95 AA 69
[0000066396ms +010213ms] #00043 DATA 500k_8E1 5C C7 33 56 56 A5 35 9A 35 35 A6 5C C7 33 35 5A 35 65 35 35 35 35 35 35 35 35 A9 95 AA 56
[0000066697ms +010514ms] #00044 DATA 500k_8E1 5C C7 33 56 96 A5 35 6A 35 35 99 00 5C C7 33 35 5A 35 65 35 35 99 99 35 35 35 35 A5 95 A6 56
[0000066995ms +010812ms] #00045 DATA 500k_8E1 5C C7 33 35 96 A5 35 9A 35 35 6A 80 5C C7 33 35 5A 35 65 35 35 35 35 35 35 35 35 A9 95 AA 56
[0000067295ms +011112ms] #00046 DATA 500k_8E1 5C C7 33 56 56 A5 35 9A 35 35 A6 00 5C C7 33 35 5A 35 65 35 35 35 35 35 35 35 35 A9 95 AA 56
[0000067596ms +011413ms] #00047 DATA 500k_8E1 5C C7 33 56 96 A5 35 6A 35 35 99 5C C7 33 35 5A 35 65 35 35 99 99 35 35 35 35 A5 95 A6 56
[0000067904ms +011721ms] #00048 DATA 500k_8E1 5C C7 33 35 96 A5 35 9A 35 35 6A 5C C7 33 35 5A 35 65 35 35 35 35 56 35 35 35 59 95 AA A5
[0000068205ms +012022ms] #00049 DATA 500k_8E1 5C C7 33 56 56 A5 35 9A 35 35 A6 5C C7 33 35 5A 35 65 35 35 35 35 35 35 35 35 A9 95 AA 56
[0000068501ms +012318ms] #00050 DATA 500k_8E1 5C C7 33 56 96 A5 35 6A 35 35 99 5C C7 33 35 5A 35 65 35 35 99 99 35 35 35 35 A5 95 A6 56
[0000068805ms +012622ms] #00051 DATA 500k_8E1 5C C7 33 35 96 A5 35 9A 35 35 6A 5C C7 33 35 5A 35 65 35 35 35 35 35 35 35 35 A9 95 AA 56
[0000069062ms +012879ms] #00052 DATA 500k_8E1 5C C7 33 35 96 A5 65 9A AA AA AA AA 5A AA AA 35 6A A9 35 FF 5C C7 33 35 5A 35 35 65 35 35 56 5C C7 33 56 56 A5 65 99 59 AA AA 95 35 AA AA 95 5A A5 35 FF 5C C7 33 35 5A 35 35 65 35 35 56 5C C7 33 56 96 A5 65 99 35 AA AA 35 35 AA AA 9A 5A 99 56 FF 5C C7 33 35 5A 35 35 65 35 35 56
[0000069098ms +012915ms] #00053 DATA 500k_8E1 5C C7 33 56 56 A5 35 9A 35 35 A6 5C C7 33 35 5A 35 65 35 35 35 35 35 35 35 35 A9 95 AA 56
[0000069404ms +013221ms] #00054 DATA 500k_8E1 5C C7 33 56 96 A5 35 6A 35 35 99 00 5C C7 33 35 5A 35 65 35 35 99 99 35 35 35 35 A5 95 A6 56
[0000069703ms +013520ms] #00055 DATA 500k_8E1 5C C7 33 35 96 A5 35 9A 35 35 6A 00 5C C7 33 35 5A 35 65 35 35 35 35 59 35 35 35 59 95 A9 95
[0000070003ms +013820ms] #00056 DATA 500k_8E1 5C C7 33 56 56 A5 35 9A 35 35 A6 5C C7 33 35 5A 35 65 35 35 35 35 35 35 35 35 A9 95 AA 56
[0000070303ms +014120ms] #00057 DATA 500k_8E1 5C C7 33 56 96 A5 35 6A 35 35 99 5C C7 33 35 5A 35 65 35 35 99 99 35 35 35 35 A5 95 A6 56
[0000070602ms +014419ms] #00058 DATA 500k_8E1 5C C7 33 35 96 A5 35 9A 35 35 6A 5C C7 33 35 5A 35 65 35 35 35 35 35 35 35 35 A9 95 AA 56
[0000070902ms +014719ms] #00059 DATA 500k_8E1 5C C7 33 56 56 A5 35 9A 35 35 A6 5C C7 33 35 5A 35 65 35 35 35 35 35 35 35 35 A9 95 AA 56
[0000071203ms +015020ms] #00060 DATA 500k_8E1 5C C7 33 56 96 A5 35 6A 35 35 99 5C C7 33 35 5A 35 65 35 35 99 99 35 35 35 35 A5 95 A6 56
[0000071503ms +015320ms] #00061 DATA 500k_8E1 5C C7 33 35 96 A5 35 9A 35 35 6A 5C C7 33 35 5A 35 65 35 35 35 35 35 35 35 35 A9 95 AA 56
[0000071806ms +015623ms] #00062 DATA 500k_8E1 5C C7 33 56 56 A5 35 9A 35 35 A6 00 5C C7 33 35 5A 35 65 35 35 35 35 35 35 35 35 A9 95 AA 56
[0000072106ms +015923ms] #00063 DATA 500k_8E1 5C C7 33 56 96 A5 35 6A 35 35 99 5C C7 33 35 5A 35 65 35 35 99 99 35 35 35 35 A5 95 A6 56
[0000072404ms +016221ms] #00064 DATA 500k_8E1 5C C7 33 35 96 A5 35 9A 35 35 6A 5C C7 33 35 5A 35 65 35 35 35 35 65 35 35 35 59 95 A5 35
[0000072705ms +016522ms] #00065 DATA 500k_8E1 5C C7 33 56 56 A5 35 9A 35 35 A6 E0 5C C7 33 35 5A 35 65 35 35 35 35 35 35 35 35 A9 95 AA 56
[0000073005ms +016822ms] #00066 DATA 500k_8E1 5C C7 33 56 96 A5 35 6A 35 35 99 C0 5C C7 33 35 5A 35 65 35 35 99 99 35 35 35 35 A5 95 A6 56
[0000073310ms +017127ms] #00067 DATA 500k_8E1 5C C7 33 35 96 A5 35 9A 35 35 6A
[0000073327ms +017144ms] #00068 DATA 500k_8E1 5C C7 33 35 96 A5 35 9A 35 35 6A 00 5C C7 33 35 5A 35 65 35 35 35 35 65 35 35 35 59 95 A5 35
[0000073612ms +017429ms] #00069 DATA 500k_8E1 5C C7 33 56 56 A5 35 9A 35 35 A6 5C C7 33 35 5A 35 65 35 35 35 35 35 35 35 35 A9 95 AA 56
[0000073909ms +017726ms] #00070 DATA 500k_8E1 5C C7 33 56 96 A5 35 6A 35 35 99 5C C7 33 35 5A 35 65 35 35 99 99 35 35 35 35 A5 95 A6 56
[0000074067ms +017884ms] #00071 DATA 500k_8E1 5C C7 33 35 96 A5 65 9A AA AA AA AA 5A AA AA 35 6A A9 35 FE 5C C7 33 35 5A 35 35 65 35 35 56 5C C7 33 56 56 A5 65 99 59 AA AA 95 35 AA AA 95 5A A5 35 FF 5C C7 33 35 5A 35 35 65 35 35 56 5C C7 33 56 96 A5 65 99 35 AA AA 35 35 AA AA 9A 5A 99 56 FE 5C C7 33 35 5A 35 35 65 35 35 56
[0000074206ms +018023ms] #00072 DATA 500k_8E1 5C C7 33 35 96 A5 35 9A 35 35 6A
[0000074218ms +018035ms] #00073 DATA 500k_8E1 5C C7 33 35 96 A5 35 9A 35 35 6A 5C C7 33 35 5A 35 65 35 35 35 35 35 35 35 35 A9 95 AA 56
[0000074509ms +018326ms] #00074 DATA 500k_8E1 5C C7 33 56 56 A5 35 9A 35 35 A6 00 5C C7 33 35 5A 35 65 35 35 35 35 35 35 35 35 A9 95 AA 56
[0000074810ms +018627ms] #00075 DATA 500k_8E1 5C C7 33 56 96 A5 35 6A 35 35 99 5C C7 33 35 5A 35 65 35 35 99 99 35 35 35 35 A5 95 A6 56
[0000075108ms +018925ms] #00076 DATA 500k_8E1 5C C7 33 35 96 A5 35 9A 35 35 6A 5C C7 33 35 5A 35 65 35 35 35 35 95 35 35 35 59 95 96 35
[0000075409ms +019226ms] #00077 DATA 500k_8E1 5C C7 33 56 56 A5 35 9A 35 35 A6 5C C7 33 35 5A 35 65 35 35 35 35 35 35 35 35 A9 95 AA 56
[0000075711ms +019528ms] #00078 DATA 500k_8E1 5C C7 33 56 96 A5 35 6A 35 35 99 80
[0000075729ms +019546ms] #00079 DATA 500k_8E1 5C C7 33 56 96 A5 35 6A 35 35 99 5C C7 33 35 5A 35 65 35 35 99 99 35 35 35 35 A5 95 A6 56
[0000076008ms +019825ms] #00080 DATA 500k_8E1 5C C7 33 35 96 A5 35 9A 35 35 6A 00
[0000076020ms +019837ms] #00081 DATA 500k_8E1 5C C7 33 35 96 A5 35 9A 35 35 6A 5C C7 33 35 5A 35 65 35 35 35 35 95 35 35 35 59 95 96 35
[0000076310ms +020127ms] #00082 DATA 500k_8E1 5C C7 33 56 56 A5 35 9A 35 35 A6 00 5C C7 33 35 5A 35 65 35 35 35 35 35 35 35 35 A9 95 AA 56
[0000076498ms +020315ms] #00083 DATA 500k_8E1 5C C7 33 35 95 35 59 AA AA AA AA 5A 65 99 59 C0
[0000076510ms +020327ms] #00084 DATA 500k_8E1 5C C7 33 35 95 35 59 AA AA AA AA 5A 65 99 59 E0 5C C7 33 35 5A 35 35 65 35 35 56
[0000076523ms +020340ms] #00085 DATA 500k_8E1 5C C7 33 56 35 35 59 AA AA AA AA 96 65 99 65 E0 5C C7 33 35 5A 35 35 65 35 35 56
[0000076534ms +020351ms] #00086 DATA 500k_8E1 5C C7 33 56 95 35 59 AA AA AA AA AA 65 99 69 80 5C C7 33 35 5A 35 35 65 35 35 56
[0000076616ms +020433ms] #00087 DATA 500k_8E1 5C C7 33 56 96 A5 35 6A 35 35 99 5C C7 33 35 5A 35 65 35 35 99 99 35 35 35 35 A5 95 A6 56
[0000076915ms +020732ms] #00088 DATA 500k_8E1 5C C7 33 35 96 A5 35 9A 35 35 6A 00 5C C7 33 35 5A 35 65 35 35 35 35 35 35 35 35 A9 95 AA 56
[0000077216ms +021033ms] #00089 DATA 500k_8E1 5C C7 33 56 56 A5 35 9A 35 35 A6 5C C7 33 35 5A 35 65 35 35 35 35 35 35 35 35 A9 95 AA 56
[0000077518ms +021335ms] #00090 DATA 500k_8E1 5C C7 33 56 96 A5 35 6A 35 35 99 00
[0000077531ms +021348ms] #00091 DATA 500k_8E1 5C C7 33 56 96 A5 35 6A 35 35 99 5C C7 33 35 5A 35 65 35 35 99 99 35 35 35 35 A5 95 A6 56
[0000077814ms +021631ms] #00092 DATA 500k_8E1 5C C7 33 35 96 A5 35 9A 35 35 6A 5C C7 33 35 5A 35 65 35 35 35 35 35 35 35 56 59 95 5A 35
[0000078111ms +021928ms] #00093 DATA 500k_8E1 5C C7 33 56 56 A5 35 9A 35 35 A6 5C C7 33 35 5A 35 65 35 35 35 35 35 35 35 35 A9 95 AA 56
[0000078417ms +022234ms] #00094 DATA 500k_8E1 5C C7 33 56 96 A5 35 6A 35 35 99
[0000078432ms +022249ms] #00095 DATA 500k_8E1 5C C7 33 56 96 A5 35 6A 35 35 99
[0000078452ms +022269ms] #00096 DATA 500k_8E1 5C C7 33 56 96 A5 35 6A 35 35 99
[0000078472ms +022289ms] #00097 DATA 500k_8E1 5C C7 33 56 96 A5 35 6A 35 35 99 5C C7 33 35 5A 35 65 35 35 99 99 35 35 35 35 A5 95 A6 56
[0000078718ms +022535ms] #00098 DATA 500k_8E1 5C C7 33 35 96 A5 35 9A 35 35 6A 5C C7 33 35 5A 35 65 35 35 35 35 35 35 35 56 59 95 5A 35
[0000079020ms +022837ms] #00099 DATA 500k_8E1 5C C7 33 56 56 A5 35 9A 35 35 A6
[0000079033ms +022850ms] #00100 DATA 500k_8E1 5C C7 33 56 56 A5 35 9A 35 35 A6
[0000079053ms +022870ms] #00101 DATA 500k_8E1 5C C7 33 56 56 A5 35 9A 35 35 A6 5C C7 33 35 5A 35 65 35 35 35 35 35 35 35 35 A9 95 AA 56
[0000079078ms +022895ms] #00102 DATA 500k_8E1 5C C7 33 35 96 A5 65 9A AA AA AA AA 5A AA AA 35 6A A9 35 FF 5C C7 33 35 5A 35 35 65 35 35 56 5C C7 33 56 56 A5 65 99 59 AA AA 95 35 AA AA 95 5A A5 35 FF 5C C7 33 35 5A 35 35 65 35 35 56 5C C7 33 56 96 A5 65 99 35 AA AA 35 35 AA AA 9A 5A 99 56 FF 5C C7 33 35 5A 35 35 65 35 35 56
[0000079318ms +023135ms] #00103 DATA 500k_8E1 5C C7 33 56 96 A5 35 6A 35 35 99 5C C7 33 35 5A 35 65 35 35 99 99 35 35 35 35 A5 95 A6 56
[0000079617ms +023434ms] #00104 DATA 500k_8E1 5C C7 33 35 96 A5 35 9A 35 35 6A 5C C7 33 35 5A 35 65 35 35 35 35 35 35 35 35 A9 95 AA 56
[0000079917ms +023734ms] #00105 DATA 500k_8E1 5C C7 33 56 56 A5 35 9A 35 35 A6 5C C7 33 35 5A 35 65 35 35 35 35 35 35 35 35 A9 95 AA 56
[0000080218ms +024035ms] #00106 DATA 500k_8E1 5C C7 33 56 96 A5 35 6A 35 35 99 5C C7 33 35 5A 35 65 35 35 99 99 35 35 35 35 A5 95 A6 56
[0000080516ms +024333ms] #00107 DATA 500k_8E1 5C C7 33 35 96 A5 35 9A 35 35 6A 5C C7 33 35 5A 35 65 35 35 35 35 35 35 35 59 59 96 6A 35
[0000080817ms +024634ms] #00108 DATA 500k_8E1 5C C7 33 56 56 A5 35 9A 35 35 A6 00 5C C7 33 35 5A 35 65 35 35 35 35 35 35 35 35 A9 95 AA 56
[0000081117ms +024934ms] #00109 DATA 500k_8E1 5C C7 33 56 96 A5 35 6A 35 35 99 5C C7 33 35 5A 35 65 35 35 99 99 35 35 35 35 A5 95 A6 56
[0000081416ms +025233ms] #00110 DATA 500k_8E1 5C C7 33 35 96 A5 35 9A 35 35 6A 5C C7 33 35 5A 35 65 35 35 35 35 35 35 35 59 59 96 6A 35
[0000081716ms +025533ms] #00111 DATA 500k_8E1 5C C7 33 56 56 A5 35 9A 35 35 A6 5C C7 33 35 5A 35 65 35 35 35 35 35 35 35 35 A9 95 AA 56
[0000082016ms +025833ms] #00112 DATA 500k_8E1 5C C7 33 56 96 A5 35 6A 35 35 99 80 5C C7 33 35 5A 35 65 35 35 99 99 35 35 35 35 A5 95 A6 56
[0000082325ms +026142ms] #00113 DATA 500k_8E1 5C C7 33 35 96 A5 35 9A 35 35 6A 5C C7 33 35 5A 35 65 35 35 35 35 35 35 35 35 A9 95 AA 56
[0000082619ms +026436ms] #00114 DATA 500k_8E1 5C C7 33 56 56 A5 35 9A 35 35 A6 00 5C C7 33 35 5A 35 65 35 35 35 35 35 35 35 35 A9 95 AA 56
[0000082926ms +026743ms] #00115 DATA 500k_8E1 5C C7 33 56 96 A5 35 6A 35 35 99 5C C7 33 35 5A 35 65 35 35 99 99 35 35 35 35 A5 95 A6 56
[0000083220ms +027037ms] #00116 DATA 500k_8E1 5C C7 33 35 96 A5 35 9A 35 35 6A 00 5C C7 33 35 5A 35 65 35 35 35 35 35 35 35 65 59 9A AA 35
[0000083526ms +027343ms] #00117 DATA 500k_8E1 5C C7 33 56 56 A5 35 9A 35 35 A6
[0000083537ms +027354ms] #00118 DATA 500k_8E1 5C C7 33 56 56 A5 35 9A 35 35 A6 5C C7 33 35 5A 35 65 35 35 35 35 35 35 35 35 A9 95 AA 56
[0000083827ms +027644ms] #00119 DATA 500k_8E1 5C C7 33 56 96 A5 35 6A 35 35 99 5C C7 33 35 5A 35 65 35 35 99 99 35 35 35 35 A5 95 A6 56
[0000084086ms +027903ms] #00120 DATA 500k_8E1 5C C7 33 35 96 A5 65 9A AA AA AA AA 5A AA AA 35 6A A9 35 FF 5C C7 33 35 5A 35 35 65 35 35 56 5C C7 33 56 56 A5 65 99 59 AA AA 95 35 AA AA 95 5A A5 35 FF 5C C7 33 35 5A 35 35 65 35 35 56 5C C7 33 56 96 A5 65 99 35 AA AA 35 35 AA AA 9A 5A 99 56 FF 5C C7 33 35 5A 35 35 65 35 35 56
[0000084121ms +027938ms] #00121 DATA 500k_8E1 5C C7 33 35 96 A5 35 9A 35 35 6A 5C C7 33 35 5A 35 65 35 35 35 35 35 35 35 65 59 9A AA 35
[0000084424ms +028241ms] #00122 DATA 500k_8E1 5C C7 33 56 56 A5 35 9A 35 35 A6 80 5C C7 33 35 5A 35 65 35 35 35 35 35 35 35 35 A9 95 AA 56
[0000084724ms +028541ms] #00123 DATA 500k_8E1 5C C7 33 56 96 A5 35 6A 35 35 99 80
[0000084739ms +028556ms] #00124 DATA 500k_8E1 5C C7 33 56 96 A5 35 6A 35 35 99 5C C7 33 35 5A 35 65 35 35 99 99 35 35 35 35 A5 95 A6 56
[0000085028ms +028845ms] #00125 DATA 500k_8E1 5C C7 33 35 96 A5 35 9A 35 35 6A 5C C7 33 35 5A 35 65 35 35 35 35 35 35 35 65 59 9A AA 35
[0000085329ms +029146ms] #00126 DATA 500k_8E1 5C C7 33 56 56 A5 35 9A 35 35 A6 5C C7 33 35 5A 35 65 35 35 35 35 35 35 35 35 A9 95 AA 56
[0000085629ms +029446ms] #00127 DATA 500k_8E1 5C C7 33 56 96 A5 35 6A 35 35 99 00 5C C7 33 35 5A 35 65 35 35 99 99 35 35 35 35 A5 95 A6 56
[0000085928ms +029745ms] #00128 DATA 500k_8E1 5C C7 33 35 96 A5 35 9A 35 35 6A 00 5C C7 33 35 5A 35 65 35 35 35 35 35 35 35 35 A9 95 AA 56
[0000086228ms +030045ms] #00129 DATA 500k_8E1 5C C7 33 56 56 A5 35 9A 35 35 A6 5C C7 33 35 5A 35 65 35 35 35 35 35 35 35 35 A9 95 AA 56
[0000086531ms +030348ms] #00130 DATA 500k_8E1 5C C7 33 56 96 A5 35 6A 35 35 99 5C C7 33 35 5A 35 65 35 35 99 99 35 35 35 35 A5 95 A6 56
[0000086829ms +030646ms] #00131 DATA 500k_8E1 5C C7 33 35 96 A5 35 9A 35 35 6A 5C C7 33 35 5A 35 65 35 35 35 35 35 35 35 95 59 A9 AA 35
[0000087129ms +030946ms] #00132 DATA 500k_8E1 5C C7 33 56 56 A5 35 9A 35 35 A6 5C C7 33 35 5A 35 65 35 35 35 35 35 35 35 35 A9 95 AA 56
[0000087428ms +031245ms] #00133 DATA 500k_8E1 5C C7 33 56 96 A5 35 6A 35 35 99 5C C7 33 35 5A 35 65 35 35 99 99 35 35 35 35 A5 95 A6 56
[0000087514ms +031331ms] #00134 DATA 500k_8E1 5C C7 33 35 95 35 59 AA AA AA AA 5A 65 99 59 E0 5C C7 33 35 5A 35 35 65 35 35 56
[0000087531ms +031348ms] #00135 DATA 500k_8E1 5C C7 33 56 35 35 59 AA AA AA AA 96 65 99 65 C0 5C C7 33 35 5A 35 35 65 35 35 56
[0000087542ms +031359ms] #00136 DATA 500k_8E1 5C C7 33 56 95 35 59 AA AA AA AA AA 65 99 69 00 5C C7 33 35 5A 35 35 65 35 35 56
[0000087729ms +031546ms] #00137 DATA 500k_8E1 5C C7 33 35 96 A5 35 9A 35 35 6A 00 5C C7 33 35 5A 35 65 35 35 35 35 35 35 35 95 59 A9 AA 35
[0000088027ms +031844ms] #00138 DATA 500k_8E1 5C C7 33 56 56 A5 35 9A 35 35 A6 5C C7 33 35 5A 35 65 35 35 35 35 35 35 35 35 A9 95 AA 56
[0000088329ms +032146ms] #00139 DATA 500k_8E1 5C C7 33 56 96 A5 35 6A 35 35 99 5C C7 33 35 5A 35 65 35 35 99 99 35 35 35 35 A5 95 A6 56
[0000088628ms +032445ms] #00140 DATA 500k_8E1 5C C7 33 35 96 A5 35 9A 35 35 6A 5C C7 33 35 5A 35 65 35 35 35 35 35 35 35 35 A9 95 AA 56
[0000088928ms +032745ms] #00141 DATA 500k_8E1 5C C7 33 56 56 A5 35 9A 35 35 A6 5C C7 33 35 5A 35 65 35 35 35 35 35 35 35 35 A9 95 AA 56
[0000089087ms +032904ms] #00142 DATA 500k_8E1 5C C7 33 35 96 A5 65 9A AA AA AA AA 5A AA AA 35 6A A9 35 FF 5C C7 33 35 5A 35 35 65 35 35 56 5C C7 33 56 56 A5 65 99 59 AA AA 95 35 AA AA 95 5A A5 35 FF 5C C7 33 35 5A 35 35 65 35 35 56 5C C7 33 56 96 A5 65 99 35 AA AA 35 35 AA AA 9A 5A 99 56 FE 5C C7 33 35 5A 35 35 65 35 35 56
[0000089235ms +033052ms] #00143 DATA 500k_8E1 5C C7 33 56 96 A5 35 6A 35 35 99
[0000089253ms +033070ms] #00144 DATA 500k_8E1 5C C7 33 56 96 A5 35 6A 35 35 99 5C C7 33 35 5A 35 65 35 35 99 99 35 35 35 35 A5 95 A6 56
[0000089531ms +033348ms] #00145 DATA 500k_8E1 5C C7 33 35 96 A5 35 9A 35 35 6A 5C C7 33 35 5A 35 65 35 35 35 35 35 35 56 35 59 65 AA 35
[0000089832ms +033649ms] #00146 DATA 500k_8E1 5C C7 33 56 56 A5 35 9A 35 35 A6 00 5C C7 33 35 5A 35 65 35 35 35 35 35 35 35 35 A9 95 AA 56
[0000090132ms +033949ms] #00147 DATA 500k_8E1 5C C7 33 56 96 A5 35 6A 35 35 99 5C C7 33 35 5A 35 65 35 35 99 99 35 35 35 35 A5 95 A6 56
[0000090433ms +034250ms] #00148 DATA 500k_8E1 5C C7 33 35 96 A5 35 9A 35 35 6A 5C C7 33 35 5A 35 65 35 35 35 35 35 35 56 35 59 65 AA 35
[0000090733ms +034550ms] #00149 DATA 500k_8E1 5C C7 33 56 56 A5 35 9A 35 35 A6 5C C7 33 35 5A 35 65 35 35 35 35 35 35 35 35 A9 95 AA 56
[0000091035ms +034852ms] #00150 DATA 500k_8E1 5C C7 33 56 96 A5 35 6A 35 35 99 00 5C C7 33 35 5A 35 65 35 35 99 99 35 35 35 35 A5 95 A6 56
[0000091334ms +035151ms] #00151 DATA 500k_8E1 5C C7 33 35 96 A5 35 9A 35 35 6A 5C C7 33 35 5A 35 65 35 35 35 35 35 35 56 35 59 65 AA 35
[0000091634ms +035451ms] #00152 DATA 500k_8E1 5C C7 33 56 56 A5 35 9A 35 35 A6 00 5C C7 33 35 5A 35 65 35 35 35 35 35 35 35 35 A9 95 AA 56
[0000091937ms +035754ms] #00153 DATA 500k_8E1 5C C7 33 56 96 A5 35 6A 35 35 99 5C C7 33 35 5A 35 65 35 35 99 99 35 35 35 35 A5 95 A6 56
[0000092231ms +036048ms] #00154 DATA 500k_8E1 5C C7 33 35 96 A5 35 9A 35 35 6A 5C C7 33 35 5A 35 65 35 35 35 35 35 35 35 35 A9 95 AA 56
[0000092540ms +036357ms] #00155 DATA 500k_8E1 5C C7 33 56 56 A5 35 9A 35 35 A6 5C C7 33 35 5A 35 65 35 35 35 35 35 35 35 35 A9 95 AA 56
[0000092836ms +036653ms] #00156 DATA 500k_8E1 5C C7 33 56 96 A5 35 6A 35 35 99 5C C7 33 35 5A 35 65 35 35 99 99 35 35 35 35 A5 95 A6 56
[0000093135ms +036952ms] #00157 DATA 500k_8E1 5C C7 33 35 96 A5 35 9A 35 35 6A 00
[0000093147ms +036964ms] #00158 DATA 500k_8E1 5C C7 33 35 96 A5 35 9A 35 35 6A 00 5C C7 33 35 5A 35 65 35 35 35 35 35 35 59 35 5A 35 AA 35
[0000093437ms +037254ms] #00159 DATA 500k_8E1 5C C7 33 56 56 A5 35 9A 35 35 A6 00 5C C7 33 35 5A 35 65 35 35 35 35 35 35 35 35 A9 95 AA 56
[0000093738ms +037555ms] #00160 DATA 500k_8E1 5C C7 33 56 96 A5 35 6A 35 35 99
[0000093748ms +037565ms] #00161 DATA 500k_8E1 5C C7 33 56 96 A5 35 6A 35 35 99 5C C7 33 35 5A 35 65 35 35 99 99 35 35 35 35 A5 95 A6 56
[0000094038ms +037855ms] #00162 DATA 500k_8E1 5C C7 33 35 96 A5 35 9A 35 35 6A 00
[0000094049ms +037866ms] #00163 DATA 500k_8E1 5C C7 33 35 96 A5 35 9A 35 35 6A
[0000094069ms +037886ms] #00164 DATA 500k_8E1 5C C7 33 35 96 A5 35 9A 35 35 6A 00 5C C7 33 35 5A 35 65 35 35 35 35 35 35 59 35 5A 35 AA 35
[0000094095ms +037912ms] #00165 DATA 500k_8E1 5C C7 33 35 96 A5 65 9A AA AA AA AA 5A AA AA 35 6A A9 35 FF
[0000094109ms +037926ms] #00166 DATA 500k_8E1 5C C7 33 35 96 A5 65 9A AA AA AA AA 5A AA AA 35 6A A9 35 FF 5C C7 33 35 5A 35 35 65 35 35 56 5C C7 33 56 56 A5 65 99 59 AA AA 95 35 AA AA 95 5A A5 35 FF 5C C7 33 35 5A 35 35 65 35 35 56 5C C7 33 56 96 A5 65 99 35 AA AA 35 35 AA AA 9A 5A 99 56 FF 5C C7 33 35 5A 35 35 65 35 35 56
[0000094341ms +038158ms] #00167 DATA 500k_8E1 5C C7 33 56 56 A5 35 9A 35 35 A6
[0000094359ms +038176ms] #00168 DATA 500k_8E1 5C C7 33 56 56 A5 35 9A 35 35 A6
[0000094379ms +038196ms] #00169 DATA 500k_8E1 5C C7 33 56 56 A5 35 9A 35 35 A6
[0000094399ms +038216ms] #00170 DATA 500k_8E1 5C C7 33 56 56 A5 35 9A 35 35 A6 5C C7 33 35 5A 35 65 35 35 35 35 35 35 35 35 A9 95 AA 56
[0000094639ms +038456ms] #00171 DATA 500k_8E1 5C C7 33 56 96 A5 35 6A 35 35 99 5C C7 33 35 5A 35 65 35 35 99 99 35 35 35 35 A5 95 A6 56
[0000094938ms +038755ms] #00172 DATA 500k_8E1 5C C7 33 35 96 A5 35 9A 35 35 6A 00 5C C7 33 35 5A 35 65 35 35 35 35 35 35 59 35 5A 35 AA 35
[0000095238ms +039055ms] #00173 DATA 500k_8E1 5C C7 33 56 56 A5 35 9A 35 35 A6
[0000095250ms +039067ms] #00174 DATA 500k_8E1 5C C7 33 56 56 A5 35 9A 35 35 A6 00 5C C7 33 35 5A 35 65 35 35 35 35 35 35 35 35 A9 95 AA 56
[0000095540ms +039357ms] #00175 DATA 500k_8E1 5C C7 33 56 96 A5 35 6A 35 35 99 5C C7 33 35 5A 35 65 35 35 99 99 35 35 35 35 A5 95 A6 56
[0000095839ms +039656ms] #00176 DATA 500k_8E1 5C C7 33 35 96 A5 35 9A 35 35 6A 00 5C C7 33 35 5A 35 65 35 35 35 35 35 35 35 35 A9 95 AA 56
[0000096139ms +039956ms] #00177 DATA 500k_8E1 5C C7 33 56 56 A5 35 9A 35 35 A6 5C C7 33 35 5A 35 65 35 35 35 35 35 35 35 35 A9 95 AA 56
[0000096440ms +040257ms] #00178 DATA 500k_8E1 5C C7 33 56 96 A5 35 6A 35 35 99 5C C7 33 35 5A 35 65 35 35 99 99 35 35 35 35 A5 95 A6 56
[0000096742ms +040559ms] #00179 DATA 500k_8E1 5C C7 33 35 96 A5 35 9A 35 35 6A 5C C7 33 35 5A 35 65 35 35 35 35 35 35 65 35 56 95 AA 35
[0000097040ms +040857ms] #00180 DATA 500k_8E1 5C C7 33 56 56 A5 35 9A 35 35 A6 5C C7 33 35 5A 35 65 35 35 35 35 35 35 35 35 A9 95 AA 56
[0000097347ms +041164ms] #00181 DATA 500k_8E1 5C C7 33 56 96 A5 35 6A 35 35 99 5C C7 33 35 5A 35 65 35 35 99 99 35 35 35 35 A5 95 A6 56
[0000097639ms +041456ms] #00182 DATA 500k_8E1 5C C7 33 35 96 A5 35 9A 35 35 6A 5C C7 33 35 5A 35 65 35 35 35 35 35 35 65 35 56 95 AA 35
[0000097940ms +041757ms] #00183 DATA 500k_8E1 5C C7 33 56 56 A5 35 9A 35 35 A6 5C C7 33 35 5A 35 65 35 35 35 35 35 35 35 35 A9 95 AA 56
[0000098240ms +042057ms] #00184 DATA 500k_8E1 5C C7 33 56 96 A5 35 6A 35 35 99 80 5C C7 33 35 5A 35 65 35 35 99 99 35 35 35 35 A5 95 A6 56
[0000098531ms +042348ms] #00185 DATA 500k_8E1 5C C7 33 35 95 35 59 AA AA AA AA 5A 65 99 59 80 5C C7 33 35 5A 35 35 65 35 35 56
[0000098543ms +042360ms] #00186 DATA 500k_8E1 5C C7 33 35 96 A5 35 9A 35 35 6A 5C C7 33 35 5A 35 65 35 35 35 35 35 35 35 35 A9 95 AA 56 5C C7 33 56 35 35 59 AA AA AA AA 96 65 99 65 E0 5C C7 33 35 5A 35 35 65 35 35 56
[0000098561ms +042378ms] #00187 DATA 500k_8E1 5C C7 33 56 95 35 59 AA AA AA AA AA 65 99 69 5C C7 33 35 5A 35 35 65 35 35 56
[0000098847ms +042664ms] #00188 DATA 500k_8E1 5C C7 33 56 56 A5 35 9A 35 35 A6
[0000098864ms +042681ms] #00189 DATA 500k_8E1 5C C7 33 56 56 A5 35 9A 35 35 A6 5C C7 33 35 5A 35 65 35 35 35 35 35 35 35 35 A9 95 AA 56
[0000099104ms +042921ms] #00190 DATA 500k_8E1 5C C7 33 35 96 A5 65 9A AA AA AA AA 5A AA AA 35 6A A9 35 FE 5C C7 33 35 5A 35 35 65 35 35 56 5C C7 33 56 56 A5 65 99 59 AA AA 95 35 AA AA 95 5A A5 35 FE 5C C7 33 35 5A 35 35 65 35 35 56 5C C7 33 56 96 A5 65 99 35 AA AA 35 35 AA AA 9A 5A 99 56 FF 5C C7 33 35 5A 35 35 65 35 35 56
[0000099149ms +042966ms] #00191 DATA 500k_8E1 5C C7 33 56 96 A5 35 6A 35 35 99 00 5C C7 33 35 5A 35 65 35 35 99 99 35 35 35 35 A5 95 A6 56
[0000099448ms +043265ms] #00192 DATA 500k_8E1 5C C7 33 35 96 A5 35 9A 35 35 6A
[0000099464ms +043281ms] #00193 DATA 500k_8E1 5C C7 33 35 96 A5 35 9A 35 35 6A 5C C7 33 35 5A 35 65 35 35 35 35 35 35 95 35 65 95 AA 35
[0000099745ms +043562ms] #00194 DATA 500k_8E1 5C C7 33 56 56 A5 35 9A 35 35 A6 00 5C C7 33 35 5A 35 65 35 35 35 35 35 35 35 35 A9 95 AA 56
[0000100047ms +043864ms] #00195 DATA 500k_8E1 5C C7 33 56 96 A5 35 6A 35 35 99 5C C7 33 35 5A 35 65 35 35 99 99 35 35 35 35 A5 95 A6 56
[0000100345ms +044162ms] #00196 DATA 500k_8E1 5C C7 33 35 96 A5 35 9A 35 35 6A 5C C7 33 35 5A 35 65 35 35 35 35 35 35 95 35 65 95 AA 35
[0000100646ms +044463ms] #00197 DATA 500k_8E1 5C C7 33 56 56 A5 35 9A 35 35 A6 5C C7 33 35 5A 35 65 35 35 35 35 35 35 35 35 A9 95 AA 56
[0000100946ms +044763ms] #00198 DATA 500k_8E1 5C C7 33 56 96 A5 35 6A 35 35 99 5C C7 33 35 5A 35 65 35 35 99 99 35 35 35 35 A5 95 A6 56
[0000101245ms +045062ms] #00199 DATA 500k_8E1 5C C7 33 35 96 A5 35 9A 35 35 6A 5C C7 33 35 5A 35 65 35 35 35 35 35 35 95 35 65 95 AA 35
[0000101553ms +045370ms] #00200 DATA 500k_8E1 5C C7 33 56 56 A5 35 9A 35 35 A6 00 5C C7 33 35 5A 35 65 35 35 35 35 35 35 35 35 A9 95 AA 56
[0000101850ms +045667ms] #00201 DATA 500k_8E1 5C C7 33 56 96 A5 35 6A 35 35 99 5C C7 33 35 5A 35 65 35 35 99 99 35 35 35 35 A5 95 A6 56
[0000102154ms +045971ms] #00202 DATA 500k_8E1 5C C7 33 35 96 A5 35 9A 35 35 6A 5C C7 33 35 5A 35 65 35 35 35 35 35 35 35 35 A9 95 AA 56
[0000102449ms +046266ms] #00203 DATA 500k_8E1 5C C7 33 56 56 A5 35 9A 35 35 A6 00 5C C7 33 35 5A 35 65 35 35 35 35 35 56 35 35 6A 95 AA 35
[0000102749ms +046566ms] #00204 DATA 500k_8E1 5C C7 33 56 96 A5 35 6A 35 35 99 5C C7 33 35 5A 35 65 35 35 99 99 35 35 35 35 A5 95 A6 56
[0000103050ms +046867ms] #00205 DATA 500k_8E1 5C C7 33 35 96 A5 35 9A 35 35 6A 00
[0000103068ms +046885ms] #00206 DATA 500k_8E1 5C C7 33 35 96 A5 35 9A 35 35 6A 5C C7 33 35 5A 35 65 35 35 35 35 35 35 35 35 A9 95 AA 56
[0000103348ms +047165ms] #00207 DATA 500k_8E1 5C C7 33 56 56 A5 35 9A 35 35 A6 5C C7 33 35 5A 35 65 35 35 35 35 35 56 35 35 6A 95 AA 35
[0000103648ms +047465ms] #00208 DATA 500k_8E1 5C C7 33 56 96 A5 35 6A 35 35 99 FF 5C C7 33 35 5A 35 65 35 35 99 99 35 35 35 35 A5 95 A6 56
[0000103949ms +047766ms] #00209 DATA 500k_8E1 5C C7 33 35 96 A5 35 9A 35 35 6A 5C C7 33 35 5A 35 65 35 35 35 35 35 35 35 35 A9 95 AA 56
[0000104117ms +047934ms] #00210 DATA 500k_8E1 5C C7 33 35 96 A5 65 9A AA AA AA AA 5A AA AA 35 6A A9 35 FF 5C C7 33 35 5A 35 35 65 35 35 56 5C C7 33 56 56 A5 65 99 59 AA AA 95 35 AA AA 95 5A A5 35 FF 5C C7 33 35 5A 35 35 65 35 35 56 5C C7 33 56 96 A5 65 99 35 AA AA 35 35 AA AA 9A 5A 99 56 FF 5C C7 33 35 5A 35 35 65 35 35 56
[0000104257ms +048074ms] #00211 DATA 500k_8E1 5C C7 33 56 56 A5 35 9A 35 35 A6 5C C7 33 35 5A 35 65 35 35 35 35 35 56 35 35 6A 95 AA 35
[0000104558ms +048375ms] #00212 DATA 500k_8E1 5C C7 33 56 96 A5 35 6A 35 35 99 5C C7 33 35 5A 35 65 35 35 99 99 35 35 35 35 A5 95 A6 56
[0000104856ms +048673ms] #00213 DATA 500k_8E1 5C C7 33 35 96 A5 35 9A 35 35 6A 5C C7 33 35 5A 35 65 35 35 35 35 35 35 35 35 A9 95 AA 56
[0000105157ms +048974ms] #00214 DATA 500k_8E1 5C C7 33 56 56 A5 35 9A 35 35 A6 5C C7 33 35 5A 35 65 35 35 35 35 35 35 35 35 A9 95 AA 56
[0000105457ms +049274ms] #00215 DATA 500k_8E1 5C C7 33 56 96 A5 35 6A 35 35 99 00 5C C7 33 35 5A 35 65 35 35 99 99 35 35 35 35 A5 95 A6 56
[0000105756ms +049573ms] #00216 DATA 500k_8E1 5C C7 33 35 96 A5 35 9A 35 35 6A 5C C7 33 35 5A 35 65 35 35 35 35 35 35 35 35 A9 95 AA 56
[0000106058ms +049875ms] #00217 DATA 500k_8E1 5C C7 33 56 56 A5 35 9A 35 35 A6 5C C7 33 35 5A 35 65 35 35 35 35 35 59 35 35 95 95 AA 35
[0000106356ms +050173ms] #00218 DATA 500k_8E1 5C C7 33 56 96 A5 35 6A 35 35 99 5C C7 33 35 5A 35 65 35 35 99 99 35 35 35 35 A5 95 A6 56
[0000106661ms +050478ms] #00219 DATA 500k_8E1 5C C7 33 35 96 A5 35 9A 35 35 6A 5C C7 33 35 5A 35 65 35 35 35 35 35 35 35 35 A9 95 AA 56
[0000106957ms +050774ms] #00220 DATA 500k_8E1 5C C7 33 56 56 A5 35 9A 35 35 A6 5C C7 33 35 5A 35 65 35 35 35 35 35 59 35 35 95 95 AA 35
[0000107258ms +051075ms] #00221 DATA 500k_8E1 5C C7 33 56 96 A5 35 6A 35 35 99 5C C7 33 35 5A 35 65 35 35 99 99 35 35 35 35 A5 95 A6 56
[0000107558ms +051375ms] #00222 DATA 500k_8E1 5C C7 33 35 96 A5 35 9A 35 35 6A 5C C7 33 35 5A 35 65 35 35 35 35 35 35 35 35 A9 95 AA 56
[0000107859ms +051676ms] #00223 DATA 500k_8E1 5C C7 33 56 56 A5 35 9A 35 35 A6 00 5C C7 33 35 5A 35 65 35 35 35 35 35 59 35 35 95 95 AA 35
[0000108159ms +051976ms] #00224 DATA 500k_8E1 5C C7 33 56 96 A5 35 6A 35 35 99 00 5C C7 33 35 5A 35 65 35 35 99 99 35 35 35 35 A5 95 A6 56
[0000108457ms +052274ms] #00225 DATA 500k_8E1 5C C7 33 35 96 A5 35 9A 35 35 6A 5C C7 33 35 5A 35 65 35 35 35 35 35 35 35 35 A9 95 AA 56
[0000108758ms +052575ms] #00226 DATA 500k_8E1 5C C7 33 56 56 A5 35 9A 35 35 A6 80 5C C7 33 35 5A 35 65 35 35 35 35 35 35 35 35 A9 95 AA 56
[0000109058ms +052875ms] #00227 DATA 500k_8E1 5C C7 33 56 96 A5 35 6A 35 35 99 5C C7 33 35 5A 35 65 35 35 99 99 35 35 35 35 A5 95 A6 56
[0000109123ms +052940ms] #00228 DATA 500k_8E1 5C C7 33 35 96 A5 65 9A AA AA AA AA 5A AA AA 35 6A A9 35 FF 5C C7 33 35 5A 35 35 65 35 35 56 5C C7 33 56 56 A5 65 99 59 AA AA 95 35 AA AA 95 5A A5 35 FF 5C C7 33 35 5A 35 35 65 35 35 56 5C C7 33 56 96 A5 65 99 35 AA AA 35 35 AA AA 9A 5A 99 56 FF 5C C7 33 35 5A 35 35 65 35 35 56
[0000109364ms +053181ms] #00229 DATA 500k_8E1 5C C7 33 35 96 A5 35 9A 35 35 6A 5C C7 33 35 5A 35 65 35 35 35 35 35 35 35 35 A9 95 AA 56
[0000109553ms +053370ms] #00230 DATA 500k_8E1 5C C7 33 35 95 35 59 AA AA AA AA 5A 65 99 59 E0 5C C7 33 35 5A 35 35 65 35 35 56
[0000109567ms +053384ms] #00231 DATA 500k_8E1 5C C7 33 56 35 35 59 AA AA AA AA 96 65 99 65 00 5C C7 33 35 5A 35 35 65 35 35 56
[0000109579ms +053396ms] #00232 DATA 500k_8E1 5C C7 33 56 95 35 59 AA AA AA AA AA 65 99 69 00 5C C7 33 35 5A 35 35 65 35 35 56
[0000109661ms +053478ms] #00233 DATA 500k_8E1 5C C7 33 56 56 A5 35 9A 35 35 A6 5C C7 33 35 5A 35 65 35 35 35 35 35 65 35 35 59 95 AA 5A
[0000109961ms +053778ms] #00234 DATA 500k_8E1 5C C7 33 56 96 A5 35 6A 35 35 99 5C C7 33 35 5A 35 65 35 35 99 99 35 35 35 35 A5 95 A6 56
[0000110260ms +054077ms] #00235 DATA 500k_8E1 5C C7 33 35 96 A5 35 9A 35 35 6A 5C C7 33 35 5A 35 65 35 35 35 35 35 35 35 35 A9 95 AA 56
[0000110560ms +054377ms] #00236 DATA 500k_8E1 5C C7 33 56 56 A5 35 9A 35 35 A6 00 5C C7 33 35 5A 35 65 35 35 35 35 35 65 35 35 59 95 AA 5A
[0000110866ms +054683ms] #00237 DATA 500k_8E1 5C C7 33 56 96 A5 35 6A 35 35 99 5C C7 33 35 5A 35 65 35 35 99 99 35 35 35 35 A5 95 A6 56
[0000111161ms +054978ms] #00238 DATA 500k_8E1 5C C7 33 35 96 A5 35 9A 35 35 6A 5C C7 33 35 5A 35 65 35 35 35 35 35 35 35 35 A9 95 AA 56
[0000111459ms +055276ms] #00239 DATA 500k_8E1 5C C7 33 56 56 A5 35 9A 35 35 A6 00 5C C7 33 35 5A 35 65 35 35 35 35 35 65 35 35 59 95 AA 5A
[0000111765ms +055582ms] #00240 DATA 500k_8E1 5C C7 33 56 96 A5 35 6A 35 35 99 5C C7 33 35 5A 35 65 35 35 99 99 35 35 35 35 A5 95 A6 56
[0000112064ms +055881ms] #00241 DATA 500k_8E1 5C C7 33 35 96 A5 35 9A 35 35 6A 5C C7 33 35 5A 35 65 35 35 35 35 35 35 35 35 A9 95 AA 56
[0000112367ms +056184ms] #00242 DATA 500k_8E1 5C C7 33 56 56 A5 35 9A 35 35 A6 5C C7 33 35 5A 35 65 35 35 35 35 35 35 35 35 A9 95 AA 56
[0000112667ms +056484ms] #00243 DATA 500k_8E1 5C C7 33 56 96 A5 35 6A 35 35 99 5C C7 33 35 5A 35 65 35 35 99 99 35 35 35 35 A5 95 A6 56
[0000112966ms +056783ms] #00244 DATA 500k_8E1 5C C7 33 35 96 A5 35 9A 35 35 6A 00 5C C7 33 35 5A 35 65 35 35 35 35 35 35 35 35 A9 95 AA 56
[0000113268ms +057085ms] #00245 DATA 500k_8E1 5C C7 33 56 56 A5 35 9A 35 35 A6 00 5C C7 33 35 5A 35 65 35 35 35 35 35 95 35 35 59 95 AA 69
[0000113569ms +057386ms] #00246 DATA 500k_8E1 5C C7 33 56 96 A5 35 6A 35 35 99 00
[0000113579ms +057396ms] #00247 DATA 500k_8E1 5C C7 33 56 96 A5 35 6A 35 35 99 00 5C C7 33 35 5A 35 65 35 35 99 99 35 35 35 35 A5 95 A6 56
[0000113869ms +057686ms] #00248 DATA 500k_8E1 5C C7 33 35 96 A5 35 9A 35 35 6A 00 5C C7 33 35 5A 35 65 35 35 35 35 35 35 35 35 A9 95 AA 56
[0000114130ms +057947ms] #00249 DATA 500k_8E1 5C C7 33 35 96 A5 65 9A AA AA AA AA 5A AA AA 35 6A A9 35 FE 5C C7 33 35 5A 35 35 65 35 35 56 5C C7 33 56 56 A5 65 99 59 AA AA 95 35 AA AA 95 5A A5 35 FF 5C C7 33 35 5A 35 35 65 35 35 56 5C C7 33 56 96 A5 65 99 35 AA AA 35 35 AA AA 9A 5A 99 56 FF 5C C7 33 35 5A 35 35 65 35 35 56
[0000114166ms +057983ms] #00250 DATA 500k_8E1 5C C7 33 56 56 A5 35 9A 35 35 A6 5C C7 33 35 5A 35 65 35 35 35 35 35 95 35 35 59 95 AA 69
[0000114466ms +058283ms] #00251 DATA 500k_8E1 5C C7 33 56 96 A5 35 6A 35 35 99 5C C7 33 35 5A 35 65 35 35 99 99 35 35 35 35 A5 95 A6 56
[0000114765ms +058582ms] #00252 DATA 500k_8E1 5C C7 33 35 96 A5 35 9A 35 35 6A 5C C7 33 35 5A 35 65 35 35 35 35 35 35 35 35 A9 95 AA 56
[0000115067ms +058884ms] #00253 DATA 500k_8E1 5C C7 33 56 56 A5 35 9A 35 35 A6
[0000115081ms +058898ms] #00254 DATA 500k_8E1 5C C7 33 56 56 A5 35 9A 35 35 A6 5C C7 33 35 5A 35 65 35 35 35 35 35 35 35 35 A9 95 AA 56
[0000115369ms +059186ms] #00255 DATA 500k_8E1 5C C7 33 56 96 A5 35 6A 35 35 99 5C C7 33 35 5A 35 65 35 35 99 99 35 35 35 35 A5 95 A6 56
[0000115674ms +059491ms] #00256 DATA 500k_8E1 5C C7 33 35 96 A5 35 9A 35 35 6A 00 5C C7 33 35 5A 35 65 35 35 35 35 35 35 35 35 A9 95 AA 56
[0000115970ms +059787ms] #00257 DATA 500k_8E1 5C C7 33 56 56 A5 35 9A 35 35 A6 00 5C C7 33 35 5A 35 65 35 35 35 35 56 35 35 35 59 95 AA A5
[0000116267ms +060084ms] #00258 DATA 500k_8E1 5C C7 33 56 96 A5 35 6A 35 35 99 5C C7 33 35 5A 35 65 35 35 99 99 35 35 35 35 A5 95 A6 56
[0000116569ms +060386ms] #00259 DATA 500k_8E1 5C C7 33 35 96 A5 35 9A 35 35 6A 5C C7 33 35 5A 35 65 35 35 35 35 35 35 35 35 A9 95 AA 56
[0000116870ms +060687ms] #00260 DATA 500k_8E1 5C C7 33 56 56 A5 35 9A 35 35 A6 5C C7 33 35 5A 35 65 35 35 35 35 56 35 35 35 59 95 AA A5
[0000117172ms +060989ms] #00261 DATA 500k_8E1 5C C7 33 56 96 A5 35 6A 35 35 99 5C C7 33 35 5A 35 65 35 35 99 99 35 35 35 35 A5 95 A6 56
[0000117473ms +061290ms] #00262 DATA 500k_8E1 5C C7 33 35 96 A5 35 9A 35 35 6A 00 5C C7 33 35 5A 35 65 35 35 35 35 35 35 35 35 A9 95 AA 56
[0000117774ms +061591ms] #00263 DATA 500k_8E1 5C C7 33 56 56 A5 35 9A 35 35 A6 00 5C C7 33 35 5A 35 65 35 35 35 35 56 35 35 35 59 95 AA A5
[0000118076ms +061893ms] #00264 DATA 500k_8E1 5C C7 33 56 96 A5 35 6A 35 35 99 5C C7 33 35 5A 35 65 35 35 99 99 35 35 35 35 A5 95 A6 56
[0000118376ms +062193ms] #00265 DATA 500k_8E1 5C C7 33 35 96 A5 35 9A 35 35 6A 5C C7 33 35 5A 35 65 35 35 35 35 35 35 35 35 A9 95 AA 56
[0000118677ms +062494ms] #00266 DATA 500k_8E1 5C C7 33 56 56 A5 35 9A 35 35 A6 80
[0000118695ms +062512ms] #00267 DATA 500k_8E1 5C C7 33 56 56 A5 35 9A 35 35 A6 5C C7 33 35 5A 35 65 35 35 35 35 56 35 35 35 59 95 AA A5
[0000118975ms +062792ms] #00268 DATA 500k_8E1 5C C7 33 56 96 A5 35 6A 35 35 99 00 5C C7 33 35 5A 35 65 35 35 99 99 35 35 35 35 A5 95 A6 56
[0000119132ms +062949ms] #00269 DATA 500k_8E1 5C C7 33 35 96 A5 65 9A AA AA AA AA 5A AA AA 35 6A A9 35 FF 5C C7 33 35 5A 35 35 65 35 35 56 5C C7 33 56 56 A5 65 99 59 AA AA 95 35 AA AA 95 5A A5 35 FF 5C C7 33 35 5A 35 35 65 35 35 56 5C C7 33 56 96 A5 65 99 35 AA AA 35 35 AA AA 9A 5A 99 56 FF
[0000119155ms +062972ms] #00270 DATA 500k_8E1 5C C7 33 56 96 A5 65 99 35 AA AA 35 35 AA AA 9A 5A 99 56 FF 5C C7 33 35 5A 35 35 65 35 35 56
[0000119279ms +063096ms] #00271 DATA 500k_8E1 5C C7 33 35 96 A5 35 9A 35 35 6A
[0000119296ms +063113ms] #00272 DATA 500k_8E1 5C C7 33 35 96 A5 35 9A 35 35 6A
[0000119316ms +063133ms] #00273 DATA 500k_8E1 5C C7 33 35 96 A5 35 9A 35 35 6A 5C C7 33 35 5A 35 65 35 35 35 35 35 35 35 35 A9 95 AA 56
[0000119576ms +063393ms] #00274 DATA 500k_8E1 5C C7 33 56 56 A5 35 9A 35 35 A6 00 5C C7 33 35 5A 35 65 35 35 35 35 35 35 35 35 A9 95 AA 56
[0000119878ms +063695ms] #00275 DATA 500k_8E1 5C C7 33 56 96 A5 35 6A 35 35 99
[0000119896ms +063713ms] #00276 DATA 500k_8E1 5C C7 33 56 96 A5 35 6A 35 35 99 5C C7 33 35 5A 35 65 35 35 99 99 35 35 35 35 A5 95 A6 56
[0000120177ms +063994ms] #00277 DATA 500k_8E1 5C C7 33 35 96 A5 35 9A 35 35 6A 5C C7 33 35 5A 35 65 35 35 35 35 35 35 35 35 A9 95 AA 56
[0000120473ms +064290ms] #00278 DATA 500k_8E1 5C C7 33 56 56 A5 35 9A 35 35 A6 5C C7 33 35 5A 35 65 35 35 35 35 59 35 35 35 59 95 A9 95
[0000120626ms +064443ms] #00279 DATA 500k_8E1 5C C7 33 35 95 35 59 AA AA AA AA 5A 65 99 59 C0 5C C7 33 35 5A 35 35 65 35 35 56
[0000120638ms +064455ms] #00280 DATA 500k_8E1 5C C7 33 56 35 35 59 AA AA AA AA 96 65 99 65 80 5C C7 33 35 5A 35 35 65 35 35 56
[0000120650ms +064467ms] #00281 DATA 500k_8E1 5C C7 33 56 95 35 59 AA AA AA AA AA 65 99 69 00 5C C7 33 35 5A 35 35 65 35 35 56
[0000120777ms +064594ms] #00282 DATA 500k_8E1 5C C7 33 56 96 A5 35 6A 35 35 99 5C C7 33 35 5A 35 65 35 35 99 99 35 35 35 35 A5 95 A6 56
[0000121074ms +064891ms] #00283 DATA 500k_8E1 5C C7 33 35 96 A5 35 9A 35 35 6A 5C C7 33 35 5A 35 65 35 35 35 35 35 35 35 35 A9 95 AA 56
[0000121375ms +065192ms] #00284 DATA 500k_8E1 5C C7 33 56 56 A5 35 9A 35 35 A6 00 5C C7 33 35 5A 35 65 35 35 35 35 59 35 35 35 59 95 A9 95
[0000121675ms +065492ms] #00285 DATA 500k_8E1 5C C7 33 56 96 A5 35 6A 35 35 99
[0000121688ms +065505ms] #00286 DATA 500k_8E1 5C C7 33 56 96 A5 35 6A 35 35 99 5C C7 33 35 5A 35 65 35 35 99 99 35 35 35 35 A5 95 A6 56
[0000121978ms +065795ms] #00287 DATA 500k_8E1 5C C7 33 35 96 A5 35 9A 35 35 6A 5C C7 33 35 5A 35 65 35 35 35 35 35 35 35 35 A9 95 AA 56
[0000122280ms +066097ms] #00288 DATA 500k_8E1 5C C7 33 56 56 A5 35 9A 35 35 A6 00 5C C7 33 35 5A 35 65 35 35 35 35 35 35 35 35 A9 95 AA 56
[0000122581ms +066398ms] #00289 DATA 500k_8E1 5C C7 33 56 96 A5 35 6A 35 35 99 5C C7 33 35 5A 35 65 35 35 99 99 35 35 35 35 A5 95 A6 56
[0000122881ms +066698ms] #00290 DATA 500k_8E1 5C C7 33 35 96 A5 35 9A 35 35 6A 00 5C C7 33 35 5A 35 65 35 35 35 35 35 35 35 35 A9 95 AA 56
[0000123181ms +066998ms] #00291 DATA 500k_8E1 5C C7 33 56 56 A5 35 9A 35 35 A6 80 5C C7 33 35 5A 35 65 35 35 35 35 65 35 35 35 59 95 A5 35
[0000123484ms +067301ms] #00292 DATA 500k_8E1 5C C7 33 56 96 A5 35 6A 35 35 99 5C C7 33 35 5A 35 65 35 35 99 99 35 35 35 35 A5 95 A6 56
[0000123782ms +067599ms] #00293 DATA 500k_8E1 5C C7 33 35 96 A5 35 9A 35 35 6A 5C C7 33 35 5A 35 65 35 35 35 35 35 35 35 35 A9 95 AA 56
[0000124083ms +067900ms] #00294 DATA 500k_8E1 5C C7 33 56 56 A5 35 9A 35 35 A6 00 5C C7 33 35 5A 35 65 35 35 35 35 65 35 35 35 59 95 A5 35
[0000124147ms +067964ms] #00295 DATA 500k_8E1 5C C7 33 35 96 A5 65 9A AA AA AA AA 5A AA AA 35 6A A9 35 FF 5C C7 33 35 5A 35 35 65 35 35 56 5C C7 33 56 56 A5 65 99 59 AA AA 95 35 AA AA 95 5A A5 35 FF
[0000124161ms +067978ms] #00296 DATA 500k_8E1 5C C7 33 56 56 A5 65 99 59 AA AA 95 35 AA AA 95 5A A5 35 FF 5C C7 33 35 5A 35 35 65 35 35 56 5C C7 33 56 96 A5 65 99 35 AA AA 35 35 AA AA 9A 5A 99 56 FF 5C C7 33 35 5A 35 35 65 35 35 56
[0000124379ms +068196ms] #00297 DATA 500k_8E1 5C C7 33 56 96 A5 35 6A 35 35 99 5C C7 33 35 5A 35 65 35 35 99 99 35 35 35 35 A5 95 A6 56
[0000124688ms +068505ms] #00298 DATA 500k_8E1 5C C7 33 35 96 A5 35 9A 35 35 6A 5C C7 33 35 5A 35 65 35 35 35 35 35 35 35 35 A9 95 AA 56
[0000124982ms +068799ms] #00299 DATA 500k_8E1 5C C7 33 56 56 A5 35 9A 35 35 A6 5C C7 33 35 5A 35 65 35 35 35 35 65 35 35 35 59 95 A5 35
[0000125289ms +069106ms] #00300 DATA 500k_8E1 5C C7 33 56 96 A5 35 6A 35 35 99 5C C7 33 35 5A 35 65 35 35 99 99 35 35 35 35 A5 95 A6 56
[0000125583ms +069400ms] #00301 DATA 500k_8E1 5C C7 33 35 96 A5 35 9A 35 35 6A 5C C7 33 35 5A 35 65 35 35 35 35 35 35 35 35 A9 95 AA 56
[0000125888ms +069705ms] #00302 DATA 500k_8E1 5C C7 33 56 56 A5 35 9A 35 35 A6 5C C7 33 35 5A 35 65 35 35 35 35 35 35 35 35 A9 95 AA 56
[0000126188ms +070005ms] #00303 DATA 500k_8E1 5C C7 33 56 96 A5 35 6A 35 35 99 5C C7 33 35 5A 35 65 35 35 99 99 35 35 35 35 A5 95 A6 56
[0000126487ms +070304ms] #00304 DATA 500k_8E1 5C C7 33 35 96 A5 35 9A 35 35 6A 5C C7 33 35 5A 35 65 35 35 35 35 35 35 35 35 A9 95 AA 56
[0000126787ms +070604ms] #00305 DATA 500k_8E1 5C C7 33 56 56 A5 35 9A 35 35 A6 5C C7 33 35 5A 35 65 35 35 35 35 95 35 35 35 59 95 96 35
[0000127088ms +070905ms] #00306 DATA 500k_8E1 5C C7 33 56 96 A5 35 6A 35 35 99 00 5C C7 33 35 5A 35 65 35 35 99 99 35 35 35 35 A5 95 A6 56
[0000127388ms +071205ms] #00307 DATA 500k_8E1 5C C7 33 35 96 A5 35 9A 35 35 6A 5C C7 33 35 5A 35 65 35 35 35 35 35 35 35 35 A9 95 AA 56
[0000127689ms +071506ms] #00308 DATA 500k_8E1 5C C7 33 56 56 A5 35 9A 35 35 A6 5C C7 33 35 5A 35 65 35 35 35 35 95 35 35 35 59 95 96 35
[0000127991ms +071808ms] #00309 DATA 500k_8E1 5C C7 33 56 96 A5 35 6A 35 35 99 00 5C C7 33 35 5A 35 65 35 35 99 99 35 35 35 35 A5 95 A6 56
[0000128290ms +072107ms] #00310 DATA 500k_8E1 5C C7 33 35 96 A5 35 9A 35 35 6A 5C C7 33 35 5A 35 65 35 35 35 35 35 35 35 35 A9 95 AA 56
[0000128590ms +072407ms] #00311 DATA 500k_8E1 5C C7 33 56 56 A5 35 9A 35 35 A6 5C C7 33 35 5A 35 65 35 35 35 35 95 35 35 35 59 95 96 35
[0000128891ms +072708ms] #00312 DATA 500k_8E1 5C C7 33 56 96 A5 35 6A 35 35 99 5C C7 33 35 5A 35 65 35 35 99 99 35 35 35 35 A5 95 A6 56
[0000129149ms +072966ms] #00313 DATA 500k_8E1 5C C7 33 35 96 A5 65 9A AA AA AA AA 5A AA AA 35 6A A9 35 FF 5C C7 33 35 5A 35 35 65 35 35 56 5C C7 33 56 56 A5 65 99 59 AA AA 95 35 AA AA 95 5A A5 35 FF 5C C7 33 35 5A 35 35 65 35 35 56 5C C7 33 56 96 A5 65 99 35 AA AA 35 35 AA AA 9A 5A 99 56 FF 5C C7 33 35 5A 35 35 65 35 35 56
[0000129195ms +073012ms] #00314 DATA 500k_8E1 5C C7 33 35 96 A5 35 9A 35 35 6A 00 5C C7 33 35 5A 35 65 35 35 35 35 35 35 35 35 A9 95 AA 56
[0000129496ms +073313ms] #00315 DATA 500k_8E1 5C C7 33 56 56 A5 35 9A 35 35 A6 00 5C C7 33 35 5A 35 65 35 35 35 35 35 35 35 35 A9 95 AA 56
[0000129792ms +073609ms] #00316 DATA 500k_8E1 5C C7 33 56 96 A5 35 6A 35 35 99 00 5C C7 33 35 5A 35 65 35 35 99 99 35 35 35 35 A5 95 A6 56
[0000130089ms +073906ms] #00317 DATA 500k_8E1 5C C7 33 35 96 A5 35 9A 35 35 6A 5C C7 33 35 5A 35 65 35 35 35 35 35 35 35 35 A9 95 AA 56
[0000130395ms +074212ms] #00318 DATA 500k_8E1 5C C7 33 56 56 A5 35 9A 35 35 A6 5C C7 33 35 5A 35 65 35 35 35 35 35 35 35 56 59 95 5A 35
[0000130698ms +074515ms] #00319 DATA 500k_8E1 5C C7 33 56 96 A5 35 6A 35 35 99 00 5C C7 33 35 5A 35 65 35 35 99 99 35 35 35 35 A5 95 A6 56
[0000130996ms +074813ms] #00320 DATA 500k_8E1 5C C7 33 35 96 A5 35 9A 35 35 6A 5C C7 33 35 5A 35 65 35 35 35 35 35 35 35 35 A9 95 AA 56
[0000131297ms +075114ms] #00321 DATA 500k_8E1 5C C7 33 56 56 A5 35 9A 35 35 A6 5C C7 33 35 5A 35 65 35 35 35 35 35 35 35 56 59 95 5A 35
[0000131587ms +075404ms] #00322 DATA 500k_8E1 5C C7 33 35 95 35 59 AA AA AA AA 5A 65 99 59 F0 5C C7 33 35 5A 35 35 65 35 35 56
[0000131599ms +075416ms] #00323 DATA 500k_8E1 5C C7 33 56 96 A5 35 6A 35 35 99 5C C7 33 35 5A 35 65 35 35 99 99 35 35 35 35 A5 95 A6 56 5C C7 33 56 35 35 59 AA AA AA AA 96 65 99 65 F0 5C C7 33 35 5A 35 35 65 35 35 56
[0000131615ms +075432ms] #00324 DATA 500k_8E1 5C C7 33 56 95 35 59 AA AA AA AA AA 65 99 69 80 5C C7 33 35 5A 35 35 65 35 35 56
[0000131892ms +075709ms] #00325 DATA 500k_8E1 5C C7 33 35 96 A5 35 9A 35 35 6A 5C C7 33 35 5A 35 65 35 35 35 35 35 35 35 35 A9 95 AA 56
[0000132192ms +076009ms] #00326 DATA 500k_8E1 5C C7 33 56 56 A5 35 9A 35 35 A6 5C C7 33 35 5A 35 65 35 35 35 35 35 35 35 35 A9 95 AA 56
[0000132493ms +076310ms] #00327 DATA 500k_8E1 5C C7 33 56 96 A5 35 6A 35 35 99 5C C7 33 35 5A 35 65 35 35 99 99 35 35 35 35 A5 95 A6 56
[0000132802ms +076619ms] #00328 DATA 500k_8E1 5C C7 33 35 96 A5 35 9A 35 35 6A 00 5C C7 33 35 5A 35 65 35 35 35 35 35 35 35 35 A9 95 AA 56
[0000133102ms +076919ms] #00329 DATA 500k_8E1 5C C7 33 56 56 A5 35 9A 35 35 A6 5C C7 33 35 5A 35 65 35 35 35 35 35 35 35 59 59 96 6A 35
[0000133402ms +077219ms] #00330 DATA 500k_8E1 5C C7 33 56 96 A5 35 6A 35 35 99 5C C7 33 35 5A 35 65 35 35 99 99 35 35 35 35 A5 95 A6 56
[0000133701ms +077518ms] #00331 DATA 500k_8E1 5C C7 33 35 96 A5 35 9A 35 35 6A 00 5C C7 33 35 5A 35 65 35 35 35 35 35 35 35 35 A9 95 AA 56
[0000134001ms +077818ms] #00332 DATA 500k_8E1 5C C7 33 56 56 A5 35 9A 35 35 A6 00 5C C7 33 35 5A 35 65 35 35 35 35 35 35 35 59 59 96 6A 35
[0000134160ms +077977ms] #00333 DATA 500k_8E1 5C C7 33 35 96 A5 65 9A AA AA AA AA 5A AA AA 35 6A A9 35 FF 5C C7 33 35 5A 35 35 65 35 35 56 5C C7 33 56 56 A5 65 99 59 AA AA 95 35 AA AA 95 5A A5 35 FF 5C C7 33 35 5A 35 35 65 35 35 56 5C C7 33 56 96 A5 65 99 35 AA AA 35 35 AA AA 9A 5A 99 56 FF 5C C7 33 35 5A 35 35 65 35 35 56
[0000134300ms +078117ms] #00334 DATA 500k_8E1 5C C7 33 56 96 A5 35 6A 35 35 99
[0000134313ms +078130ms] #00335 DATA 500k_8E1 5C C7 33 56 96 A5 35 6A 35 35 99 5C C7 33 35 5A 35 65 35 35 99 99 35 35 35 35 A5 95 A6 56
[0000134598ms +078415ms] #00336 DATA 500k_8E1 5C C7 33 35 96 A5 35 9A 35 35 6A 5C C7 33 35 5A 35 65 35 35 35 35 35 35 35 35 A9 95 AA 56
[0000134896ms +078713ms] #00337 DATA 500k_8E1 5C C7 33 56 56 A5 35 9A 35 35 A6 5C C7 33 35 5A 35 65 35 35 35 35 35 35 35 35 A9 95 AA 56
[0000135203ms +079020ms] #00338 DATA 500k_8E1 5C C7 33 56 96 A5 35 6A 35 35 99 00 5C C7 33 35 5A 35 65 35 35 99 99 35 35 35 35 A5 95 A6 56
[0000135501ms +079318ms] #00339 DATA 500k_8E1 5C C7 33 35 96 A5 35 9A 35 35 6A 5C C7 33 35 5A 35 65 35 35 35 35 35 35 35 35 A9 95 AA 56
[0000135802ms +079619ms] #00340 DATA 500k_8E1 5C C7 33 56 56 A5 35 9A 35 35 A6 5C C7 33 35 5A 35 65 35 35 35 35 35 35 35 65 59 9A AA 35
[0000136102ms +079919ms] #00341 DATA 500k_8E1 5C C7 33 56 96 A5 35 6A 35 35 99 00 5C C7 33 35 5A 35 65 35 35 99 99 35 35 35 35 A5 95 A6 56
[0000136401ms +080218ms] #00342 DATA 500k_8E1 5C C7 33 35 96 A5 35 9A 35 35 6A 5C C7 33 35 5A 35 65 35 35 35 35 35 35 35 35 A9 95 AA 56
[0000136701ms +080518ms] #00343 DATA 500k_8E1 5C C7 33 56 56 A5 35 9A 35 35 A6 5C C7 33 35 5A 35 65 35 35 35 35 35 35 35 65 59 9A AA 35
[0000137002ms +080819ms] #00344 DATA 500k_8E1 5C C7 33 56 96 A5 35 6A 35 35 99 00 5C C7 33 35 5A 35 65 35 35 99 99 35 35 35 35 A5 95 A6 56
[0000137301ms +081118ms] #00345 DATA 500k_8E1 5C C7 33 35 96 A5 35 9A 35 35 6A 5C C7 33 35 5A 35 65 35 35 35 35 35 35 35 35 A9 95 AA 56
[0000137603ms +081420ms] #00346 DATA 500k_8E1 5C C7 33 56 56 A5 35 9A 35 35 A6 5C C7 33 35 5A 35 65 35 35 35 35 35 35 35 35 A9 95 AA 56
[0000137903ms +081720ms] #00347 DATA 500k_8E1 5C C7 33 56 96 A5 35 6A 35 35 99
[0000137918ms +081735ms] #00348 DATA 500k_8E1 5C C7 33 56 96 A5 35 6A 35 35 99 00
[0000137938ms +081755ms] #00349 DATA 500k_8E1 5C C7 33 56 96 A5 35 6A 35 35 99 5C C7 33 35 5A 35 65 35 35 99 99 35 35 35 35 A5 95 A6 56
[0000138206ms +082023ms] #00350 DATA 500k_8E1 5C C7 33 35 96 A5 35 9A 35 35 6A 5C C7 33 35 5A 35 65 35 35 35 35 35 35 35 35 A9 95 AA 56
[0000138506ms +082323ms] #00351 DATA 500k_8E1 5C C7 33 56 56 A5 35 9A 35 35 A6 5C C7 33 35 5A 35 65 35 35 35 35 35 35 35 95 59 A9 AA 35
[0000138807ms +082624ms] #00352 DATA 500k_8E1 5C C7 33 56 96 A5 35 6A 35 35 99 00 5C C7 33 35 5A 35 65 35 35 99 99 35 35 35 35 A5 95 A6 56
[0000139111ms +082928ms] #00353 DATA 500k_8E1 5C C7 33 35 96 A5 35 9A 35 35 6A 5C C7 33 35 5A 35 65 35 35 35 35 35 35 35 35 A9 95 AA 56
[0000139170ms +082987ms] #00354 DATA 500k_8E1 5C C7 33 35 96 A5 65 9A AA AA AA AA 5A AA AA 35 6A A9 35 FF 5C C7 33 35 5A 35 35 65 35 35 56 5C C7 33 56 56 A5 65 99 59 AA AA 95 35 AA AA 95 5A A5 35 FF 5C C7 33 35 5A 35 35 65 35 35 56 5C C7 33 56 96 A5 65 99 35 AA AA 35 35 AA AA 9A 5A 99 56 FF 5C C7 33 35 5A 35 35 65 35 35 56
[0000139404ms +083221ms] #00355 DATA 500k_8E1 5C C7 33 56 56 A5 35 9A 35 35 A6 5C C7 33 35 5A 35 65 35 35 35 35 35 35 35 95 59 A9 AA 35
[0000139710ms +083527ms] #00356 DATA 500k_8E1 5C C7 33 56 96 A5 35 6A 35 35 99 00 5C C7 33 35 5A 35 65 35 35 99 99 35 35 35 35 A5 95 A6 56
[0000140013ms +083830ms] #00357 DATA 500k_8E1 5C C7 33 35 96 A5 35 9A 35 35 6A 5C C7 33 35 5A 35 65 35 35 35 35 35 35 35 35 A9 95 AA 56
[0000140313ms +084130ms] #00358 DATA 500k_8E1 5C C7 33 56 56 A5 35 9A 35 35 A6 5C C7 33 35 5A 35 65 35 35 35 35 35 35 35 35 A9 95 AA 56
[0000140613ms +084430ms] #00359 DATA 500k_8E1 5C C7 33 56 96 A5 35 6A 35 35 99 00 5C C7 33 35 5A 35 65 35 35 99 99 35 35 35 35 A5 95 A6 56
[0000140912ms +084729ms] #00360 DATA 500k_8E1 5C C7 33 35 96 A5 35 9A 35 35 6A 5C C7 33 35 5A 35 65 35 35 35 35 35 35 35 35 A9 95 AA 56
[0000141212ms +085029ms] #00361 DATA 500k_8E1 5C C7 33 56 56 A5 35 9A 35 35 A6 00 5C C7 33 35 5A 35 65 35 35 35 35 35 35 56 35 59 65 AA 35
[0000141513ms +085330ms] #00362 DATA 500k_8E1 5C C7 33 56 96 A5 35 6A 35 35 99 5C C7 33 35 5A 35 65 35 35 99 99 35 35 35 35 A5 95 A6 56
[0000141811ms +085628ms] #00363 DATA 500k_8E1 5C C7 33 35 96 A5 35 9A 35 35 6A 5C C7 33 35 5A 35 65 35 35 35 35 35 35 35 35 A9 95 AA 56
[0000142112ms +085929ms] #00364 DATA 500k_8E1 5C C7 33 56 56 A5 35 9A 35 35 A6 5C C7 33 35 5A 35 65 35 35 35 35 35 35 56 35 59 65 AA 35
[0000142412ms +086229ms] #00365 DATA 500k_8E1 5C C7 33 56 96 A5 35 6A 35 35 99 00 5C C7 33 35 5A 35 65 35 35 99 99 35 35 35 35 A5 95 A6 56
[0000142599ms +086416ms] #00366 DATA 500k_8E1 5C C7 33 35 95 35 59 AA AA AA AA 5A 65 99 59 E0 5C C7 33 35 5A 35 35 65 35 35 56
[0000142613ms +086430ms] #00367 DATA 500k_8E1 5C C7 33 56 35 35 59 AA AA AA AA 96 65 99 65 E0 5C C7 33 35 5A 35 35 65 35 35 56
[0000142625ms +086442ms] #00368 DATA 500k_8E1 5C C7 33 56 95 35 59 AA AA AA AA AA 65 99 69 00 5C C7 33 35 5A 35 35 65 35 35 56
[0000142717ms +086534ms] #00369 DATA 500k_8E1 5C C7 33 35 96 A5 35 9A 35 35 6A 00 5C C7 33 35 5A 35 65 35 35 35 35 35 35 35 35 A9 95 AA 56
[0000143017ms +086834ms] #00370 DATA 500k_8E1 5C C7 33 56 56 A5 35 9A 35 35 A6 5C C7 33 35 5A 35 65 35 35 35 35 35 35 35 35 A9 95 AA 56
[0000143318ms +087135ms] #00371 DATA 500k_8E1 5C C7 33 56 96 A5 35 6A 35 35 99 00
[0000143334ms +087151ms] #00372 DATA 500k_8E1 5C C7 33 56 96 A5 35 6A 35 35 99 5C C7 33 35 5A 35 65 35 35 99 99 35 35 35 35 A5 95 A6 56
[0000143612ms +087429ms] #00373 DATA 500k_8E1 5C C7 33 35 96 A5 35 9A 35 35 6A 5C C7 33 35 5A 35 65 35 35 35 35 35 35 35 35 A9 95 AA 56
[0000143919ms +087736ms] #00374 DATA 500k_8E1 5C C7 33 56 56 A5 35 9A 35 35 A6 5C C7 33 35 5A 35 65 35 35 35 35 35 35 59 35 5A 35 AA 35
[0000144176ms +087993ms] #00375 DATA 500k_8E1 5C C7 33 35 96 A5 65 9A AA AA AA AA 5A AA AA 35 6A A9 35 FF 5C C7 33 35 5A 35 35 65 35 35 56 5C C7 33 56 56 A5 65 99 59 AA AA 95 35 AA AA 95 5A A5 35 FF 5C C7 33 35 5A 35 35 65 35 35 56 5C C7 33 56 96 A5 65 99 35 AA AA 35 35 AA AA 9A 5A 99 56 FF 5C C7 33 35 5A 35 35 65 35 35 56
[0000144211ms +088028ms] #00376 DATA 500k_8E1 5C C7 33 56 96 A5 35 6A 35 35 99 00 5C C7 33 35 5A 35 65 35 35 99 99 35 35 35 35 A5 95 A6 56
[0000144516ms +088333ms] #00377 DATA 500k_8E1 5C C7 33 35 96 A5 35 9A 35 35 6A 00 5C C7 33 35 5A 35 65 35 35 35 35 35 35 35 35 A9 95 AA 56
[0000144818ms +088635ms] #00378 DATA 500k_8E1 5C C7 33 56 56 A5 35 9A 35 35 A6 5C C7 33 35 5A 35 65 35 35 35 35 35 35 59 35 5A 35 AA 35
[0000145119ms +088936ms] #00379 DATA 500k_8E1 5C C7 33 56 96 A5 35 6A 35 35 99 80 5C C7 33 35 5A 35 65 35 35 99 99 35 35 35 35 A5 95 A6 56
[0000145417ms +089234ms] #00380 DATA 500k_8E1 5C C7 33 35 96 A5 35 9A 35 35 6A 00 5C C7 33 35 5A 35 65 35 35 35 35 35 35 35 35 A9 95 AA 56
[0000145718ms +089535ms] #00381 DATA 500k_8E1 5C C7 33 56 56 A5 35 9A 35 35 A6 5C C7 33 35 5A 35 65 35 35 35 35 35 35 59 35 5A 35 AA 35
[0000146018ms +089835ms] #00382 DATA 500k_8E1 5C C7 33 56 96 A5 35 6A 35 35 99 5C C7 33 35 5A 35 65 35 35 99 99 35 35 35 35 A5 95 A6 56
[0000146317ms +090134ms] #00383 DATA 500k_8E1 5C C7 33 35 96 A5 35 9A 35 35 6A 00 5C C7 33 35 5A 35 65 35 35 35 35 35 35 35 35 A9 95 AA 56
[0000146619ms +090436ms] #00384 DATA 500k_8E1 5C C7 33 56 56 A5 35 9A 35 35 A6 00 5C C7 33 35 5A 35 65 35 35 35 35 35 35 65 35 56 95 AA 35
[0000146921ms +090738ms] #00385 DATA 500k_8E1 5C C7 33 56 96 A5 35 6A 35 35 99 5C C7 33 35 5A 35 65 35 35 99 99 35 35 35 35 A5 95 A6 56
[0000147220ms +091037ms] #00386 DATA 500k_8E1 5C C7 33 35 96 A5 35 9A 35 35 6A 5C C7 33 35 5A 35 65 35 35 35 35 35 35 35 35 A9 95 AA 56
[0000147520ms +091337ms] #00387 DATA 500k_8E1 5C C7 33 56 56 A5 35 9A 35 35 A6 5C C7 33 35 5A 35 65 35 35 35 35 35 35 65 35 56 95 AA 35
[0000147822ms +091639ms] #00388 DATA 500k_8E1 5C C7 33 56 96 A5 35 6A 35 35 99 5C C7 33 35 5A 35 65 35 35 99 99 35 35 35 35 A5 95 A6 56
[0000148121ms +091938ms] #00389 DATA 500k_8E1 5C C7 33 35 96 A5 35 9A 35 35 6A 5C C7 33 35 5A 35 65 35 35 35 35 35 35 35 35 A9 95 AA 56
[0000148426ms +092243ms] #00390 DATA 500k_8E1 5C C7 33 56 56 A5 35 9A 35 35 A6 5C C7 33 35 5A 35 65 35 35 35 35 35 35 35 35 A9 95 AA 56
[0000148722ms +092539ms] #00391 DATA 500k_8E1 5C C7 33 56 96 A5 35 6A 35 35 99 5C C7 33 35 5A 35 65 35 35 99 99 35 35 35 35 A5 95 A6 56
[0000149027ms +092844ms] #00392 DATA 500k_8E1 5C C7 33 35 96 A5 35 9A 35 35 6A 5C C7 33 35 5A 35 65 35 35 35 35 35 35 35 35 A9 95 AA 56
[0000149179ms +092996ms] #00393 DATA 500k_8E1 5C C7 33 35 96 A5 65 9A AA AA AA AA 5A AA AA 35 6A A9 35 FF
[0000149191ms +093008ms] #00394 DATA 500k_8E1 5C C7 33 35 96 A5 65 9A AA AA AA AA 5A AA AA 35 6A A9 35 FF 5C C7 33 35 5A 35 35 65 35 35 56 5C C7 33 56 56 A5 65 99 59 AA AA 95 35 AA AA 95 5A A5 35 FF 5C C7 33 35 5A 35 35 65 35 35 56 5C C7 33 56 96 A5 65 99 35 AA AA 35 35 AA AA 9A 5A 99 56 FF 5C C7 33 35 5A 35 35 65 35 35 56
[0000149321ms +093138ms] #00395 DATA 500k_8E1 5C C7 33 56 56 A5 35 9A 35 35 A6 5C C7 33 35 5A 35 65 35 35 35 35 35 35 95 35 65 95 AA 35
[0000149622ms +093439ms] #00396 DATA 500k_8E1 5C C7 33 56 96 A5 35 6A 35 35 99 5C C7 33 35 5A 35 65 35 35 99 99 35 35 35 35 A5 95 A6 56
[0000149920ms +093737ms] #00397 DATA 500k_8E1 5C C7 33 35 96 A5 35 9A 35 35 6A 00 5C C7 33 35 5A 35 65 35 35 35 35 35 35 35 35 A9 95 AA 56
[0000150220ms +094037ms] #00398 DATA 500k_8E1 5C C7 33 56 56 A5 35 9A 35 35 A6 00 5C C7 33 35 5A 35 65 35 35 35 35 35 35 95 35 65 95 AA 35
[0000150521ms +094338ms] #00399 DATA 500k_8E1 5C C7 33 56 96 A5 35 6A 35 35 99 5C C7 33 35 5A 35 65 35 35 99 99 35 35 35 35 A5 95 A6 56
[0000150829ms +094646ms] #00400 DATA 500k_8E1 5C C7 33 35 96 A5 35 9A 35 35 6A 00 5C C7 33 35 5A 35 65 35 35 35 35 35 35 35 35 A9 95 AA 56
[0000151130ms +094947ms] #00401 DATA 500k_8E1 5C C7 33 56 56 A5 35 9A 35 35 A6 5C C7 33 35 5A 35 65 35 35 35 35 35 35 95 35 65 95 AA 35
[0000151430ms +095247ms] #00402 DATA 500k_8E1 5C C7 33 56 96 A5 35 6A 35 35 99 5C C7 33 35 5A 35 65 35 35 99 99 35 35 35 35 A5 95 A6 56
[0000151729ms +095546ms] #00403 DATA 500k_8E1 5C C7 33 35 96 A5 35 9A 35 35 6A 5C C7 33 35 5A 35 65 35 35 35 35 35 35 35 35 A9 95 AA 56
[0000152029ms +095846ms] #00404 DATA 500k_8E1 5C C7 33 56 56 A5 35 9A 35 35 A6 5C C7 33 35 5A 35 65 35 35 35 35 35 35 35 35 A9 95 AA 56
[0000152330ms +096147ms] #00405 DATA 500k_8E1 5C C7 33 56 96 A5 35 6A 35 35 99
[0000152344ms +096161ms] #00406 DATA 500k_8E1 5C C7 33 56 96 A5 35 6A 35 35 99 5C C7 33 35 5A 35 65 35 35 99 99 35 56 35 35 66 95 A6 35
[0000152632ms +096449ms] #00407 DATA 500k_8E1 5C C7 33 35 96 A5 35 9A 35 35 6A 00 5C C7 33 35 5A 35 65 35 35 35 35 35 35 35 35 A9 95 AA 56
[0000152933ms +096750ms] #00408 DATA 500k_8E1 5C C7 33 56 56 A5 35 9A 35 35 A6 80 5C C7 33 35 5A 35 65 35 35 35 35 35 35 35 35 A9 95 AA 56
[0000153229ms +097046ms] #00409 DATA 500k_8E1 5C C7 33 56 96 A5 35 6A 35 35 99 5C C7 33 35 5A 35 65 35 35 99 99 35 56 35 35 66 95 A6 35
[0000153526ms +097343ms] #00410 DATA 500k_8E1 5C C7 33 35 96 A5 35 9A 35 35 6A 5C C7 33 35 5A 35 65 35 35 35 35 35 35 35 35 A9 95 AA 56
[0000153614ms +097431ms] #00411 DATA 500k_8E1 5C C7 33 35 95 35 59 AA AA AA AA 5A 65 99 59 F8 5C C7 33 35 5A 35 35 65 35 35 56
[0000153630ms +097447ms] #00412 DATA 500k_8E1 5C C7 33 56 35 35 59 AA AA AA AA 96 65 99 65 C0 5C C7 33 35 5A 35 35 65 35 35 56
[0000153642ms +097459ms] #00413 DATA 500k_8E1 5C C7 33 56 95 35 59 AA AA AA AA AA 65 99 69 00
[0000153656ms +097473ms] #00414 DATA 500k_8E1 5C C7 33 56 95 35 59 AA AA AA AA AA 65 99 69 E0 5C C7 33 35 5A 35 35 65 35 35 56
[0000153832ms +097649ms] #00415 DATA 500k_8E1 5C C7 33 56 56 A5 35 9A 35 35 A6 00 5C C7 33 35 5A 35 65 35 35 35 35 35 35 35 35 A9 95 AA 56
[0000154127ms +097944ms] #00416 DATA 500k_8E1 5C C7 33 56 96 A5 35 6A 35 35 99 5C C7 33 35 5A 35 65 35 35 99 99 35 56 35 35 66 95 A6 35
[0000154191ms +098008ms] #00417 DATA 500k_8E1 5C C7 33 35 96 A5 65 9A AA AA AA AA 5A AA AA 35 6A A9 35 FF 5C C7 33 35 5A 35 35 65 35 35 56 5C C7 33 56 56 A5 65 99 59 AA AA 95 35 AA AA 95 5A A5 35 FF 5C C7 33 35 5A 35 35 65 35 35 56 5C C7 33 56 96 A5 65 99 35 AA AA 35 35 AA AA 9A 5A 99 56 FE 5C C7 33 35 5A 35 35 65 35 35 56
[0000154433ms +098250ms] #00418 DATA 500k_8E1 5C C7 33 35 96 A5 35 9A 35 35 6A 00 5C C7 33 35 5A 35 65 35 35 35 35 35 35 35 35 A9 95 AA 56
[0000154734ms +098551ms] #00419 DATA 500k_8E1 5C C7 33 56 56 A5 35 9A 35 35 A6 00 5C C7 33 35 5A 35 65 35 35 35 35 35 35 35 35 A9 95 AA 56
[0000155036ms +098853ms] #00420 DATA 500k_8E1 5C C7 33 56 96 A5 35 6A 35 35 99 00 5C C7 33 35 5A 35 65 35 35 99 99 35 35 35 35 A5 95 A6 56
[0000155335ms +099152ms] #00421 DATA 500k_8E1 5C C7 33 35 96 A5 35 9A 35 35 6A
[0000155348ms +099165ms] #00422 DATA 500k_8E1 5C C7 33 35 96 A5 35 9A 35 35 6A 5C C7 33 35 5A 35 65 35 35 35 35 35 35 35 35 A9 95 AA 56
[0000155637ms +099454ms] #00423 DATA 500k_8E1 5C C7 33 56 56 A5 35 9A 35 35 A6 5C C7 33 35 5A 35 65 35 35 35 35 35 35 35 35 A9 95 AA 56
[0000155938ms +099755ms] #00424 DATA 500k_8E1 5C C7 33 56 96 A5 35 6A 35 35 99
[0000155949ms +099766ms] #00425 DATA 500k_8E1 5C C7 33 56 96 A5 35 6A 35 35 99
[0000155969ms +099786ms] #00426 DATA 500k_8E1 5C C7 33 56 96 A5 35 6A 35 35 99 5C C7 33 35 5A 35 65 35 35 99 99 35 59 35 35 99 95 A6 35
[0000156238ms +100055ms] #00427 DATA 500k_8E1 5C C7 33 35 96 A5 35 9A 35 35 6A 5C C7 33 35 5A 35 65 35 35 35 35 35 35 35 35 A9 95 AA 56
[0000156538ms +100355ms] #00428 DATA 500k_8E1 5C C7 33 56 56 A5 35 9A 35 35 A6 5C C7 33 35 5A 35 65 35 35 35 35 35 35 35 35 A9 95 AA 56
[0000156839ms +100656ms] #00429 DATA 500k_8E1 5C C7 33 56 96 A5 35 6A 35 35 99 00 5C C7 33 35 5A 35 65 35 35 99 99 35 59 35 35 99 95 A6 35
[0000157139ms +100956ms] #00430 DATA 500k_8E1 5C C7 33 35 96 A5 35 9A 35 35 6A FF 5C C7 33 35 5A 35 65 35 35 35 35 35 35 35 35 A9 95 AA 56
[0000157440ms +101257ms] #00431 DATA 500k_8E1 5C C7 33 56 56 A5 35 9A 35 35 A6 00
[0000157450ms +101267ms] #00432 DATA 500k_8E1 5C C7 33 56 56 A5 35 9A 35 35 A6 00 5C C7 33 35 5A 35 65 35 35 35 35 35 35 35 35 A9 95 AA 56
[0000157740ms +101557ms] #00433 DATA 500k_8E1 5C C7 33 56 96 A5 35 6A 35 35 99
[0000157751ms +101568ms] #00434 DATA 500k_8E1 5C C7 33 56 96 A5 35 6A 35 35 99 5C C7 33 35 5A 35 65 35 35 99 99 35 59 35 35 99 95 A6 35
[0000158035ms +101852ms] #00435 DATA 500k_8E1 5C C7 33 35 96 A5 35 9A 35 35 6A
[0000158051ms +101868ms] #00436 DATA 500k_8E1 5C C7 33 35 96 A5 35 9A 35 35 6A 5C C7 33 35 5A 35 65 35 35 35 35 35 35 35 35 A9 95 AA 56
[0000158337ms +102154ms] #00437 DATA 500k_8E1 5C C7 33 56 56 A5 35 9A 35 35 A6 00 5C C7 33 35 5A 35 65 35 35 35 35 35 35 35 35 A9 95 AA 56
[0000158634ms +102451ms] #00438 DATA 500k_8E1 5C C7 33 56 96 A5 35 6A 35 35 99 5C C7 33 35 5A 35 65 35 35 99 99 35 35 35 35 A5 95 A6 56
[0000158934ms +102751ms] #00439 DATA 500k_8E1 5C C7 33 35 96 A5 35 9A 35 35 6A 5C C7 33 35 5A 35 65 35 35 35 35 35 35 35 35 A9 95 AA 56
[0000159195ms +103012ms] #00440 DATA 500k_8E1 5C C7 33 35 96 A5 65 9A AA AA AA AA 5A AA AA 35 6A A9 35 FF 5C C7 33 35 5A 35 35 65 35 35 56 5C C7 33 56 56 A5 65 99 59 AA AA 95 35 AA AA 95 5A A5 35 FF 5C C7 33 35 5A 35 35 65 35 35 56 5C C7 33 56 96 A5 65 99 35 AA AA 35 35 AA AA 9A 5A 99 56 FF 5C C7 33 35 5A 35 35 65 35 35 56
[0000159241ms +103058ms] #00441 DATA 500k_8E1 5C C7 33 56 56 A5 35 9A 35 35 A6 5C C7 33 35 5A 35 65 35 35 35 35 35 35 35 35 A9 95 AA 56
[0000159541ms +103358ms] #00442 DATA 500k_8E1 5C C7 33 56 96 A5 35 6A 35 35 99 5C C7 33 35 5A 35 65 35 35 99 99 35 65 35 35 35 95 A6 5A
[0000159840ms +103657ms] #00443 DATA 500k_8E1 5C C7 33 35 96 A5 35 9A 35 35 6A 5C C7 33 35 5A 35 65 35 35 35 35 35 35 35 35 A9 95 AA 56
[0000160140ms +103957ms] #00444 DATA 500k_8E1 5C C7 33 56 56 A5 35 9A 35 35 A6 00 5C C7 33 35 5A 35 65 35 35 35 35 35 35 35 35 A9 95 AA 56
[0000160441ms +104258ms] #00445 DATA 500k_8E1 5C C7 33 56 96 A5 35 6A 35 35 99 5C C7 33 35 5A 35 65 35 35 99 99 35 65 35 35 35 95 A6 5A
[0000160739ms +104556ms] #00446 DATA 500k_8E1 5C C7 33 35 96 A5 35 9A 35 35 6A 5C C7 33 35 5A 35 65 35 35 35 35 35 35 35 35 A9 95 AA 56
[0000161040ms +104857ms] #00447 DATA 500k_8E1 5C C7 33 56 56 A5 35 9A 35 35 A6 5C C7 33 35 5A 35 65 35 35 35 35 35 35 35 35 A9 95 AA 56
[0000161341ms +105158ms] #00448 DATA 500k_8E1 5C C7 33 56 96 A5 35 6A 35 35 99 5C C7 33 35 5A 35 65 35 35 99 99 35 35 35 35 A5 95 A6 56
[0000161641ms +105458ms] #00449 DATA 500k_8E1 5C C7 33 35 96 A5 35 9A 35 35 6A 5C C7 33 35 5A 35 65 35 35 35 35 35 35 35 35 A9 95 AA 56
[0000161941ms +105758ms] #00450 DATA 500k_8E1 5C C7 33 56 56 A5 35 9A 35 35 A6 5C C7 33 35 5A 35 65 35 35 35 35 35 35 35 35 A9 95 AA 56
[0000162242ms +106059ms] #00451 DATA 500k_8E1 5C C7 33 56 96 A5 35 6A 35 35 99 00 5C C7 33 35 5A 35 65 35 35 99 99 35 95 35 35 35 95 A6 69
[0000162542ms +106359ms] #00452 DATA 500k_8E1 5C C7 33 35 96 A5 35 9A 35 35 6A 5C C7 33 35 5A 35 65 35 35 35 35 35 35 35 35 A9 95 AA 56
[0000162848ms +106665ms] #00453 DATA 500k_8E1 5C C7 33 56 56 A5 35 9A 35 35 A6 5C C7 33 35 5A 35 65 35 35 35 35 35 35 35 35 A9 95 AA 56
[0000163145ms +106962ms] #00454 DATA 500k_8E1 5C C7 33 56 96 A5 35 6A 35 35 99 00 5C C7 33 35 5A 35 65 35 35 99 99 35 95 35 35 35 95 A6 69
[0000163449ms +107266ms] #00455 DATA 500k_8E1 5C C7 33 35 96 A5 35 9A 35 35 6A 00 5C C7 33 35 5A 35 65 35 35 35 35 35 35 35 35 A9 95 AA 56
[0000163750ms +107567ms] #00456 DATA 500k_8E1 5C C7 33 56 56 A5 35 9A 35 35 A6 5C C7 33 35 5A 35 65 35 35 35 35 35 35 35 35 A9 95 AA 56
[0000164050ms +107867ms] #00457 DATA 500k_8E1 5C C7 33 56 96 A5 35 6A 35 35 99 00 5C C7 33 35 5A 35 65 35 35 99 99 35 35 35 35 A5 95 A6 56
[0000164207ms +108024ms] #00458 DATA 500k_8E1 5C C7 33 35 96 A5 65 9A AA AA AA AA 5A AA AA 35 6A A9 35 FF 5C C7 33 35 5A 35 35 65 35 35 56 5C C7 33 56 56 A5 65 99 59 AA AA 95 35 AA AA 95 5A A5 35 FF 5C C7 33 35 5A 35 35 65 35 35 56 5C C7 33 56 96 A5 65 99 35 AA AA 35 35 AA AA 9A 5A 99 56 FF 5C C7 33 35 5A 35 35 65 35 35 56
[0000164345ms +108162ms] #00459 DATA 500k_8E1 5C C7 33 35 96 A5 35 9A 35 35 6A 5C C7 33 35 5A 35 65 35 35 35 35 35 35 35 35 A9 95 AA 56
[0000164635ms +108452ms] #00460 DATA 500k_8E1 5C C7 33 35 95 35 59 AA AA AA AA 5A 65 99 59 F0 5C C7 33 35 5A 35 35 65 35 35 56
[0000164647ms +108464ms] #00461 DATA 500k_8E1 5C C7 33 56 56 A5 35 9A 35 35 A6 5C C7 33 35 5A 35 65 35 35 35 35 35 35 35 35 A9 95 AA 56 5C C7 33 56 35 35 59 AA AA AA AA 96 65 99 65 E0 5C C7 33 35 5A 35 35 65 35 35 56
[0000164665ms +108482ms] #00462 DATA 500k_8E1 5C C7 33 56 95 35 59 AA AA AA AA AA 65 99 69 80 5C C7 33 35 5A 35 35 65 35 35 56
[0000164952ms +108769ms] #00463 DATA 500k_8E1 5C C7 33 56 96 A5 35 6A 35 35 99
[0000164969ms +108786ms] #00464 DATA 500k_8E1 5C C7 33 56 96 A5 35 6A 35 35 99 5C C7 33 35 5A 35 65 35 35 99 99 56 35 35 35 35 95 A6 A5
[0000165248ms +109065ms] #00465 DATA 500k_8E1 5C C7 33 35 96 A5 35 9A 35 35 6A 5C C7 33 35 5A 35 65 35 35 35 35 35 35 35 35 A9 95 AA 56
[0000165549ms +109366ms] #00466 DATA 500k_8E1 5C C7 33 56 56 A5 35 9A 35 35 A6 5C C7 33 35 5A 35 65 35 35 35 35 35 35 35 35 A9 95 AA 56
[0000165849ms +109666ms] #00467 DATA 500k_8E1 5C C7 33 56 96 A5 35 6A 35 35 99 5C C7 33 35 5A 35 65 35 35 99 99 56 35 35 35 35 95 A6 A5
[0000166148ms +109965ms] #00468 DATA 500k_8E1 5C C7 33 35 96 A5 35 9A 35 35 6A 00 5C C7 33 35 5A 35 65 35 35 35 35 35 35 35 35 A9 95 AA 56
[0000166450ms +110267ms] #00469 DATA 500k_8E1 5C C7 33 56 56 A5 35 9A 35 35 A6 00 5C C7 33 35 5A 35 65 35 35 35 35 35 35 35 35 A9 95 AA 56
[0000166751ms +110568ms] #00470 DATA 500k_8E1 5C C7 33 56 96 A5 35 6A 35 35 99
[0000166761ms +110578ms] #00471 DATA 500k_8E1 5C C7 33 56 96 A5 35 6A 35 35 99 5C C7 33 35 5A 35 65 35 35 99 99 56 35 35 35 35 95 A6 A5
[0000167049ms +110866ms] #00472 DATA 500k_8E1 5C C7 33 35 96 A5 35 9A 35 35 6A 00 5C C7 33 35 5A 35 65 35 35 35 35 35 35 35 35 A9 95 AA 56
[0000167353ms +111170ms] #00473 DATA 500k_8E1 5C C7 33 56 56 A5 35 9A 35 35 A6 00 5C C7 33 35 5A 35 65 35 35 35 35 35 35 35 35 A9 95 AA 56
[0000167650ms +111467ms] #00474 DATA 500k_8E1 5C C7 33 56 96 A5 35 6A 35 35 99 00 5C C7 33 35 5A 35 65 35 35 99 99 35 35 35 35 A5 95 A6 56
[0000167954ms +111771ms] #00475 DATA 500k_8E1 5C C7 33 35 96 A5 35 9A 35 35 6A 00 5C C7 33 35 5A 35 65 35 35 35 35 35 35 35 35 A9 95 AA 56
[0000168249ms +112066ms] #00476 DATA 500k_8E1 5C C7 33 56 56 A5 35 9A 35 35 A6 5C C7 33 35 5A 35 65 35 35 35 35 35 35 35 35 A9 95 AA 56
[0000168549ms +112366ms] #00477 DATA 500k_8E1 5C C7 33 56 96 A5 35 6A 35 35 99 00 5C C7 33 35 5A 35 65 35 35 99 99 59 35 35 35 35 95 A5 95
[0000168858ms +112675ms] #00478 DATA 500k_8E1 5C C7 33 35 96 A5 35 9A 35 35 6A 00 5C C7 33 35 5A 35 65 35 35 35 35 35 35 35 35 A9 95 AA 56
[0000169158ms +112975ms] #00479 DATA 500k_8E1 5C C7 33 56 56 A5 35 9A 35 35 A6 5C C7 33 35 5A 35 65 35 35 35 35 35 35 35 35 A9 95 AA 56
[0000169215ms +113032ms] #00480 DATA 500k_8E1 5C C7 33 35 96 A5 65 9A AA AA AA AA 5A AA AA 35 6A A9 35 FF 5C C7 33 35 5A 35 35 65 35 35 56 5C C7 33 56 56 A5 65 99 59 AA AA 95 35 AA AA 95 5A A5 35 FF 5C C7 33 35 5A 35 35 65 35 35 56 5C C7 33 56 96 A5 65 99 35 AA AA 35 35 AA AA 9A 5A 99 56 FF 5C C7 33 35 5A 35 35 65 35 35 56
[0000169455ms +113272ms] #00481 DATA 500k_8E1 5C C7 33 56 96 A5 35 6A 35 35 99 5C C7 33 35 5A 35 65 35 35 99 99 59 35 35 35 35 95 A5 95
[0000169753ms +113570ms] #00482 DATA 500k_8E1 5C C7 33 35 96 A5 35 9A 35 35 6A 5C C7 33 35 5A 35 65 35 35 35 35 35 35 35 35 A9 95 AA 56
[0000170053ms +113870ms] #00483 DATA 500k_8E1 5C C7 33 56 56 A5 35 9A 35 35 A6 5C C7 33 35 5A 35 65 35 35 35 35 35 35 35 35 A9 95 AA 56
[0000170354ms +114171ms] #00484 DATA 500k_8E1 5C C7 33 56 96 A5 35 6A 35 35 99 00 5C C7 33 35 5A 35 65 35 35 99 99 35 35 35 35 A5 95 A6 56
[0000170652ms +114469ms] #00485 DATA 500k_8E1 5C C7 33 35 96 A5 35 9A 35 35 6A 5C C7 33 35 5A 35 65 35 35 35 35 35 35 35 35 A9 95 AA 56
[0000170953ms +114770ms] #00486 DATA 500k_8E1 5C C7 33 56 56 A5 35 9A 35 35 A6 5C C7 33 35 5A 35 65 35 35 35 35 35 35 35 35 A9 95 AA 56
[0000171253ms +115070ms] #00487 DATA 500k_8E1 5C C7 33 56 96 A5 35 6A 35 35 99 00
[0000171266ms +115083ms] #00488 DATA 500k_8E1 5C C7 33 56 96 A5 35 6A 35 35 99 00
[0000171286ms +115103ms] #00489 DATA 500k_8E1 5C C7 33 56 96 A5 35 6A 35 35 99
[0000171306ms +115123ms] #00490 DATA 500k_8E1 5C C7 33 56 96 A5 35 6A 35 35 99
[0000171327ms +115144ms] #00491 DATA 500k_8E1 5C C7 33 56 96 A5 35 6A 35 35 99 5C C7 33 35 5A 35 65 35 35 99 99 65 35 35 35 35 95 A9 35
[0000171558ms +115375ms] #00492 DATA 500k_8E1 5C C7 33 35 96 A5 35 9A 35 35 6A 5C C7 33 35 5A 35 65 35 35 35 35 35 35 35 35 A9 95 AA 56
[0000171858ms +115675ms] #00493 DATA 500k_8E1 5C C7 33 56 56 A5 35 9A 35 35 A6 5C C7 33 35 5A 35 65 35 35 35 35 35 35 35 35 A9 95 AA 56
[0000172155ms +115972ms] #00494 DATA 500k_8E1 5C C7 33 56 96 A5 35 6A 35 35 99 5C C7 33 35 5A 35 65 35 35 99 99 65 35 35 35 35 95 A9 35
[0000172459ms +116276ms] #00495 DATA 500k_8E1 5C C7 33 35 96 A5 35 9A 35 35 6A
[0000172477ms +116294ms] #00496 DATA 500k_8E1 5C C7 33 35 96 A5 35 9A 35 35 6A 5C C7 33 35 5A 35 65 35 35 35 35 35 35 35 35 A9 95 AA 56
[0000172763ms +116580ms] #00497 DATA 500k_8E1 5C C7 33 56 56 A5 35 9A 35 35 A6 5C C7 33 35 5A 35 65 35 35 35 35 35 35 35 35 A9 95 AA 56
[0000173056ms +116873ms] #00498 DATA 500k_8E1 5C C7 33 56 96 A5 35 6A 35 35 99 5C C7 33 35 5A 35 65 35 35 99 99 65 35 35 35 35 95 A9 35
[0000173364ms +117181ms] #00499 DATA 500k_8E1 5C C7 33 35 96 A5 35 9A 35 35 6A 5C C7 33 35 5A 35 65 35 35 35 35 35 35 35 35 A9 95 AA 56
[0000173665ms +117482ms] #00500 DATA 500k_8E1 5C C7 33 56 56 A5 35 9A 35 35 A6 5C C7 33 35 5A 35 65 35 35 35 35 35 35 35 35 A9 95 AA 56
[0000173965ms +117782ms] #00501 DATA 500k_8E1 5C C7 33 56 96 A5 35 6A 35 35 99 5C C7 33 35 5A 35 65 35 35 99 99 35 35 35 35 A5 95 A6 56
[0000174224ms +118041ms] #00502 DATA 500k_8E1 5C C7 33 35 96 A5 65 9A AA AA AA AA 5A AA AA 35 6A A9 35 FF 5C C7 33 35 5A 35 35 65 35 35 56 5C C7 33 56 56 A5 65 99 59 AA AA 95 35 AA AA 95 5A A5 35 FF 5C C7 33 35 5A 35 35 65 35 35 56 5C C7 33 56 96 A5 65 99 35 AA AA 35 35 AA AA 9A 5A 99 56 FF 5C C7 33 35 5A 35 35 65 35 35 56
[0000174259ms +118076ms] #00503 DATA 500k_8E1 5C C7 33 35 96 A5 35 9A 35 35 6A 5C C7 33 35 5A 35 65 35 35 35 35 35 35 35 35 A9 95 AA 56
[0000174560ms +118377ms] #00504 DATA 500k_8E1 5C C7 33 56 56 A5 35 9A 35 35 A6 5C C7 33 35 5A 35 65 35 35 35 35 35 35 35 35 A9 95 AA 56
[0000174860ms +118677ms] #00505 DATA 500k_8E1 5C C7 33 56 96 A5 35 6A 35 35 99 80 5C C7 33 35 5A 35 65 35 35 99 99 95 35 35 35 35 95 9A 35
[0000175159ms +118976ms] #00506 DATA 500k_8E1 5C C7 33 35 96 A5 35 9A 35 35 6A 5C C7 33 35 5A 35 65 35 35 35 35 35 35 35 35 A9 95 AA 56
[0000175459ms +119276ms] #00507 DATA 500k_8E1 5C C7 33 56 56 A5 35 9A 35 35 A6 5C C7 33 35 5A 35 65 35 35 35 35 35 35 35 35 A9 95 AA 56
[0000175648ms +119465ms] #00508 DATA 500k_8E1 5C C7 33 35 95 35 59 AA AA AA AA 5A 65 99 59 80 5C C7 33 35 5A 35 35 65 35 35 56
[0000175662ms +119479ms] #00509 DATA 500k_8E1 5C C7 33 56 35 35 59 AA AA AA AA 96 65 99 65 C0
[0000175681ms +119498ms] #00510 DATA 500k_8E1 5C C7 33 56 35 35 59 AA AA AA AA 96 65 99 65 F0 5C C7 33 35 5A 35 35 65 35 35 56
[0000175692ms +119509ms] #00511 DATA 500k_8E1 5C C7 33 56 95 35 59 AA AA AA AA AA 65 99 69 00 5C C7 33 35 5A 35 35 65 35 35 56
[0000175764ms +119581ms] #00512 DATA 500k_8E1 5C C7 33 56 96 A5 35 6A 35 35 99 5C C7 33 35 5A 35 65 35 35 99 99 95 35 35 35 35 95 9A 35
[0000176062ms +119879ms] #00513 DATA 500k_8E1 5C C7 33 35 96 A5 35 9A 35 35 6A 5C C7 33 35 5A 35 65 35 35 35 35 35 35 35 35 A9 95 AA 56
[0000176363ms +120180ms] #00514 DATA 500k_8E1 5C C7 33 56 56 A5 35 9A 35 35 A6 80 5C C7 33 35 5A 35 65 35 35 35 35 35 35 35 35 A9 95 AA 56
[0000176665ms +120482ms] #00515 DATA 500k_8E1 5C C7 33 56 96 A5 35 6A 35 35 99 00 5C C7 33 35 5A 35 65 35 35 99 99 35 35 35 35 A5 95 A6 56
[0000176970ms +120787ms] #00516 DATA 500k_8E1 5C C7 33 35 96 A5 35 9A 35 35 6A 5C C7 33 35 5A 35 65 35 35 35 35 35 35 35 35 A9 95 AA 56
[0000177268ms +121085ms] #00517 DATA 500k_8E1 5C C7 33 56 56 A5 35 9A 35 35 A6 5C C7 33 35 5A 35 65 35 35 35 35 35 35 35 35 A9 95 AA 56
[0000177565ms +121382ms] #00518 DATA 500k_8E1 5C C7 33 56 96 A5 35 6A 35 35 99 5C C7 33 35 5A 35 65 35 35 99 99 35 35 35 35 A5 95 A6 56
[0000177863ms +121680ms] #00519 DATA 500k_8E1 5C C7 33 35 96 A5 35 9A 35 35 6A 5C C7 33 35 5A 35 65 35 35 35 35 35 35 35 35 A9 95 AA 56
[0000178164ms +121981ms] #00520 DATA 500k_8E1 5C C7 33 56 56 A5 35 9A 35 35 A6 5C C7 33 35 5A 35 65 35 35 35 35 35 35 35 35 A9 95 AA 56
[0000178464ms +122281ms] #00521 DATA 500k_8E1 5C C7 33 56 96 A5 35 6A 35 35 99
[0000178484ms +122301ms] #00522 DATA 500k_8E1 5C C7 33 56 96 A5 35 6A 35 35 99 5C C7 33 35 5A 35 65 35 35 99 99 35 35 35 35 A5 95 A6 56
[0000178773ms +122590ms] #00523 DATA 500k_8E1 5C C7 33 35 96 A5 35 9A 35 35 6A 5C C7 33 35 5A 35 65 35 35 35 35 35 5A 35 35 56 95 AA 56
[0000179073ms +122890ms] #00524 DATA 500k_8E1 5C C7 33 56 56 A5 35 9A 35 35 A6 5C C7 33 35 5A 35 65 35 35 35 35 35 35 35 35 A9 95 AA 56
[0000179232ms +123049ms] #00525 DATA 500k_8E1 5C C7 33 35 96 A5 65 9A AA AA AA AA 5A AA AA 35 6A A9 35 FE 5C C7 33 35 5A 35 35 65 35 35 56 5C C7 33 56 56 A5 65 99 59 AA AA 95 35 AA AA 95 5A A5 35 FF
[0000179245ms +123062ms] #00526 DATA 500k_8E1 5C C7 33 56 56 A5 65 99 59 AA AA 95 35 AA AA 95 5A A5 35 FF 5C C7 33 35 5A 35 35 65 35 35 56 5C C7 33 56 96 A5 65 99 35 AA AA 35 35 AA AA 9A 5A 99 56 FE 5C C7 33 35 5A 35 35 65 35 35 56
[0000179372ms +123189ms] #00527 DATA 500k_8E1 5C C7 33 56 96 A5 35 6A 35 35 99 5C C7 33 35 5A 35 65 35 35 99 99 35 35 35 35 A5 95 A6 56
[0000179670ms +123487ms] #00528 DATA 500k_8E1 5C C7 33 35 96 A5 35 9A 35 35 6A 00 5C C7 33 35 5A 35 65 35 35 35 35 56 AA 35 35 A6 95 AA 96
[0000179971ms +123788ms] #00529 DATA 500k_8E1 5C C7 33 56 56 A5 35 9A 35 35 A6 5C C7 33 35 5A 35 65 35 35 35 35 35 35 35 35 A9 95 AA 56
[0000180271ms +124088ms] #00530 DATA 500k_8E1 5C C7 33 56 96 A5 35 6A 35 35 99 00 5C C7 33 35 5A 35 65 35 35 99 99 35 35 35 35 A5 95 A6 56
[0000180570ms +124387ms] #00531 DATA 500k_8E1 5C C7 33 35 96 A5 35 9A 35 35 6A 5C C7 33 35 5A 35 65 35 35 35 35 AA AA 35 35 56 95 9A 35
[0000180870ms +124687ms] #00532 DATA 500k_8E1 5C C7 33 56 56 A5 35 9A 35 35 A6 5C C7 33 35 5A 35 65 35 35 35 35 35 35 35 35 A9 95 AA 56
[0000181171ms +124988ms] #00533 DATA 500k_8E1 5C C7 33 56 96 A5 35 6A 35 35 99 80 5C C7 33 35 5A 35 65 35 35 99 99 35 35 35 35 A5 95 A6 56
[0000181473ms +125290ms] #00534 DATA 500k_8E1 5C C7 33 35 96 A5 35 9A 35 35 6A 00 5C C7 33 35 5A 35 65 35 35 35 35 AA AA 35 6A A6 99 AA 56
[0000181769ms +125586ms] #00535 DATA 500k_8E1 5C C7 33 56 56 A5 35 9A 35 35 A6 00 5C C7 33 35 5A 35 65 35 35 35 35 35 35 35 35 A9 95 AA 56
[0000182076ms +125893ms] #00536 DATA 500k_8E1 5C C7 33 56 96 A5 35 6A 35 35 99 00 5C C7 33 35 5A 35 65 35 35 99 99 35 35 35 35 A5 95 A6 56
[0000182379ms +126196ms] #00537 DATA 500k_8E1 5C C7 33 35 96 A5 35 9A 35 35 6A 00 5C C7 33 35 5A 35 65 35 35 35 35 AA AA 5A AA 35 95 AA 35
[0000182679ms +126496ms] #00538 DATA 500k_8E1 5C C7 33 56 56 A5 35 9A 35 35 A6 5C C7 33 35 5A 35 65 35 35 35 35 35 35 35 35 A9 95 AA 56
[0000182979ms +126796ms] #00539 DATA 500k_8E1 5C C7 33 56 96 A5 35 6A 35 35 99 00
[0000182999ms +126816ms] #00540 DATA 500k_8E1 5C C7 33 56 96 A5 35 6A 35 35 99 00 5C C7 33 35 5A 35 65 35 35 99 99 35 35 35 35 A5 95 A6 56
[0000183278ms +127095ms] #00541 DATA 500k_8E1 5C C7 33 35 96 A5 35 9A 35 35 6A 5C C7 33 35 5A 35 65 35 35 35 35 AA AA AA AA 66 95 AA 35
[0000183578ms +127395ms] #00542 DATA 500k_8E1 5C C7 33 56 56 A5 35 9A 35 35 A6 00 5C C7 33 35 5A 35 65 35 35 35 35 35 56 35 35 6A 95 AA 35
[0000183879ms +127696ms] #00543 DATA 500k_8E1 5C C7 33 56 96 A5 35 6A 35 35 99 C0 5C C7 33 35 5A 35 65 35 35 99 99 35 35 35 35 A5 95 A6 56
[0000184177ms +127994ms] #00544 DATA 500k_8E1 5C C7 33 35 96 A5 35 9A 35 35 6A 5C C7 33 35 5A 35 65 35 35 35 35 AA AA AA AA 66 95 AA 35
[0000184234ms +128051ms] #00545 DATA 500k_8E1 5C C7 33 35 96 A5 65 9A AA AA AA AA 5A AA AA 35 6A A9 35 FE 5C C7 33 35 5A 35 35 65 35 35 56 5C C7 33 56 56 A5 65 99 59 AA AA 95 35 AA AA 95 5A A5 35 FE 5C C7 33 35 5A 35 35 65 35 35 56 5C C7 33 56 96 A5 65 99 35 AA AA 35 35 AA AA 9A 5A 99 56 FF 5C C7 33 35 5A 35 35 65 35 35 56
[0000184474ms +128291ms] #00546 DATA 500k_8E1 5C C7 33 56 56 A5 35 9A 35 35 A6 5C C7 33 35 5A 35 65 35 35 35 35 35 AA 35 35 56 95 AA 65
[0000184774ms +128591ms] #00547 DATA 500k_8E1 5C C7 33 56 96 A5 35 6A 35 35 99 5C C7 33 35 5A 35 65 35 35 99 99 35 35 35 35 A5 95 A6 56
[0000185083ms +128900ms] #00548 DATA 500k_8E1 5C C7 33 35 96 A5 35 9A 35 35 6A 5C C7 33 35 5A 35 65 35 35 35 35 AA AA AA AA 66 95 AA 35
[0000185383ms +129200ms] #00549 DATA 500k_8E1 5C C7 33 56 56 A5 35 9A 35 35 A6 5C C7 33 35 5A 35 65 35 35 35 35 6A AA 35 35 A6 95 A6 56
[0000185684ms +129501ms] #00550 DATA 500k_8E1 5C C7 33 56 96 A5 35 6A 35 35 99 5C C7 33 35 5A 35 65 35 35 99 99 35 35 35 35 A5 95 A6 56
[0000185982ms +129799ms] #00551 DATA 500k_8E1 5C C7 33 35 96 A5 35 9A 35 35 6A 00 5C C7 33 35 5A 35 65 35 35 35 35 AA AA AA AA 66 95 AA 35
[0000186279ms +130096ms] #00552 DATA 500k_8E1 5C C7 33 56 56 A5 35 9A 35 35 A6
[0000186293ms +130110ms] #00553 DATA 500k_8E1 5C C7 33 56 56 A5 35 9A 35 35 A6 5C C7 33 35 5A 35 65 35 35 35 35 AA AA 35 5A 56 96 AA 35
[0000186579ms +130396ms] #00554 DATA 500k_8E1 5C C7 33 56 96 A5 35 6A 35 35 99 5C C7 33 35 5A 35 65 35 35 99 99 35 35 35 35 A5 95 A6 56
[0000186665ms +130482ms] #00555 DATA 500k_8E1 5C C7 33 35 95 35 59 AA AA AA AA 5A 65 99 59 80 5C C7 33 35 5A 35 35 65 35 35 56
[0000186682ms +130499ms] #00556 DATA 500k_8E1 5C C7 33 56 35 35 59 AA AA AA AA 96 65 99 65 80 5C C7 33 35 5A 35 35 65 35 35 56
[0000186694ms +130511ms] #00557 DATA 500k_8E1 5C C7 33 56 95 35 59 AA AA AA AA AA 65 99 69 00
[0000186704ms +130521ms] #00558 DATA 500k_8E1 5C C7 33 56 95 35 59 AA AA AA AA AA 65 99 69 80 5C C7 33 35 5A 35 35 65 35 35 56
[0000186880ms +130697ms] #00559 DATA 500k_8E1 5C C7 33 35 96 A5 35 9A 35 35 6A 5C C7 33 35 5A 35 65 35 35 35 35 AA AA AA AA 66 95 AA 35
[0000187182ms +130999ms] #00560 DATA 500k_8E1 5C C7 33 56 56 A5 35 9A 35 35 A6 5C C7 33 35 5A 35 65 35 35 35 35 AA AA 56 AA A6 35 AA 56
[0000187483ms +131300ms] #00561 DATA 500k_8E1 5C C7 33 56 96 A5 35 6A 35 35 99
[0000187495ms +131312ms] #00562 DATA 500k_8E1 5C C7 33 56 96 A5 35 6A 35 35 99 00 5C C7 33 35 5A 35 65 35 35 99 99 35 35 35 35 A5 95 A6 56
[0000187783ms +131600ms] #00563 DATA 500k_8E1 5C C7 33 35 96 A5 35 9A 35 35 6A 00 5C C7 33 35 5A 35 65 35 35 35 35 AA AA AA AA 66 95 AA 35
[0000188082ms +131899ms] #00564 DATA 500k_8E1 5C C7 33 56 56 A5 35 9A 35 35 A6 00 5C C7 33 35 5A 35 65 35 35 35 35 AA AA 6A AA AA 95 AA 56
[0000188382ms +132199ms] #00565 DATA 500k_8E1 5C C7 33 56 96 A5 35 6A 35 35 99 00
[0000188396ms +132213ms] #00566 DATA 500k_8E1 5C C7 33 56 96 A5 35 6A 35 35 99 5C C7 33 35 5A 35 65 35 35 99 99 35 35 35 35 A5 95 A6 56
[0000188685ms +132502ms] #00567 DATA 500k_8E1 5C C7 33 35 96 A5 35 9A 35 35 6A 00 5C C7 33 35 5A 35 65 35 35 35 35 AA AA AA AA 66 95 AA 35
[0000188985ms +132802ms] #00568 DATA 500k_8E1 5C C7 33 56 56 A5 35 9A 35 35 A6 00 5C C7 33 35 5A 35 65 35 35 35 35 AA AA AA AA 66 95 AA 35
[0000189246ms +133063ms] #00569 DATA 500k_8E1 5C C7 33 35 96 A5 65 9A AA AA AA AA 5A AA AA 35 6A A9 35 FC 5C C7 33 35 5A 35 35 65 35 35 56 5C C7 33 56 56 A5 65 99 59 AA AA 95 35 AA AA 95 5A A5 35 FF 5C C7 33 35 5A 35 35 65 35 35 56 5C C7 33 56 96 A5 65 99 35 AA AA 35 35 AA AA 9A 5A 99 56 FF
[0000189267ms +133084ms] #00570 DATA 500k_8E1 5C C7 33 56 96 A5 65 99 35 AA AA 35 35 AA AA 9A 5A 99 56 FF 5C C7 33 35 5A 35 35 65 35 35 56
[0000189288ms +133105ms] #00571 DATA 500k_8E1 5C C7 33 56 96 A5 35 6A 35 35 99
[0000189307ms +133124ms] #00572 DATA 500k_8E1 5C C7 33 56 96 A5 35 6A 35 35 99 5C C7 33 35 5A 35 65 35 35 99 99 35 35 35 35 A5 95 A6 56
[0000189586ms +133403ms] #00573 DATA 500k_8E1 5C C7 33 35 96 A5 35 9A 35 35 6A 5C C7 33 35 5A 35 65 35 35 35 35 AA AA AA AA 66 95 AA 35
[0000189886ms +133703ms] #00574 DATA 500k_8E1 5C C7 33 56 56 A5 35 9A 35 35 A6 5C C7 33 35 5A 35 65 35 35 35 35 AA AA AA AA 66 95 AA 35
[0000190187ms +134004ms] #00575 DATA 500k_8E1 5C C7 33 56 96 A5 35 6A 35 35 99 5C C7 33 35 5A 35 65 35 35 99 99 35 5A 35 35 5A 95 A6 56
[0000190485ms +134302ms] #00576 DATA 500k_8E1 5C C7 33 35 96 A5 35 9A 35 35 6A 5C C7 33 35 5A 35 65 35 35 35 35 AA AA AA AA 66 95 AA 35
[0000190788ms +134605ms] #00577 DATA 500k_8E1 5C C7 33 56 56 A5 35 9A 35 35 A6
[0000190798ms +134615ms] #00578 DATA 500k_8E1 5C C7 33 56 56 A5 35 9A 35 35 A6 5C C7 33 35 5A 35 65 35 35 35 35 AA AA AA AA 66 95 AA 35
[0000191084ms +134901ms] #00579 DATA 500k_8E1 5C C7 33 56 96 A5 35 6A 35 35 99 5C C7 33 35 5A 35 65 35 35 99 99 56 AA 35 35 AA 95 A6 96
[0000191389ms +135206ms] #00580 DATA 500k_8E1 5C C7 33 35 96 A5 35 9A 35 35 6A 5C C7 33 35 5A 35 65 35 35 35 35 AA AA AA AA 66 95 AA 35
[0000191685ms +135502ms] #00581 DATA 500k_8E1 5C C7 33 56 56 A5 35 9A 35 35 A6 5C C7 33 35 5A 35 65 35 35 35 35 AA AA AA AA 66 95 AA 35
[0000191985ms +135802ms] #00582 DATA 500k_8E1 5C C7 33 56 96 A5 35 6A 35 35 99 00 5C C7 33 35 5A 35 65 35 35 99 99 6A AA 35 35 AA 95 AA 56
[0000192294ms +136111ms] #00583 DATA 500k_8E1 5C C7 33 35 96 A5 35 9A 35 35 6A 00 5C C7 33 35 5A 35 65 35 35 35 35 AA AA AA AA 66 95 AA 35
[0000192586ms +136403ms] #00584 DATA 500k_8E1 5C C7 33 56 56 A5 35 9A 35 35 A6 5C C7 33 35 5A 35 65 35 35 35 35 AA AA AA AA 66 95 AA 35
[0000192887ms +136704ms] #00585 DATA 500k_8E1 5C C7 33 56 96 A5 35 6A 35 35 99 5C C7 33 35 5A 35 65 35 35 99 99 AA AA 35 35 5A 95 96 35
[0000193187ms +137004ms] #00586 DATA 500k_8E1 5C C7 33 35 96 A5 35 9A 35 35 6A 5C C7 33 35 5A 35 65 35 35 35 35 AA AA AA AA 66 95 AA 35
[0000193488ms +137305ms] #00587 DATA 500k_8E1 5C C7 33 56 56 A5 35 9A 35 35 A6 80 5C C7 33 35 5A 35 65 35 35 35 35 AA AA AA AA 66 95 AA 35
[0000193788ms +137605ms] #00588 DATA 500k_8E1 5C C7 33 56 96 A5 35 6A 35 35 99
[0000193802ms +137619ms] #00589 DATA 500k_8E1 5C C7 33 56 96 A5 35 6A 35 35 99 5C C7 33 35 5A 35 65 35 35 99 99 AA AA 35 35 5A 95 96 35
[0000194091ms +137908ms] #00590 DATA 500k_8E1 5C C7 33 35 96 A5 35 9A 35 35 6A 5C C7 33 35 5A 35 65 35 35 35 35 AA AA AA AA 66 95 AA 35
[0000194249ms +138066ms] #00591 DATA 500k_8E1 5C C7 33 35 96 A5 65 9A AA AA AA AA 5A AA AA 35 6A A9 35 FE 5C C7 33 35 5A 35 35 65 35 35 56 5C C7 33 56 56 A5 65 99 59 AA AA 95 35 AA AA 95 5A A5 35 FF 5C C7 33 35 5A 35 35 65 35 35 56 5C C7 33 56 96 A5 65 99 35 AA AA 35 35 AA AA 9A 5A 99 56 F8 5C C7 33 35 5A 35 35 65 35 35 56
[0000194397ms +138214ms] #00592 DATA 500k_8E1 5C C7 33 56 56 A5 35 9A 35 35 A6 5C C7 33 35 5A 35 65 35 35 35 35 AA AA AA AA 66 95 AA 35
[0000194698ms +138515ms] #00593 DATA 500k_8E1 5C C7 33 56 96 A5 35 6A 35 35 99 5C C7 33 35 5A 35 65 35 35 99 99 AA AA 35 35 5A 95 96 35
[0000194996ms +138813ms] #00594 DATA 500k_8E1 5C C7 33 35 96 A5 35 9A 35 35 6A 5C C7 33 35 5A 35 65 35 35 35 35 AA AA AA AA 66 95 AA 35
[0000195297ms +139114ms] #00595 DATA 500k_8E1 5C C7 33 56 56 A5 35 9A 35 35 A6 00 5C C7 33 35 5A 35 65 35 35 35 35 AA AA AA AA 66 95 AA 35
[0000195591ms +139408ms] #00596 DATA 500k_8E1 5C C7 33 56 96 A5 35 6A 35 35 99 5C C7 33 35 5A 35 65 35 35 99 99 AA AA 35 35 5A 95 96 35
