[0000170701ms +000000ms] #00001 DATA 500k_8E1 5C C7 33 56 56 A5 35 9A 35 35 A6 00 5C C7 33 35 5A 35 65 35 35 95 35 AA AA AA AA 9A 35 AA 56
[0000171002ms +000301ms] #00002 DATA 500k_8E1 5C C7 33 56 96 A5 35 6A 35 35 99 5C C7 33 35 5A 35 65 95 35 99 99 AA AA 35 35 AA 95 9A 96
[0000171300ms +000599ms] #00003 DATA 500k_8E1 5C C7 33 35 96 A5 35 9A 35 35 6A 5C C7 33 35 5A 35 65 35 35 95 35 AA AA AA AA 9A 35 AA 56
[0000171600ms +000899ms] #00004 DATA 500k_8E1 5C C7 33 56 56 A5 35 9A 35 35 A6 5C C7 33 35 5A 35 65 35 35 95 35 AA AA AA AA 9A 35 AA 56
[0000171901ms +001200ms] #00005 DATA 500k_8E1 5C C7 33 56 96 A5 35 6A 35 35 99 00 5C C7 33 35 5A 35 65 95 35 99 99 AA AA 35 35 AA 95 9A 96
[0000172160ms +001459ms] #00006 DATA 500k_8E1 5C C7 33 35 96 A5 65 96 AA AA AA AA 5A 6A AA 69 6A A9 99 F8 5C C7 33 35 5A 35 35 65 35 35 56 5C C7 33 56 56 A5 65 95 59 AA AA 95 35 6A AA A9 5A A5 99 FF 5C C7 33 35 5A 35 35 65 35 35 56 5C C7 33 56 96 A5 65 99 35 6A AA 35 35 AA AA 66 9A 99 35 FF 5C C7 33 35 5A 35 35 65 35 35 56
[0000172195ms +001494ms] #00007 DATA 500k_8E1 5C C7 33 35 96 A5 35 9A 35 35 6A 5C C7 33 35 5A 35 65 35 35 95 35 AA AA AA AA 9A 35 AA 56
[0000172496ms +001795ms] #00008 DATA 500k_8E1 5C C7 33 56 56 A5 35 9A 35 35 A6 5C C7 33 35 5A 35 65 35 35 95 35 AA AA AA AA 9A 35 AA 56
[0000172796ms +002095ms] #00009 DATA 500k_8E1 5C C7 33 56 96 A5 35 6A 35 35 99 5C C7 33 35 5A 35 65 95 35 99 99 AA AA 35 35 AA 95 9A 96
[0000173105ms +002404ms] #00010 DATA 500k_8E1 5C C7 33 35 96 A5 35 9A 35 35 6A 00 5C C7 33 35 5A 35 65 35 35 95 35 AA AA AA AA 9A 35 AA 56
[0000173405ms +002704ms] #00011 DATA 500k_8E1 5C C7 33 56 56 A5 35 9A 35 35 A6 5C C7 33 35 5A 35 65 35 35 95 35 AA AA AA AA 9A 35 AA 56
[0000173706ms +003005ms] #00012 DATA 500k_8E1 5C C7 33 56 96 A5 35 6A 35 35 99 00 5C C7 33 35 5A 35 65 95 35 99 99 AA AA 35 35 AA 95 9A 96
[0000173998ms +003297ms] #00013 DATA 500k_8E1 5C C7 33 35 96 A5 35 9A 35 35 6A 00 5C C7 33 35 5A 35 65 35 35 95 35 AA AA AA AA 9A 35 AA 56
[0000174305ms +003604ms] #00014 DATA 500k_8E1 5C C7 33 56 56 A5 35 9A 35 35 A6 5C C7 33 35 5A 35 65 35 35 95 35 AA AA AA AA 9A 35 AA 56
[0000174593ms +003892ms] #00015 DATA 500k_8E1 5C C7 33 35 95 35 59 AA AA 6A AA 96 65 99 5A F8 5C C7 33 35 5A 35 35 65 35 35 56
[0000174605ms +003904ms] #00016 DATA 500k_8E1 5C C7 33 56 96 A5 35 6A 35 35 99 00 5C C7 33 35 5A 35 65 95 35 99 99 AA AA 35 35 AA 95 9A 96
[0000174613ms +003912ms] #00017 DATA 500k_8E1 5C C7 33 56 35 35 59 AA AA 6A AA 5A 65 99 66 80
[0000174630ms +003929ms] #00018 DATA 500k_8E1 5C C7 33 56 35 35 59 AA AA 6A AA 5A 65 99 66 E0 5C C7 33 35 5A 35 35 65 35 35 56
[0000174641ms +003940ms] #00019 DATA 500k_8E1 5C C7 33 56 95 35 59 6A AA AA AA 5A 65 A5 6A 00 5C C7 33 35 5A 35 35 65 35 35 56
[0000174900ms +004199ms] #00020 DATA 500k_8E1 5C C7 33 35 96 A5 35 9A 35 35 6A 5C C7 33 35 5A 35 65 35 35 95 35 AA AA AA AA 9A 35 AA 56
[0000175200ms +004499ms] #00021 DATA 500k_8E1 5C C7 33 56 56 A5 35 9A 35 35 A6 00 5C C7 33 35 5A 35 65 35 35 95 35 AA AA AA AA 9A 35 AA 56
[0000175501ms +004800ms] #00022 DATA 500k_8E1 5C C7 33 56 96 A5 35 6A 35 35 99 00 5C C7 33 35 5A 35 65 95 35 99 99 AA AA 35 35 AA 95 9A 96
[0000175809ms +005108ms] #00023 DATA 500k_8E1 5C C7 33 35 96 A5 35 9A 35 35 6A 00 5C C7 33 35 5A 35 65 35 35 95 35 AA AA AA AA 9A 35 AA 56
[0000176110ms +005409ms] #00024 DATA 500k_8E1 5C C7 33 56 56 A5 35 9A 35 35 A6 5C C7 33 35 5A 35 65 35 35 95 35 AA AA AA AA 9A 35 AA 56
[0000176410ms +005709ms] #00025 DATA 500k_8E1 5C C7 33 56 96 A5 35 6A 35 35 99 5C C7 33 35 5A 35 65 95 35 99 99 AA AA 35 35 AA 95 9A 96
[0000176709ms +006008ms] #00026 DATA 500k_8E1 5C C7 33 35 96 A5 35 9A 35 35 6A 00 5C C7 33 35 5A 35 65 35 35 95 35 AA AA AA AA 9A 35 AA 56
[0000177009ms +006308ms] #00027 DATA 500k_8E1 5C C7 33 56 56 A5 35 9A 35 35 A6 00 5C C7 33 35 5A 35 65 35 35 95 35 AA AA AA AA 9A 35 AA 56
[0000177168ms +006467ms] #00028 DATA 500k_8E1 5C C7 33 35 96 A5 65 96 AA AA AA AA 5A 6A AA 69 6A A9 99 F8 5C C7 33 35 5A 35 35 65 35 35 56 5C C7 33 56 56 A5 65 95 59 AA AA 95 35 6A AA A9 5A A5 99 FF 5C C7 33 35 5A 35 35 65 35 35 56 5C C7 33 56 96 A5 65 99 35 6A AA 35 35 AA AA 66 9A 99 35 FF 5C C7 33 35 5A 35 35 65 35 35 56
[0000177306ms +006605ms] #00029 DATA 500k_8E1 5C C7 33 56 96 A5 35 6A 35 35 99 5C C7 33 35 5A 35 65 95 35 99 99 AA AA 35 35 AA 95 9A 96
[0000177604ms +006903ms] #00030 DATA 500k_8E1 5C C7 33 35 96 A5 35 9A 35 35 6A 5C C7 33 35 5A 35 65 35 35 95 35 AA AA AA AA 9A 35 AA 56
[0000177905ms +007204ms] #00031 DATA 500k_8E1 5C C7 33 56 56 A5 35 9A 35 35 A6 00 5C C7 33 35 5A 35 65 35 35 95 35 AA AA AA AA 9A 35 AA 56
[0000178205ms +007504ms] #00032 DATA 500k_8E1 5C C7 33 56 96 A5 35 6A 35 35 99 5C C7 33 35 5A 35 65 95 35 99 99 AA AA 35 35 AA 95 9A 96
[0000178514ms +007813ms] #00033 DATA 500k_8E1 5C C7 33 35 96 A5 35 9A 35 35 6A 00 5C C7 33 35 5A 35 65 35 35 95 35 AA AA AA AA 9A 35 AA 56
[0000178810ms +008109ms] #00034 DATA 500k_8E1 5C C7 33 56 56 A5 35 9A 35 35 A6 5C C7 33 35 5A 35 65 35 35 95 35 AA AA AA AA 9A 35 AA 56
[0000179107ms +008406ms] #00035 DATA 500k_8E1 5C C7 33 56 96 A5 35 6A 35 35 99 5C C7 33 35 5A 35 65 95 35 99 99 AA AA 35 35 AA 95 9A 96
[0000179411ms +008710ms] #00036 DATA 500k_8E1 5C C7 33 35 96 A5 35 9A 35 35 6A 00 5C C7 33 35 5A 35 65 35 35 95 35 AA AA AA AA 9A 35 AA 56
[0000179714ms +009013ms] #00037 DATA 500k_8E1 5C C7 33 56 56 A5 35 9A 35 35 A6 5C C7 33 35 5A 35 65 35 35 95 35 AA AA AA AA 9A 35 AA 56
[0000180014ms +009313ms] #00038 DATA 500k_8E1 5C C7 33 56 96 A5 35 6A 35 35 99 5C C7 33 35 5A 35 65 95 35 99 99 AA AA 35 35 AA 95 9A 96
[0000180312ms +009611ms] #00039 DATA 500k_8E1 5C C7 33 35 96 A5 35 9A 35 35 6A 5C C7 33 35 5A 35 65 35 35 95 35 AA AA AA AA 9A 35 AA 56
[0000180613ms +009912ms] #00040 DATA 500k_8E1 5C C7 33 56 56 A5 35 9A 35 35 A6 5C C7 33 35 5A 35 65 35 35 95 35 AA AA AA AA 9A 35 AA 56
[0000180913ms +010212ms] #00041 DATA 500k_8E1 5C C7 33 56 96 A5 35 6A 35 35 99 00 5C C7 33 35 5A 35 65 95 35 99 99 AA AA 35 35 AA 95 9A 96
[0000181212ms +010511ms] #00042 DATA 500k_8E1 5C C7 33 35 96 A5 35 9A 35 35 6A 5C C7 33 35 5A 35 65 35 35 95 35 AA AA AA AA 9A 35 AA 56
[0000181512ms +010811ms] #00043 DATA 500k_8E1 5C C7 33 56 56 A5 35 9A 35 35 A6 5C C7 33 35 5A 35 65 35 35 95 35 AA AA AA AA 9A 35 AA 56
[0000181813ms +011112ms] #00044 DATA 500k_8E1 5C C7 33 56 96 A5 35 6A 35 35 99 5C C7 33 35 5A 35 65 95 35 99 99 AA AA 35 35 AA 95 9A 96
[0000182111ms +011410ms] #00045 DATA 500k_8E1 5C C7 33 35 96 A5 35 9A 35 35 6A 5C C7 33 35 5A 35 65 35 35 95 35 AA AA AA AA 9A 35 AA 56
[0000182178ms +011477ms] #00046 DATA 500k_8E1 5C C7 33 35 96 A5 65 96 AA AA AA AA 5A 6A AA 69 6A A9 99 F0 5C C7 33 35 5A 35 35 65 35 35 56 5C C7 33 56 56 A5 65 95 59 AA AA 95 35 6A AA A9 5A A5 99 FF 5C C7 33 35 5A 35 35 65 35 35 56 5C C7 33 56 96 A5 65 99 35 6A AA 35 35 AA AA 66 9A 99 35 FF
[0000182199ms +011498ms] #00047 DATA 500k_8E1 5C C7 33 56 96 A5 65 99 35 6A AA 35 35 AA AA 66 9A 99 35 FF 5C C7 33 35 5A 35 35 65 35 35 56
[0000182414ms +011713ms] #00048 DATA 500k_8E1 5C C7 33 56 56 A5 35 9A 35 35 A6 5C C7 33 35 5A 35 65 35 35 95 35 AA AA AA AA 9A 35 AA 56
[0000182714ms +012013ms] #00049 DATA 500k_8E1 5C C7 33 56 96 A5 35 6A 35 35 99 00 5C C7 33 35 5A 35 65 95 35 99 99 AA AA 35 35 AA 95 9A 96
[0000183013ms +012312ms] #00050 DATA 500k_8E1 5C C7 33 35 96 A5 35 9A 35 35 6A 5C C7 33 35 5A 35 65 35 35 95 35 AA AA AA AA 9A 35 AA 56
[0000183315ms +012614ms] #00051 DATA 500k_8E1 5C C7 33 56 56 A5 35 9A 35 35 A6 00 5C C7 33 35 5A 35 65 35 35 95 35 AA AA AA AA 9A 35 AA 56
[0000183622ms +012921ms] #00052 DATA 500k_8E1 5C C7 33 56 96 A5 35 6A 35 35 99 5C C7 33 35 5A 35 65 95 35 99 99 AA AA 35 35 AA 95 9A 96
[0000183916ms +013215ms] #00053 DATA 500k_8E1 5C C7 33 35 96 A5 35 9A 35 35 6A 5C C7 33 35 5A 35 65 35 35 95 35 AA AA AA AA 9A 35 AA 56
[0000184223ms +013522ms] #00054 DATA 500k_8E1 5C C7 33 56 56 A5 35 9A 35 35 A6 5C C7 33 35 5A 35 65 35 35 95 35 AA AA AA AA 9A 35 AA 56
[0000184523ms +013822ms] #00055 DATA 500k_8E1 5C C7 33 56 96 A5 35 6A 35 35 99 5C C7 33 35 5A 35 65 95 35 99 99 AA AA 35 35 AA 95 9A 96
[0000184822ms +014121ms] #00056 DATA 500k_8E1 5C C7 33 35 96 A5 35 9A 35 35 6A 5C C7 33 35 5A 35 65 35 35 95 35 AA AA AA AA 9A 35 AA 56
[0000185122ms +014421ms] #00057 DATA 500k_8E1 5C C7 33 56 56 A5 35 9A 35 35 A6 5C C7 33 35 5A 35 65 35 35 95 35 AA AA AA AA 9A 35 AA 56
[0000185423ms +014722ms] #00058 DATA 500k_8E1 5C C7 33 56 96 A5 35 6A 35 35 99 00 5C C7 33 35 5A 35 65 95 35 99 99 AA AA 35 35 AA 95 9A 96
[0000185609ms +014908ms] #00059 DATA 500k_8E1 5C C7 33 35 95 35 59 AA AA 6A AA 96 65 99 5A C0 5C C7 33 35 5A 35 35 65 35 35 56
[0000185623ms +014922ms] #00060 DATA 500k_8E1 5C C7 33 56 35 35 59 AA AA 6A AA 5A 65 99 66 E0 5C C7 33 35 5A 35 35 65 35 35 56
[0000185635ms +014934ms] #00061 DATA 500k_8E1 5C C7 33 56 95 35 59 6A AA AA AA 5A 65 A5 6A 00 5C C7 33 35 5A 35 35 65 35 35 56
[0000185717ms +015016ms] #00062 DATA 500k_8E1 5C C7 33 35 96 A5 35 9A 35 35 6A 5C C7 33 35 5A 35 65 35 35 95 35 AA AA AA AA 9A 35 AA 56
[0000186017ms +015316ms] #00063 DATA 500k_8E1 5C C7 33 56 56 A5 35 9A 35 35 A6 5C C7 33 35 5A 35 65 35 35 95 35 AA AA AA AA 9A 35 AA 56
[0000186318ms +015617ms] #00064 DATA 500k_8E1 5C C7 33 56 96 A5 35 6A 35 35 99 00 5C C7 33 35 5A 35 65 95 35 99 99 AA AA 35 35 AA 95 9A 96
