[0000145097ms +000000ms] #00001 DATA 500k_8E1 5C C7 33 56 96 A5 35 6A 35 35 99 5C C7 33 35 5A 35 65 35 35 99 99 35 35 35 35 A5 95 A6 56
[0000145395ms +000298ms] #00002 DATA 500k_8E1 5C C7 33 35 96 A5 35 9A 35 35 6A 00
[0000145406ms +000309ms] #00003 DATA 500k_8E1 5C C7 33 35 96 A5 35 9A 35 35 6A 5C C7 33 35 5A 35 65 35 35 35 35 59 35 35 35 59 95 A9 95
[0000145696ms +000599ms] #00004 DATA 500k_8E1 5C C7 33 56 56 A5 35 9A 35 35 A6 00 5C C7 33 35 5A 35 65 35 35 35 35 35 35 35 35 A9 95 AA 56
[0000145854ms +000757ms] #00005 DATA 500k_8E1 5C C7 33 35 96 A5 65 9A AA AA AA AA 5A AA AA 35 6A A9 35 FF 5C C7 33 35 5A 35 35 65 35 35 56 5C C7 33 56 56 A5 65 99 59 AA AA 95 35 AA AA 95 5A A5 35 FF 5C C7 33 35 5A 35 35 65 35 35 56 5C C7 33 56 96 A5 65 99 35 AA AA 35 35 AA AA 9A 5A 99 56 FF 5C C7 33 35 5A 35 35 65 35 35 56
[0000145992ms +000895ms] #00006 DATA 500k_8E1 5C C7 33 56 96 A5 35 6A 35 35 99 00 5C C7 33 35 5A 35 65 35 35 99 99 35 35 35 35 A5 95 A6 56
[0000146291ms +001194ms] #00007 DATA 500k_8E1 5C C7 33 35 96 A5 35 9A 35 35 6A 5C C7 33 35 5A 35 65 35 35 35 35 59 35 35 35 59 95 A9 95
[0000146591ms +001494ms] #00008 DATA 500k_8E1 5C C7 33 56 56 A5 35 9A 35 35 A6 5C C7 33 35 5A 35 65 35 35 35 35 35 35 35 35 A9 95 AA 56
[0000146891ms +001794ms] #00009 DATA 500k_8E1 5C C7 33 56 96 A5 35 6A 35 35 99 5C C7 33 35 5A 35 65 35 35 99 99 35 35 35 35 A5 95 A6 56
[0000147200ms +002103ms] #00010 DATA 500k_8E1 5C C7 33 35 96 A5 35 9A 35 35 6A 5C C7 33 35 5A 35 65 35 35 35 35 59 35 35 35 59 95 A9 95
[0000147500ms +002403ms] #00011 DATA 500k_8E1 5C C7 33 56 56 A5 35 9A 35 35 A6 5C C7 33 35 5A 35 65 35 35 35 35 35 35 35 35 A9 95 AA 56
[0000147801ms +002704ms] #00012 DATA 500k_8E1 5C C7 33 56 96 A5 35 6A 35 35 99 00 5C C7 33 35 5A 35 65 35 35 99 99 35 35 35 35 A5 95 A6 56
[0000148095ms +002998ms] #00013 DATA 500k_8E1 5C C7 33 35 96 A5 35 9A 35 35 6A 5C C7 33 35 5A 35 65 35 35 35 35 59 35 35 35 59 95 A9 95
[0000148401ms +003304ms] #00014 DATA 500k_8E1 5C C7 33 56 56 A5 35 9A 35 35 A6 5C C7 33 35 5A 35 65 35 35 35 35 35 35 35 35 A9 95 AA 56
[0000148698ms +003601ms] #00015 DATA 500k_8E1 5C C7 33 56 96 A5 35 6A 35 35 99 00 5C C7 33 35 5A 35 65 35 35 99 99 35 35 35 35 A5 95 A6 56
[0000148998ms +003901ms] #00016 DATA 500k_8E1 5C C7 33 35 96 A5 35 9A 35 35 6A 5C C7 33 35 5A 35 65 35 35 35 35 59 35 35 35 59 95 A9 95
[0000149289ms +004192ms] #00017 DATA 500k_8E1 5C C7 33 35 95 35 59 A6 AA AA AA AA 65 9A 9A C0 5C C7 33 35 5A 35 35 65 35 35 56
[0000149301ms +004204ms] #00018 DATA 500k_8E1 5C C7 33 56 56 A5 35 9A 35 35 A6 5C C7 33 35 5A 35 65 35 35 35 35 35 35 35 35 A9 95 AA 56
[0000149601ms +004504ms] #00019 DATA 500k_8E1 5C C7 33 56 96 A5 35 6A 35 35 99 00 5C C7 33 35 5A 35 65 35 35 99 99 35 35 35 35 A5 95 A6 56
[0000149899ms +004802ms] #00020 DATA 500k_8E1 5C C7 33 35 96 A5 35 9A 35 35 6A 5C C7 33 35 5A 35 65 59 35 35 35 59 35 35 35 A9 95 A9 5A
[0000150200ms +005103ms] #00021 DATA 500k_8E1 5C C7 33 56 56 A5 35 9A 35 35 A6 5C C7 33 35 5A 35 65 35 35 35 35 35 35 35 35 A9 95 AA 56
[0000150500ms +005403ms] #00022 DATA 500k_8E1 5C C7 33 56 96 A5 35 6A 35 35 99 5C C7 33 35 5A 35 65 35 35 99 99 35 35 35 35 A5 95 A6 56
[0000150799ms +005702ms] #00023 DATA 500k_8E1 5C C7 33 35 96 A5 35 9A 35 35 6A 5C C7 33 35 5A 35 65 59 35 35 35 59 35 35 35 A9 95 A9 5A
[0000150865ms +005768ms] #00024 DATA 500k_8E1 5C C7 33 35 96 A5 65 9A AA A6 AA AA 5A AA AA A5 A6 A9 56 F8 5C C7 33 35 5A 35 35 65 35 35 56 5C C7 33 56 56 A5 65 99 59 AA AA 95 35 AA AA 95 5A A5 35 FF 5C C7 33 35 5A 35 35 65 35 35 56 5C C7 33 56 96 A5 65 99 35 AA AA 35 35 AA AA 9A 5A 99 56 FF 5C C7 33 35 5A 35 35 65 35 35 56
[0000151105ms +006008ms] #00025 DATA 500k_8E1 5C C7 33 56 56 A5 35 9A 35 35 A6 00 5C C7 33 35 5A 35 65 35 35 35 35 35 35 35 35 A9 95 AA 56
[0000151293ms +006196ms] #00026 DATA 500k_8E1 5C C7 33 35 95 35 59 A6 AA AA AA AA 65 9A 9A 00 5C C7 33 35 5A 35 35 65 35 35 56
[0000151308ms +006211ms] #00027 DATA 500k_8E1 5C C7 33 56 35 35 59 AA AA AA AA 96 65 99 65 C0 5C C7 33 35 5A 35 35 65 35 35 56
[0000151320ms +006223ms] #00028 DATA 500k_8E1 5C C7 33 56 95 35 59 AA AA AA AA AA 65 99 69 00 5C C7 33 35 5A 35 35 65 35 35 56
[0000151401ms +006304ms] #00029 DATA 500k_8E1 5C C7 33 56 96 A5 35 6A 35 35 99 5C C7 33 35 5A 35 65 35 35 99 99 35 35 35 35 A5 95 A6 56
