[0000356994ms +000000ms] #00001 DATA 500k_8E1 5C C7 33 35 96 A5 35 9A 35 35 6A 5C C7 33 35 5A 35 65 35 56 35 35 AA A9 AA AA 5A 65 AA 35
[0000357294ms +000300ms] #00002 DATA 500k_8E1 5C C7 33 56 56 A5 35 9A 35 35 A6 00 5C C7 33 35 5A 35 65 35 56 35 35 AA A9 AA AA 5A 65 AA 35
[0000357455ms +000461ms] #00003 DATA 500k_8E1 5C C7 33 35 96 A5 65 96 AA AA AA AA 5A AA AA A5 6A A9 9A E0 5C C7 33 35 5A 35 35 65 35 35 56 5C C7 33 56 56 A5 65 95 59 AA AA 95 35 AA AA 65 5A A5 9A FC 5C C7 33 35 5A 35 35 65 35 35 56 5C C7 33 56 96 A5 65 99 35 AA AA 35 35 AA AA 9A 5A 99 56 FF 5C C7 33 35 5A 35 35 65 35 35 56
[0000357597ms +000603ms] #00004 DATA 500k_8E1 5C C7 33 56 96 A5 35 6A 35 35 99 00 5C C7 33 35 5A 35 65 35 56 99 99 AA A9 35 35 66 65 96 35
[0000357901ms +000907ms] #00005 DATA 500k_8E1 5C C7 33 35 96 A5 35 9A 35 35 6A 5C C7 33 35 5A 35 65 35 56 35 35 AA A9 AA AA 5A 65 AA 35
[0000358198ms +001204ms] #00006 DATA 500k_8E1 5C C7 33 56 56 A5 35 9A 35 35 A6 5C C7 33 35 5A 35 65 35 56 35 35 AA A9 AA AA 5A 65 AA 35
[0000358502ms +001508ms] #00007 DATA 500k_8E1 5C C7 33 56 96 A5 35 6A 35 35 99 5C C7 33 35 5A 35 65 35 56 99 99 AA A9 35 35 66 65 96 35
[0000358801ms +001807ms] #00008 DATA 500k_8E1 5C C7 33 35 96 A5 35 9A 35 35 6A 5C C7 33 35 5A 35 65 35 56 35 35 AA A9 AA AA 5A 65 AA 35
[0000359101ms +002107ms] #00009 DATA 500k_8E1 5C C7 33 56 56 A5 35 9A 35 35 A6 5C C7 33 35 5A 35 65 35 56 35 35 AA A9 AA AA 5A 65 AA 35
[0000359402ms +002408ms] #00010 DATA 500k_8E1 5C C7 33 56 96 A5 35 6A 35 35 99 5C C7 33 35 5A 35 65 35 56 99 99 AA A9 35 35 66 65 96 35
[0000359700ms +002706ms] #00011 DATA 500k_8E1 5C C7 33 35 96 A5 35 9A 35 35 6A 5C C7 33 35 5A 35 65 35 56 35 35 AA A9 AA AA 5A 65 AA 35
[0000360001ms +003007ms] #00012 DATA 500k_8E1 5C C7 33 56 56 A5 35 9A 35 35 A6
[0000360012ms +003018ms] #00013 DATA 500k_8E1 5C C7 33 56 56 A5 35 9A 35 35 A6 5C C7 33 35 5A 35 65 35 56 35 35 AA A9 AA AA 5A 65 AA 35
[0000360301ms +003307ms] #00014 DATA 500k_8E1 5C C7 33 56 96 A5 35 6A 35 35 99 5C C7 33 35 5A 35 65 35 56 99 99 AA A9 35 35 66 65 96 35
[0000360600ms +003606ms] #00015 DATA 500k_8E1 5C C7 33 35 96 A5 35 9A 35 35 6A 00 5C C7 33 35 5A 35 65 35 56 35 35 AA A9 AA AA 5A 65 AA 35
[0000360901ms +003907ms] #00016 DATA 500k_8E1 5C C7 33 56 56 A5 35 9A 35 35 A6 5C C7 33 35 5A 35 65 35 56 35 35 AA A9 AA AA 5A 65 AA 35
[0000361201ms +004207ms] #00017 DATA 500k_8E1 5C C7 33 56 96 A5 35 6A 35 35 99 5C C7 33 35 5A 35 65 35 56 99 99 AA A9 35 35 66 65 96 35
[0000361500ms +004506ms] #00018 DATA 500k_8E1 5C C7 33 35 96 A5 35 9A 35 35 6A 5C C7 33 35 5A 35 65 35 56 35 35 AA A9 AA AA 5A 65 AA 35
[0000361800ms +004806ms] #00019 DATA 500k_8E1 5C C7 33 56 56 A5 35 9A 35 35 A6 5C C7 33 35 5A 35 65 35 56 35 35 AA A9 AA AA 5A 65 AA 35
[0000361898ms +004904ms] #00020 DATA 500k_8E1 5C C7 33 35 95 35 59 AA AA AA AA 5A 65 99 59 C0
[0000361915ms +004921ms] #00021 DATA 500k_8E1 5C C7 33 35 95 35 59 AA AA AA AA 5A 65 99 59 80 5C C7 33 35 5A 35 35 65 35 35 56
[0000361930ms +004936ms] #00022 DATA 500k_8E1 5C C7 33 56 35 35 59 AA AA AA AA 96 65 99 65 E0 5C C7 33 35 5A 35 35 65 35 35 56
[0000361941ms +004947ms] #00023 DATA 500k_8E1 5C C7 33 56 95 35 59 AA AA AA AA AA 65 99 69 C0 5C C7 33 35 5A 35 35 65 35 35 56
[0000362105ms +005111ms] #00024 DATA 500k_8E1 5C C7 33 56 96 A5 35 6A 35 35 99 00 5C C7 33 35 5A 35 65 35 56 99 99 AA A9 35 35 66 65 96 35
[0000362409ms +005415ms] #00025 DATA 500k_8E1 5C C7 33 35 96 A5 35 9A 35 35 6A 80 5C C7 33 35 5A 35 65 35 56 35 35 AA A9 AA AA 5A 65 AA 35
[0000362468ms +005474ms] #00026 DATA 500k_8E1 5C C7 33 35 96 A5 65 96 AA AA AA AA 5A AA AA A5 6A A9 9A 80 5C C7 33 35 5A 35 35 65 35 35 56 5C C7 33 56 56 A5 65 95 59 AA AA 95 35 AA AA 65 5A A5 9A FE 5C C7 33 35 5A 35 35 65 35 35 56 5C C7 33 56 96 A5 65 99 35 AA AA 35 35 AA AA 9A 5A 99 56 FF 5C C7 33 35 5A 35 35 65 35 35 56
[0000362704ms +005710ms] #00027 DATA 500k_8E1 5C C7 33 56 56 A5 35 9A 35 35 A6 5C C7 33 35 5A 35 65 35 56 35 35 AA A9 AA AA 5A 65 AA 35
[0000363010ms +006016ms] #00028 DATA 500k_8E1 5C C7 33 56 96 A5 35 6A 35 35 99 5C C7 33 35 5A 35 65 35 56 99 99 AA A9 35 35 66 65 96 35
[0000363311ms +006317ms] #00029 DATA 500k_8E1 5C C7 33 35 96 A5 35 9A 35 35 6A 5C C7 33 35 5A 35 65 35 56 35 35 AA A9 AA AA 5A 65 AA 35
[0000363611ms +006617ms] #00030 DATA 500k_8E1 5C C7 33 56 56 A5 35 9A 35 35 A6 5C C7 33 35 5A 35 65 35 56 35 35 AA A9 AA AA 5A 65 AA 35
[0000363912ms +006918ms] #00031 DATA 500k_8E1 5C C7 33 56 96 A5 35 6A 35 35 99 5C C7 33 35 5A 35 65 35 56 99 99 AA A9 35 35 66 65 96 35
