[0001479458ms +000000ms] #00001 DATA 500k_8E1 5C C7 33 35 96 A5 65 9A AA A6 AA AA 5A AA AA A5 A6 A9 56 E0 5C C7 33 35 5A 35 35 65 35 35 56 5C C7 33 56 56 A5 65 99 59 A6 AA 95 35 AA AA 65 96 A5 56 FE 5C C7 33 35 5A 35 35 65 35 35 56 5C C7 33 56 96 A5 65 99 35 A6 AA 35 35 AA AA 6A 96 99 35 FF 5C C7 33 35 5A 35 35 65 35 35 56
[0001479494ms +000036ms] #00002 DATA 500k_8E1 5C C7 33 35 96 A5 35 9A 35 35 6A 5C C7 33 35 5A 35 65 59 35 35 35 59 35 35 35 A9 95 A9 5A
[0001479795ms +000337ms] #00003 DATA 500k_8E1 5C C7 33 56 56 A5 35 9A 35 35 A6 00
[0001479807ms +000349ms] #00004 DATA 500k_8E1 5C C7 33 56 56 A5 35 9A 35 35 A6 5C C7 33 35 5A 35 65 59 35 35 35 59 35 35 35 A9 95 A9 5A
[0001480097ms +000639ms] #00005 DATA 500k_8E1 5C C7 33 56 96 A5 35 6A 35 35 99
[0001480108ms +000650ms] #00006 DATA 500k_8E1 5C C7 33 56 96 A5 35 6A 35 35 99 5C C7 33 35 5A 35 65 59 35 99 99 59 35 35 35 A5 95 A5 5A
[0001480396ms +000938ms] #00007 DATA 500k_8E1 5C C7 33 35 96 A5 35 9A 35 35 6A 5C C7 33 35 5A 35 65 59 35 35 35 59 35 35 35 A9 95 A9 5A
[0001480697ms +001239ms] #00008 DATA 500k_8E1 5C C7 33 56 56 A5 35 9A 35 35 A6 5C C7 33 35 5A 35 65 59 35 35 35 59 35 35 35 A9 95 A9 5A
[0001480997ms +001539ms] #00009 DATA 500k_8E1 5C C7 33 56 96 A5 35 6A 35 35 99
[0001481009ms +001551ms] #00010 DATA 500k_8E1 5C C7 33 56 96 A5 35 6A 35 35 99 5C C7 33 35 5A 35 65 59 35 99 99 59 35 35 35 A5 95 A5 5A
[0001481298ms +001840ms] #00011 DATA 500k_8E1 5C C7 33 35 96 A5 35 9A 35 35 6A 5C C7 33 35 5A 35 65 59 35 35 35 59 35 35 35 A9 95 A9 5A
[0001481598ms +002140ms] #00012 DATA 500k_8E1 5C C7 33 56 56 A5 35 9A 35 35 A6 5C C7 33 35 5A 35 65 59 35 35 35 59 35 35 35 A9 95 A9 5A
[0001481899ms +002441ms] #00013 DATA 500k_8E1 5C C7 33 56 96 A5 35 6A 35 35 99 5C C7 33 35 5A 35 65 59 35 99 99 59 35 35 35 A5 95 A5 5A
[0001482198ms +002740ms] #00014 DATA 500k_8E1 5C C7 33 35 96 A5 35 9A 35 35 6A 80 5C C7 33 35 5A 35 65 59 35 35 35 59 35 35 35 A9 95 A9 5A
[0001482500ms +003042ms] #00015 DATA 500k_8E1 5C C7 33 56 56 A5 35 9A 35 35 A6 5C C7 33 35 5A 35 65 59 35 35 35 59 35 35 35 A9 95 A9 5A
[0001482804ms +003346ms] #00016 DATA 500k_8E1 5C C7 33 56 96 A5 35 6A 35 35 99 5C C7 33 35 5A 35 65 59 35 99 99 59 35 35 35 A5 95 A5 5A
[0001483100ms +003642ms] #00017 DATA 500k_8E1 5C C7 33 35 96 A5 35 9A 35 35 6A 5C C7 33 35 5A 35 65 59 35 35 35 59 35 35 35 A9 95 A9 5A
[0001483398ms +003940ms] #00018 DATA 500k_8E1 5C C7 33 56 56 A5 35 9A 35 35 A6 5C C7 33 35 5A 35 65 59 35 35 35 59 35 35 35 A9 95 A9 5A
[0001483705ms +004247ms] #00019 DATA 500k_8E1 5C C7 33 56 96 A5 35 6A 35 35 99 5C C7 33 35 5A 35 65 59 35 99 99 59 35 35 35 A5 95 A5 5A
[0001484003ms +004545ms] #00020 DATA 500k_8E1 5C C7 33 35 96 A5 35 9A 35 35 6A 5C C7 33 35 5A 35 65 59 35 35 35 59 35 35 35 A9 95 A9 5A
[0001484304ms +004846ms] #00021 DATA 500k_8E1 5C C7 33 56 56 A5 35 9A 35 35 A6 00 5C C7 33 35 5A 35 65 59 35 35 35 59 35 35 35 A9 95 A9 5A
[0001484463ms +005005ms] #00022 DATA 500k_8E1 5C C7 33 35 96 A5 65 9A AA A6 AA AA 5A AA AA A5 A6 A9 56 F0 5C C7 33 35 5A 35 35 65 35 35 56 5C C7 33 56 56 A5 65 99 59 A6 AA 95 35 AA AA 65 96 A5 56 FF 5C C7 33 35 5A 35 35 65 35 35 56 5C C7 33 56 96 A5 65 99 35 A6 AA 35 35 AA AA 6A 96 99 35 FF 5C C7 33 35 5A 35 35 65 35 35 56
[0001484601ms +005143ms] #00023 DATA 500k_8E1 5C C7 33 56 96 A5 35 6A 35 35 99 00
[0001484615ms +005157ms] #00024 DATA 500k_8E1 5C C7 33 56 96 A5 35 6A 35 35 99 5C C7 33 35 5A 35 65 59 35 99 99 59 35 35 35 A5 95 A5 5A
[0001484903ms +005445ms] #00025 DATA 500k_8E1 5C C7 33 35 96 A5 35 9A 35 35 6A 5C C7 33 35 5A 35 65 59 35 35 35 59 35 35 35 A9 95 A9 5A
[0001485204ms +005746ms] #00026 DATA 500k_8E1 5C C7 33 56 56 A5 35 9A 35 35 A6 5C C7 33 35 5A 35 65 59 35 35 35 59 35 35 35 A9 95 A9 5A
[0001485505ms +006047ms] #00027 DATA 500k_8E1 5C C7 33 56 96 A5 35 6A 35 35 99 5C C7 33 35 5A 35 65 59 35 99 99 59 35 35 35 A5 95 A5 5A
[0001485803ms +006345ms] #00028 DATA 500k_8E1 5C C7 33 35 96 A5 35 9A 35 35 6A 5C C7 33 35 5A 35 65 59 35 35 35 59 35 35 35 A9 95 A9 5A
[0001485900ms +006442ms] #00029 DATA 500k_8E1 5C C7 33 35 95 35 59 A6 AA AA AA AA 65 9A 9A 00 5C C7 33 35 5A 35 35 65 35 35 56
[0001485914ms +006456ms] #00030 DATA 500k_8E1 5C C7 33 56 35 35 59 A6 AA AA AA 66 65 9A A6 00 5C C7 33 35 5A 35 35 65 35 35 56
[0001485926ms +006468ms] #00031 DATA 500k_8E1 5C C7 33 56 95 35 59 A6 AA AA AA 5A 65 9A AA 5C C7 33 35 5A 35 35 65 35 35 56
[0001486110ms +006652ms] #00032 DATA 500k_8E1 5C C7 33 56 56 A5 35 9A 35 35 A6 5C C7 33 35 5A 35 65 59 35 35 35 59 35 35 35 A9 95 A9 5A
[0001486410ms +006952ms] #00033 DATA 500k_8E1 5C C7 33 56 96 A5 35 6A 35 35 99 80 5C C7 33 35 5A 35 65 59 35 99 99 59 35 35 35 A5 95 A5 5A
[0001486709ms +007251ms] #00034 DATA 500k_8E1 5C C7 33 35 96 A5 35 9A 35 35 6A 5C C7 33 35 5A 35 65 59 35 35 35 59 35 35 35 A9 95 A9 5A
[0001487009ms +007551ms] #00035 DATA 500k_8E1 5C C7 33 56 56 A5 35 9A 35 35 A6 5C C7 33 35 5A 35 65 59 35 35 35 59 35 35 35 A9 95 A9 5A
[0001487310ms +007852ms] #00036 DATA 500k_8E1 5C C7 33 56 96 A5 35 6A 35 35 99 5C C7 33 35 5A 35 65 59 35 99 99 59 35 35 35 A5 95 A5 5A
[0001487614ms +008156ms] #00037 DATA 500k_8E1 5C C7 33 35 96 A5 35 9A 35 35 6A
[0001487630ms +008172ms] #00038 DATA 500k_8E1 5C C7 33 35 96 A5 35 9A 35 35 6A 5C C7 33 35 5A 35 65 59 35 35 35 59 35 35 35 A9 95 A9 5A
[0001487915ms +008457ms] #00039 DATA 500k_8E1 5C C7 33 56 56 A5 35 9A 35 35 A6 5C C7 33 35 5A 35 65 59 35 35 35 59 35 35 35 A9 95 A9 5A
[0001488211ms +008753ms] #00040 DATA 500k_8E1 5C C7 33 56 96 A5 35 6A 35 35 99 5C C7 33 35 5A 35 65 59 35 99 99 59 35 35 35 A5 95 A5 5A
[0001488514ms +009056ms] #00041 DATA 500k_8E1 5C C7 33 35 96 A5 35 9A 35 35 6A 5C C7 33 35 5A 35 65 59 35 35 35 59 35 35 35 A9 95 A9 5A
[0001488815ms +009357ms] #00042 DATA 500k_8E1 5C C7 33 56 56 A5 35 9A 35 35 A6 5C C7 33 35 5A 35 65 59 35 35 35 59 35 35 35 A9 95 A9 5A
[0001489115ms +009657ms] #00043 DATA 500k_8E1 5C C7 33 56 96 A5 35 6A 35 35 99 5C C7 33 35 5A 35 65 59 35 99 99 59 35 35 35 A5 95 A5 5A
[0001489414ms +009956ms] #00044 DATA 500k_8E1 5C C7 33 35 96 A5 35 9A 35 35 6A 5C C7 33 35 5A 35 65 59 35 35 35 59 35 35 35 A9 95 A9 5A
[0001489470ms +010012ms] #00045 DATA 500k_8E1 5C C7 33 35 96 A5 65 9A AA A6 AA AA 5A AA AA A5 A6 A9 56 F8 5C C7 33 35 5A 35 35 65 35 35 56 5C C7 33 56 56 A5 65 99 59 A6 AA 95 35 AA AA 65 96 A5 56 FE 5C C7 33 35 5A 35 35 65 35 35 56 5C C7 33 56 96 A5 65 99 35 A6 AA 35 35 AA AA 6A 96 99 35 FF 5C C7 33 35 5A 35 35 65 35 35 56
[0001489710ms +010252ms] #00046 DATA 500k_8E1 5C C7 33 56 56 A5 35 9A 35 35 A6 5C C7 33 35 5A 35 65 59 35 35 35 59 35 35 35 A9 95 A9 5A
[0001490011ms +010553ms] #00047 DATA 500k_8E1 5C C7 33 56 96 A5 35 6A 35 35 99 00 5C C7 33 35 5A 35 65 59 35 99 99 59 35 35 35 A5 95 A5 5A
[0001490319ms +010861ms] #00048 DATA 500k_8E1 5C C7 33 35 96 A5 35 9A 35 35 6A 5C C7 33 35 5A 35 65 59 35 35 35 59 35 35 35 A9 95 A9 5A
[0001490620ms +011162ms] #00049 DATA 500k_8E1 5C C7 33 56 56 A5 35 9A 35 35 A6 5C C7 33 35 5A 35 65 59 35 35 35 59 35 35 35 A9 95 A9 5A
[0001490923ms +011465ms] #00050 DATA 500k_8E1 5C C7 33 56 96 A5 35 6A 35 35 99 00 5C C7 33 35 5A 35 65 59 35 99 99 59 35 35 35 A5 95 A5 5A
[0001491221ms +011763ms] #00051 DATA 500k_8E1 5C C7 33 35 96 A5 35 9A 35 35 6A 5C C7 33 35 5A 35 65 59 35 35 35 59 35 35 35 A9 95 A9 5A
[0001491522ms +012064ms] #00052 DATA 500k_8E1 5C C7 33 56 56 A5 35 9A 35 35 A6 00 5C C7 33 35 5A 35 65 59 35 35 35 59 35 35 35 A9 95 A9 5A
[0001491822ms +012364ms] #00053 DATA 500k_8E1 5C C7 33 56 96 A5 35 6A 35 35 99 00 5C C7 33 35 5A 35 65 59 35 99 99 59 35 35 35 A5 95 A5 5A
[0001492121ms +012663ms] #00054 DATA 500k_8E1 5C C7 33 35 96 A5 35 9A 35 35 6A 5C C7 33 35 5A 35 65 59 35 35 35 59 35 35 35 A9 95 A9 5A
[0001492420ms +012962ms] #00055 DATA 500k_8E1 5C C7 33 56 56 A5 35 9A 35 35 A6 80 5C C7 33 35 5A 35 65 59 35 35 35 59 35 35 35 A9 95 A9 5A
[0001492716ms +013258ms] #00056 DATA 500k_8E1 5C C7 33 56 96 A5 35 6A 35 35 99 5C C7 33 35 5A 35 65 59 35 99 99 59 35 35 35 A5 95 A5 5A
[0001493021ms +013563ms] #00057 DATA 500k_8E1 5C C7 33 35 96 A5 35 9A 35 35 6A 00 5C C7 33 35 5A 35 65 59 35 35 35 59 35 35 35 A9 95 A9 5A
[0001493324ms +013866ms] #00058 DATA 500k_8E1 5C C7 33 56 56 A5 35 9A 35 35 A6 5C C7 33 35 5A 35 65 59 35 35 35 59 35 35 35 A9 95 A9 5A
[0001493624ms +014166ms] #00059 DATA 500k_8E1 5C C7 33 56 96 A5 35 6A 35 35 99 5C C7 33 35 5A 35 65 59 35 99 99 59 35 35 35 A5 95 A5 5A
[0001493923ms +014465ms] #00060 DATA 500k_8E1 5C C7 33 35 96 A5 35 9A 35 35 6A 5C C7 33 35 5A 35 65 59 35 35 35 59 35 35 35 A9 95 A9 5A
[0001494223ms +014765ms] #00061 DATA 500k_8E1 5C C7 33 56 56 A5 35 9A 35 35 A6 00 5C C7 33 35 5A 35 65 59 35 35 35 59 35 35 35 A9 95 A9 5A
[0001494484ms +015026ms] #00062 DATA 500k_8E1 5C C7 33 35 96 A5 65 9A AA A6 AA AA 5A AA AA A5 A6 A9 56 F0 5C C7 33 35 5A 35 35 65 35 35 56 5C C7 33 56 56 A5 65 99 59 A6 AA 95 35 AA AA 65 96 A5 56 FF 5C C7 33 35 5A 35 35 65 35 35 56 5C C7 33 56 96 A5 65 99 35 A6 AA 35 35 AA AA 6A 96 99 35 FF 5C C7 33 35 5A 35 35 65 35 35 56
[0001494520ms +015062ms] #00063 DATA 500k_8E1 5C C7 33 56 96 A5 35 6A 35 35 99 5C C7 33 35 5A 35 65 59 35 99 99 59 35 35 35 A5 95 A5 5A
[0001494829ms +015371ms] #00064 DATA 500k_8E1 5C C7 33 35 96 A5 35 9A 35 35 6A 5C C7 33 35 5A 35 65 59 35 35 35 59 35 35 35 A9 95 A9 5A
[0001495129ms +015671ms] #00065 DATA 500k_8E1 5C C7 33 56 56 A5 35 9A 35 35 A6 5C C7 33 35 5A 35 65 59 35 35 35 59 35 35 35 A9 95 A9 5A
[0001495430ms +015972ms] #00066 DATA 500k_8E1 5C C7 33 56 96 A5 35 6A 35 35 99 00 5C C7 33 35 5A 35 65 59 35 99 99 59 35 35 35 A5 95 A5 5A
[0001495729ms +016271ms] #00067 DATA 500k_8E1 5C C7 33 35 96 A5 35 9A 35 35 6A 5C C7 33 35 5A 35 65 59 35 35 35 59 35 35 35 A9 95 A9 5A
[0001496029ms +016571ms] #00068 DATA 500k_8E1 5C C7 33 56 56 A5 35 9A 35 35 A6
[0001496043ms +016585ms] #00069 DATA 500k_8E1 5C C7 33 56 56 A5 35 9A 35 35 A6
[0001496063ms +016605ms] #00070 DATA 500k_8E1 5C C7 33 56 56 A5 35 9A 35 35 A6 5C C7 33 35 5A 35 65 59 35 35 35 59 35 35 35 A9 95 A9 5A
[0001496332ms +016874ms] #00071 DATA 500k_8E1 5C C7 33 56 96 A5 35 6A 35 35 99 80 5C C7 33 35 5A 35 65 59 35 99 99 59 35 35 35 A5 95 A5 5A
[0001496630ms +017172ms] #00072 DATA 500k_8E1 5C C7 33 35 96 A5 35 9A 35 35 6A 00 5C C7 33 35 5A 35 65 59 35 35 35 59 35 35 35 A9 95 A9 5A
[0001496925ms +017467ms] #00073 DATA 500k_8E1 5C C7 33 56 56 A5 35 9A 35 35 A6 00 5C C7 33 35 5A 35 65 59 35 35 35 59 35 35 35 A9 95 A9 5A
[0001496933ms +017475ms] #00074 DATA 500k_8E1 5C C7 33 35 95 35 59 A6 AA AA AA AA 65 9A 9A 00 5C C7 33 35 5A 35 35 65 35 35 56
[0001496945ms +017487ms] #00075 DATA 500k_8E1 5C C7 33 56 35 35 59 A6 AA AA AA 66 65 9A A6 5C C7 33 35 5A 35 35 65 35 35 56
[0001496957ms +017499ms] #00076 DATA 500k_8E1 5C C7 33 56 95 35 59 A6 AA AA AA 5A 65 9A AA 5C C7 33 35 5A 35 35 65 35 35 56
[0001497228ms +017770ms] #00077 DATA 500k_8E1 5C C7 33 56 96 A5 35 6A 35 35 99 5C C7 33 35 5A 35 65 59 35 99 99 59 35 35 35 A5 95 A5 5A
[0001497532ms +018074ms] #00078 DATA 500k_8E1 5C C7 33 35 96 A5 35 9A 35 35 6A 00 5C C7 33 35 5A 35 65 59 35 35 35 59 35 35 35 A9 95 A9 5A
[0001497829ms +018371ms] #00079 DATA 500k_8E1 5C C7 33 56 56 A5 35 9A 35 35 A6 5C C7 33 35 5A 35 65 59 35 35 35 59 35 35 35 A9 95 A9 5A
[0001498129ms +018671ms] #00080 DATA 500k_8E1 5C C7 33 56 96 A5 35 6A 35 35 99 5C C7 33 35 5A 35 65 59 35 99 99 59 35 35 35 A5 95 A5 5A
[0001498428ms +018970ms] #00081 DATA 500k_8E1 5C C7 33 35 96 A5 35 9A 35 35 6A 5C C7 33 35 5A 35 65 59 35 35 35 59 35 35 35 A9 95 A9 5A
[0001498728ms +019270ms] #00082 DATA 500k_8E1 5C C7 33 56 56 A5 35 9A 35 35 A6 5C C7 33 35 5A 35 65 59 35 35 35 59 35 35 35 A9 95 A9 5A
[0001499029ms +019571ms] #00083 DATA 500k_8E1 5C C7 33 56 96 A5 35 6A 35 35 99 5C C7 33 35 5A 35 65 59 35 99 99 59 35 35 35 A5 95 A5 5A
[0001499338ms +019880ms] #00084 DATA 500k_8E1 5C C7 33 35 96 A5 35 9A 35 35 6A
[0001499348ms +019890ms] #00085 DATA 500k_8E1 5C C7 33 35 96 A5 35 9A 35 35 6A
[0001499368ms +019910ms] #00086 DATA 500k_8E1 5C C7 33 35 96 A5 35 9A 35 35 6A 00
[0001499388ms +019930ms] #00087 DATA 500k_8E1 5C C7 33 35 96 A5 35 9A 35 35 6A 5C C7 33 35 5A 35 65 59 35 35 35 59 35 35 35 A9 95 A9 5A
[0001499496ms +020038ms] #00088 DATA 500k_8E1 5C C7 33 35 96 A5 65 9A AA A6 AA AA 5A AA AA A5 A6 A9 56 FC 5C C7 33 35 5A 35 35 65 35 35 56 5C C7 33 56 56 A5 65 99 59 A6 AA 95 35 AA AA 65 96 A5 56 FF 5C C7 33 35 5A 35 35 65 35 35 56 5C C7 33 56 96 A5 65 99 35 A6 AA 35 35 AA AA 6A 96 99 35 FF 5C C7 33 35 5A 35 35 65 35 35 56
[0001499634ms +020176ms] #00089 DATA 500k_8E1 5C C7 33 56 56 A5 35 9A 35 35 A6 5C C7 33 35 5A 35 65 59 35 35 35 59 35 35 35 A9 95 A9 5A
[0001499937ms +020479ms] #00090 DATA 500k_8E1 5C C7 33 56 96 A5 35 6A 35 35 99 00 5C C7 33 35 5A 35 65 59 35 99 99 59 35 35 35 A5 95 A5 5A
[0001500236ms +020778ms] #00091 DATA 500k_8E1 5C C7 33 35 96 A5 35 9A 35 35 6A 5C C7 33 35 5A 35 65 59 35 35 35 59 35 35 35 A9 95 A9 5A
[0001500536ms +021078ms] #00092 DATA 500k_8E1 5C C7 33 56 56 A5 35 9A 35 35 A6 5C C7 33 35 5A 35 65 59 35 35 35 59 35 35 35 A9 95 A9 5A
[0001500837ms +021379ms] #00093 DATA 500k_8E1 5C C7 33 56 96 A5 35 6A 35 35 99 80 5C C7 33 35 5A 35 65 59 35 99 99 59 35 35 35 A5 95 A5 5A
[0001501135ms +021677ms] #00094 DATA 500k_8E1 5C C7 33 35 96 A5 35 9A 35 35 6A 5C C7 33 35 5A 35 65 59 35 35 35 59 35 35 35 A9 95 A9 5A
[0001501436ms +021978ms] #00095 DATA 500k_8E1 5C C7 33 56 56 A5 35 9A 35 35 A6 5C C7 33 35 5A 35 65 59 35 35 35 59 35 35 35 A9 95 A9 5A
[0001501741ms +022283ms] #00096 DATA 500k_8E1 5C C7 33 56 96 A5 35 6A 35 35 99 5C C7 33 35 5A 35 65 59 35 99 99 59 35 35 35 A5 95 A5 5A
[0001502037ms +022579ms] #00097 DATA 500k_8E1 5C C7 33 35 96 A5 35 9A 35 35 6A 00 5C C7 33 35 5A 35 65 59 35 35 35 59 35 35 35 A9 95 A9 5A
[0001502344ms +022886ms] #00098 DATA 500k_8E1 5C C7 33 56 56 A5 35 9A 35 35 A6 00 5C C7 33 35 5A 35 65 59 35 35 35 59 35 35 35 A9 95 A9 5A
[0001502639ms +023181ms] #00099 DATA 500k_8E1 5C C7 33 56 96 A5 35 6A 35 35 99 00 5C C7 33 35 5A 35 65 59 35 99 99 59 35 35 35 A5 95 A5 5A
[0001502937ms +023479ms] #00100 DATA 500k_8E1 5C C7 33 35 96 A5 35 9A 35 35 6A 00 5C C7 33 35 5A 35 65 59 35 35 35 59 35 35 35 A9 95 A9 5A
[0001503238ms +023780ms] #00101 DATA 500k_8E1 5C C7 33 56 56 A5 35 9A 35 35 A6 5C C7 33 35 5A 35 65 59 35 35 35 59 35 35 35 A9 95 A9 5A
[0001503538ms +024080ms] #00102 DATA 500k_8E1 5C C7 33 56 96 A5 35 6A 35 35 99 5C C7 33 35 5A 35 65 59 35 99 99 59 35 35 35 A5 95 A5 5A
[0001503847ms +024389ms] #00103 DATA 500k_8E1 5C C7 33 35 96 A5 35 9A 35 35 6A 5C C7 33 35 5A 35 65 59 35 35 35 59 35 35 35 A9 95 A9 5A
[0001504148ms +024690ms] #00104 DATA 500k_8E1 5C C7 33 56 56 A5 35 9A 35 35 A6 80 5C C7 33 35 5A 35 65 59 35 35 35 59 35 35 35 A9 95 A9 5A
[0001504448ms +024990ms] #00105 DATA 500k_8E1 5C C7 33 56 96 A5 35 6A 35 35 99
[0001504467ms +025009ms] #00106 DATA 500k_8E1 5C C7 33 56 96 A5 35 6A 35 35 99 5C C7 33 35 5A 35 65 59 35 99 99 59 35 35 35 A5 95 A5 5A
[0001504501ms +025043ms] #00107 DATA 500k_8E1 5C C7 33 35 96 A5 65 9A AA A6 AA AA 5A AA AA A5 A6 A9 56 F8 5C C7 33 35 5A 35 35 65 35 35 56 5C C7 33 56 56 A5 65 99 59 A6 AA 95 35 AA AA 65 96 A5 56 FF 5C C7 33 35 5A 35 35 65 35 35 56 5C C7 33 56 96 A5 65 99 35 A6 AA 35 35 AA AA 6A 96 99 35 FF 5C C7 33 35 5A 35 35 65 35 35 56
[0001504741ms +025283ms] #00108 DATA 500k_8E1 5C C7 33 35 96 A5 35 9A 35 35 6A 5C C7 33 35 5A 35 65 59 35 35 35 59 35 35 35 A9 95 A9 5A
[0001505042ms +025584ms] #00109 DATA 500k_8E1 5C C7 33 56 56 A5 35 9A 35 35 A6 5C C7 33 35 5A 35 65 59 35 35 35 59 35 35 35 A9 95 A9 5A
[0001505342ms +025884ms] #00110 DATA 500k_8E1 5C C7 33 56 96 A5 35 6A 35 35 99 00
[0001505358ms +025900ms] #00111 DATA 500k_8E1 5C C7 33 56 96 A5 35 6A 35 35 99 5C C7 33 35 5A 35 65 59 35 99 99 59 35 35 35 A5 95 A5 5A
[0001505647ms +026189ms] #00112 DATA 500k_8E1 5C C7 33 35 96 A5 35 9A 35 35 6A 5C C7 33 35 5A 35 65 59 35 35 35 59 35 35 35 A9 95 A9 5A
[0001505947ms +026489ms] #00113 DATA 500k_8E1 5C C7 33 56 56 A5 35 9A 35 35 A6 5C C7 33 35 5A 35 65 59 35 35 35 59 35 35 35 A9 95 A9 5A
[0001506248ms +026790ms] #00114 DATA 500k_8E1 5C C7 33 56 96 A5 35 6A 35 35 99 5C C7 33 35 5A 35 65 59 35 99 99 59 35 35 35 A5 95 A5 5A
[0001506553ms +027095ms] #00115 DATA 500k_8E1 5C C7 33 35 96 A5 35 9A 35 35 6A 5C C7 33 35 5A 35 65 59 35 35 35 59 35 35 35 A9 95 A9 5A
[0001506849ms +027391ms] #00116 DATA 500k_8E1 5C C7 33 56 56 A5 35 9A 35 35 A6
[0001506861ms +027403ms] #00117 DATA 500k_8E1 5C C7 33 56 56 A5 35 9A 35 35 A6 5C C7 33 35 5A 35 65 59 35 35 35 59 35 35 35 A9 95 A9 5A
[0001507148ms +027690ms] #00118 DATA 500k_8E1 5C C7 33 56 96 A5 35 6A 35 35 99 00 5C C7 33 35 5A 35 65 59 35 99 99 59 35 35 35 A5 95 A5 5A
[0001507449ms +027991ms] #00119 DATA 500k_8E1 5C C7 33 35 96 A5 35 9A 35 35 6A 5C C7 33 35 5A 35 65 59 35 35 35 59 35 35 35 A9 95 A9 5A
[0001507749ms +028291ms] #00120 DATA 500k_8E1 5C C7 33 56 56 A5 35 9A 35 35 A6 5C C7 33 35 5A 35 65 59 35 35 35 59 35 35 35 A9 95 A9 5A
[0001507940ms +028482ms] #00121 DATA 500k_8E1 5C C7 33 35 95 35 59 A6 AA AA AA AA 65 9A 9A 80 5C C7 33 35 5A 35 35 65 35 35 56
[0001507954ms +028496ms] #00122 DATA 500k_8E1 5C C7 33 56 35 35 59 A6 AA AA AA 66 65 9A A6 00 5C C7 33 35 5A 35 35 65 35 35 56
[0001507966ms +028508ms] #00123 DATA 500k_8E1 5C C7 33 56 95 35 59 A6 AA AA AA 5A 65 9A AA 5C C7 33 35 5A 35 35 65 35 35 56
[0001508048ms +028590ms] #00124 DATA 500k_8E1 5C C7 33 56 96 A5 35 6A 35 35 99 5C C7 33 35 5A 35 65 59 35 99 99 59 35 35 35 A5 95 A5 5A
[0001508356ms +028898ms] #00125 DATA 500k_8E1 5C C7 33 35 96 A5 35 9A 35 35 6A 5C C7 33 35 5A 35 65 59 35 35 35 59 35 35 35 A9 95 A9 5A
[0001508657ms +029199ms] #00126 DATA 500k_8E1 5C C7 33 56 56 A5 35 9A 35 35 A6 5C C7 33 35 5A 35 65 59 35 35 35 59 35 35 35 A9 95 A9 5A
[0001508958ms +029500ms] #00127 DATA 500k_8E1 5C C7 33 56 96 A5 35 6A 35 35 99 5C C7 33 35 5A 35 65 59 35 99 99 59 35 35 35 A5 95 A5 5A
[0001509256ms +029798ms] #00128 DATA 500k_8E1 5C C7 33 35 96 A5 35 9A 35 35 6A 5C C7 33 35 5A 35 65 59 35 35 35 59 35 35 35 A9 95 A9 5A
[0001509517ms +030059ms] #00129 DATA 500k_8E1 5C C7 33 35 96 A5 65 9A AA A6 AA AA 5A AA AA A5 A6 A9 56 F0 5C C7 33 35 5A 35 35 65 35 35 56 5C C7 33 56 56 A5 65 99 59 A6 AA 95 35 AA AA 65 96 A5 56 FF 5C C7 33 35 5A 35 35 65 35 35 56 5C C7 33 56 96 A5 65 99 35 A6 AA 35 35 AA AA 6A 96 99 35 FF 5C C7 33 35 5A 35 35 65 35 35 56
[0001509553ms +030095ms] #00130 DATA 500k_8E1 5C C7 33 56 56 A5 35 9A 35 35 A6 5C C7 33 35 5A 35 65 59 35 35 35 59 35 35 35 A9 95 A9 5A
[0001509854ms +030396ms] #00131 DATA 500k_8E1 5C C7 33 56 96 A5 35 6A 35 35 99 5C C7 33 35 5A 35 65 59 35 99 99 59 35 35 35 A5 95 A5 5A
[0001510152ms +030694ms] #00132 DATA 500k_8E1 5C C7 33 35 96 A5 35 9A 35 35 6A 00 5C C7 33 35 5A 35 65 59 35 35 35 59 35 35 35 A9 95 A9 5A
[0001510453ms +030995ms] #00133 DATA 500k_8E1 5C C7 33 56 56 A5 35 9A 35 35 A6 80 5C C7 33 35 5A 35 65 59 35 35 35 59 35 35 35 A9 95 A9 5A
[0001510753ms +031295ms] #00134 DATA 500k_8E1 5C C7 33 56 96 A5 35 6A 35 35 99 5C C7 33 35 5A 35 65 59 35 99 99 59 35 35 35 A5 95 A5 5A
[0001511054ms +031596ms] #00135 DATA 500k_8E1 5C C7 33 35 96 A5 35 9A 35 35 6A 5C C7 33 35 5A 35 65 59 35 35 35 59 35 35 35 A9 95 A9 5A
[0001511361ms +031903ms] #00136 DATA 500k_8E1 5C C7 33 56 56 A5 35 9A 35 35 A6 5C C7 33 35 5A 35 65 59 35 35 35 59 35 35 35 A9 95 A9 5A
[0001511657ms +032199ms] #00137 DATA 500k_8E1 5C C7 33 56 96 A5 35 6A 35 35 99 5C C7 33 35 5A 35 65 59 35 99 99 59 35 35 35 A5 95 A5 5A
[0001511962ms +032504ms] #00138 DATA 500k_8E1 5C C7 33 35 96 A5 35 9A 35 35 6A 5C C7 33 35 5A 35 65 59 35 35 35 59 35 35 35 A9 95 A9 5A
[0001512262ms +032804ms] #00139 DATA 500k_8E1 5C C7 33 56 56 A5 35 9A 35 35 A6 5C C7 33 35 5A 35 65 59 35 35 35 59 35 35 35 A9 95 A9 5A
[0001512563ms +033105ms] #00140 DATA 500k_8E1 5C C7 33 56 96 A5 35 6A 35 35 99 5C C7 33 35 5A 35 65 59 35 99 99 59 35 35 35 A5 95 A5 5A
[0001512862ms +033404ms] #00141 DATA 500k_8E1 5C C7 33 35 96 A5 35 9A 35 35 6A 5C C7 33 35 5A 35 65 59 35 35 35 59 35 35 35 A9 95 A9 5A
[0001513162ms +033704ms] #00142 DATA 500k_8E1 5C C7 33 56 56 A5 35 9A 35 35 A6 5C C7 33 35 5A 35 65 59 35 35 35 59 35 35 35 A9 95 A9 5A
[0001513463ms +034005ms] #00143 DATA 500k_8E1 5C C7 33 56 96 A5 35 6A 35 35 99 00 5C C7 33 35 5A 35 65 59 35 99 99 59 35 35 35 A5 95 A5 5A
[0001513761ms +034303ms] #00144 DATA 500k_8E1 5C C7 33 35 96 A5 35 9A 35 35 6A 5C C7 33 35 5A 35 65 59 35 35 35 59 35 35 35 A9 95 A9 5A
[0001514062ms +034604ms] #00145 DATA 500k_8E1 5C C7 33 56 56 A5 35 9A 35 35 A6
[0001514073ms +034615ms] #00146 DATA 500k_8E1 5C C7 33 56 56 A5 35 9A 35 35 A6 5C C7 33 35 5A 35 65 59 35 35 35 59 35 35 35 A9 95 A9 5A
[0001514363ms +034905ms] #00147 DATA 500k_8E1 5C C7 33 56 96 A5 35 6A 35 35 99 5C C7 33 35 5A 35 65 59 35 99 99 59 35 35 35 A5 95 A5 5A
[0001514529ms +035071ms] #00148 DATA 500k_8E1 5C C7 33 35 96 A5 65 9A AA A6 AA AA 5A AA AA A5 A6 A9 56 F0 5C C7 33 35 5A 35 35 65 35 35 56 5C C7 33 56 56 A5 65 99 59 A6 AA 95 35 AA AA 65 96 A5 56 FE 5C C7 33 35 5A 35 35 65 35 35 56 5C C7 33 56 96 A5 65 99 35 A6 AA 35 35 AA AA 6A 96 99 35 FF 5C C7 33 35 5A 35 35 65 35 35 56
[0001514667ms +035209ms] #00149 DATA 500k_8E1 5C C7 33 35 96 A5 35 9A 35 35 6A 5C C7 33 35 5A 35 65 59 35 35 35 59 35 35 35 A9 95 A9 5A
[0001514968ms +035510ms] #00150 DATA 500k_8E1 5C C7 33 56 56 A5 35 9A 35 35 A6 5C C7 33 35 5A 35 65 59 35 35 35 59 35 35 35 A9 95 A9 5A
[0001515268ms +035810ms] #00151 DATA 500k_8E1 5C C7 33 56 96 A5 35 6A 35 35 99 5C C7 33 35 5A 35 65 59 35 99 99 59 35 35 35 A5 95 A5 5A
[0001515567ms +036109ms] #00152 DATA 500k_8E1 5C C7 33 35 96 A5 35 9A 35 35 6A 00 5C C7 33 35 5A 35 65 59 35 35 35 59 35 35 35 A9 95 A9 5A
[0001515871ms +036413ms] #00153 DATA 500k_8E1 5C C7 33 56 56 A5 35 9A 35 35 A6 5C C7 33 35 5A 35 65 59 35 35 35 59 35 35 35 A9 95 A9 5A
[0001516168ms +036710ms] #00154 DATA 500k_8E1 5C C7 33 56 96 A5 35 6A 35 35 99 5C C7 33 35 5A 35 65 59 35 99 99 59 35 35 35 A5 95 A5 5A
[0001516472ms +037014ms] #00155 DATA 500k_8E1 5C C7 33 35 96 A5 35 9A 35 35 6A 5C C7 33 35 5A 35 65 59 35 35 35 59 35 35 35 A9 95 A9 5A
[0001516767ms +037309ms] #00156 DATA 500k_8E1 5C C7 33 56 56 A5 35 9A 35 35 A6 00 5C C7 33 35 5A 35 65 59 35 35 35 59 35 35 35 A9 95 A9 5A
[0001517068ms +037610ms] #00157 DATA 500k_8E1 5C C7 33 56 96 A5 35 6A 35 35 99 5C C7 33 35 5A 35 65 59 35 99 99 59 35 35 35 A5 95 A5 5A
[0001517367ms +037909ms] #00158 DATA 500k_8E1 5C C7 33 35 96 A5 35 9A 35 35 6A
[0001517377ms +037919ms] #00159 DATA 500k_8E1 5C C7 33 35 96 A5 35 9A 35 35 6A 5C C7 33 35 5A 35 65 59 35 35 35 59 35 35 35 A9 95 A9 5A
[0001517667ms +038209ms] #00160 DATA 500k_8E1 5C C7 33 56 56 A5 35 9A 35 35 A6 5C C7 33 35 5A 35 65 59 35 35 35 59 35 35 35 A9 95 A9 5A
[0001517967ms +038509ms] #00161 DATA 500k_8E1 5C C7 33 56 96 A5 35 6A 35 35 99 5C C7 33 35 5A 35 65 59 35 99 99 59 35 35 35 A5 95 A5 5A
[0001518276ms +038818ms] #00162 DATA 500k_8E1 5C C7 33 35 96 A5 35 9A 35 35 6A 00 5C C7 33 35 5A 35 65 59 35 35 35 59 35 35 35 A9 95 A9 5A
[0001518577ms +039119ms] #00163 DATA 500k_8E1 5C C7 33 56 56 A5 35 9A 35 35 A6 5C C7 33 35 5A 35 65 59 35 35 35 59 35 35 35 A9 95 A9 5A
[0001518877ms +039419ms] #00164 DATA 500k_8E1 5C C7 33 56 96 A5 35 6A 35 35 99
[0001518890ms +039432ms] #00165 DATA 500k_8E1 5C C7 33 56 96 A5 35 6A 35 35 99 5C C7 33 35 5A 35 65 59 35 99 99 59 35 35 35 A5 95 A5 5A
[0001518966ms +039508ms] #00166 DATA 500k_8E1 5C C7 33 35 95 35 59 A6 AA AA AA AA 65 9A 9A 00 5C C7 33 35 5A 35 35 65 35 35 56
[0001518980ms +039522ms] #00167 DATA 500k_8E1 5C C7 33 56 35 35 59 A6 AA AA AA 66 65 9A A6 80 5C C7 33 35 5A 35 35 65 35 35 56
[0001518992ms +039534ms] #00168 DATA 500k_8E1 5C C7 33 56 95 35 59 A6 AA AA AA 5A 65 9A AA 5C C7 33 35 5A 35 35 65 35 35 56
[0001519176ms +039718ms] #00169 DATA 500k_8E1 5C C7 33 35 96 A5 35 9A 35 35 6A 5C C7 33 35 5A 35 65 59 35 35 35 59 35 35 35 A9 95 A9 5A
[0001519476ms +040018ms] #00170 DATA 500k_8E1 5C C7 33 56 56 A5 35 9A 35 35 A6 00 5C C7 33 35 5A 35 65 59 35 35 35 59 35 35 35 A9 95 A9 5A
[0001519533ms +040075ms] #00171 DATA 500k_8E1 5C C7 33 35 96 A5 65 9A AA A6 AA AA 5A AA AA A5 A6 A9 56 F0 5C C7 33 35 5A 35 35 65 35 35 56 5C C7 33 56 56 A5 65 99 59 A6 AA 95 35 AA AA 65 96 A5 56 FF 5C C7 33 35 5A 35 35 65 35 35 56 5C C7 33 56 96 A5 65 99 35 A6 AA 35 35 AA AA 6A 96 99 35 FF 5C C7 33 35 5A 35 35 65 35 35 56
[0001519773ms +040315ms] #00172 DATA 500k_8E1 5C C7 33 56 96 A5 35 6A 35 35 99 5C C7 33 35 5A 35 65 59 35 99 99 59 35 35 35 A5 95 A5 5A
[0001520071ms +040613ms] #00173 DATA 500k_8E1 5C C7 33 35 96 A5 35 9A 35 35 6A 00 5C C7 33 35 5A 35 65 59 35 35 35 59 35 35 35 A9 95 A9 5A
[0001520372ms +040914ms] #00174 DATA 500k_8E1 5C C7 33 56 56 A5 35 9A 35 35 A6 5C C7 33 35 5A 35 65 59 35 35 35 59 35 35 35 A9 95 A9 5A
[0001520679ms +041221ms] #00175 DATA 500k_8E1 5C C7 33 56 96 A5 35 6A 35 35 99 00 5C C7 33 35 5A 35 65 59 35 99 99 59 35 35 35 A5 95 A5 5A
[0001520973ms +041515ms] #00176 DATA 500k_8E1 5C C7 33 35 96 A5 35 9A 35 35 6A
[0001520993ms +041535ms] #00177 DATA 500k_8E1 5C C7 33 35 96 A5 35 9A 35 35 6A 5C C7 33 35 5A 35 65 59 35 35 35 59 35 35 35 A9 95 A9 5A
[0001521280ms +041822ms] #00178 DATA 500k_8E1 5C C7 33 56 56 A5 35 9A 35 35 A6 5C C7 33 35 5A 35 65 59 35 35 35 59 35 35 35 A9 95 A9 5A
[0001521582ms +042124ms] #00179 DATA 500k_8E1 5C C7 33 56 96 A5 35 6A 35 35 99 5C C7 33 35 5A 35 65 59 35 99 99 59 35 35 35 A5 95 A5 5A
[0001521881ms +042423ms] #00180 DATA 500k_8E1 5C C7 33 35 96 A5 35 9A 35 35 6A 5C C7 33 35 5A 35 65 59 35 35 35 59 35 35 35 A9 95 A9 5A
[0001522181ms +042723ms] #00181 DATA 500k_8E1 5C C7 33 56 56 A5 35 9A 35 35 A6 5C C7 33 35 5A 35 65 59 35 35 35 59 35 35 35 A9 95 A9 5A
[0001522482ms +043024ms] #00182 DATA 500k_8E1 5C C7 33 56 96 A5 35 6A 35 35 99 5C C7 33 35 5A 35 65 59 35 99 99 59 35 35 35 A5 95 A5 5A
[0001522781ms +043323ms] #00183 DATA 500k_8E1 5C C7 33 35 96 A5 35 9A 35 35 6A
[0001522796ms +043338ms] #00184 DATA 500k_8E1 5C C7 33 35 96 A5 35 9A 35 35 6A 5C C7 33 35 5A 35 65 59 35 35 35 59 35 35 35 A9 95 A9 5A
[0001523085ms +043627ms] #00185 DATA 500k_8E1 5C C7 33 56 56 A5 35 9A 35 35 A6 5C C7 33 35 5A 35 65 59 35 35 35 59 35 35 35 A9 95 A9 5A
[0001523386ms +043928ms] #00186 DATA 500k_8E1 5C C7 33 56 96 A5 35 6A 35 35 99 00 5C C7 33 35 5A 35 65 59 35 99 99 59 35 35 35 A5 95 A5 5A
[0001523684ms +044226ms] #00187 DATA 500k_8E1 5C C7 33 35 96 A5 35 9A 35 35 6A 5C C7 33 35 5A 35 65 59 35 35 35 59 35 35 35 A9 95 A9 5A
[0001523985ms +044527ms] #00188 DATA 500k_8E1 5C C7 33 56 56 A5 35 9A 35 35 A6 5C C7 33 35 5A 35 65 59 35 35 35 59 35 35 35 A9 95 A9 5A
[0001524286ms +044828ms] #00189 DATA 500k_8E1 5C C7 33 56 96 A5 35 6A 35 35 99 00 5C C7 33 35 5A 35 65 59 35 99 99 59 35 35 35 A5 95 A5 5A
[0001524544ms +045086ms] #00190 DATA 500k_8E1 5C C7 33 35 96 A5 65 9A AA A6 AA AA 5A AA AA A5 A6 A9 56 F8 5C C7 33 35 5A 35 35 65 35 35 56 5C C7 33 56 56 A5 65 99 59 A6 AA 95 35 AA AA 65 96 A5 56 FF 5C C7 33 35 5A 35 35 65 35 35 56 5C C7 33 56 96 A5 65 99 35 A6 AA 35 35 AA AA 6A 96 99 35 FF 5C C7 33 35 5A 35 35 65 35 35 56
[0001524580ms +045122ms] #00191 DATA 500k_8E1 5C C7 33 35 96 A5 35 9A 35 35 6A 5C C7 33 35 5A 35 65 59 35 35 35 59 35 35 35 A9 95 A9 5A
[0001524881ms +045423ms] #00192 DATA 500k_8E1 5C C7 33 56 56 A5 35 9A 35 35 A6 00 5C C7 33 35 5A 35 65 59 35 35 35 59 35 35 35 A9 95 A9 5A
[0001525183ms +045725ms] #00193 DATA 500k_8E1 5C C7 33 56 96 A5 35 6A 35 35 99
[0001525199ms +045741ms] #00194 DATA 500k_8E1 5C C7 33 56 96 A5 35 6A 35 35 99 5C C7 33 35 5A 35 65 59 35 99 99 59 35 35 35 A5 95 A5 5A
[0001525484ms +046026ms] #00195 DATA 500k_8E1 5C C7 33 35 96 A5 35 9A 35 35 6A 5C C7 33 35 5A 35 65 59 35 35 35 59 35 35 35 A9 95 A9 5A
[0001525791ms +046333ms] #00196 DATA 500k_8E1 5C C7 33 56 56 A5 35 9A 35 35 A6 5C C7 33 35 5A 35 65 59 35 35 35 59 35 35 35 A9 95 A9 5A
[0001526087ms +046629ms] #00197 DATA 500k_8E1 5C C7 33 56 96 A5 35 6A 35 35 99 5C C7 33 35 5A 35 65 59 35 99 99 59 35 35 35 A5 95 A5 5A
[0001526386ms +046928ms] #00198 DATA 500k_8E1 5C C7 33 35 96 A5 35 9A 35 35 6A 5C C7 33 35 5A 35 65 59 35 35 35 59 35 35 35 A9 95 A9 5A
[0001526686ms +047228ms] #00199 DATA 500k_8E1 5C C7 33 56 56 A5 35 9A 35 35 A6 5C C7 33 35 5A 35 65 59 35 35 35 59 35 35 35 A9 95 A9 5A
[0001526987ms +047529ms] #00200 DATA 500k_8E1 5C C7 33 56 96 A5 35 6A 35 35 99 00 5C C7 33 35 5A 35 65 59 35 99 99 59 35 35 35 A5 95 A5 5A
[0001527285ms +047827ms] #00201 DATA 500k_8E1 5C C7 33 35 96 A5 35 9A 35 35 6A 5C C7 33 35 5A 35 65 59 35 35 35 59 35 35 35 A9 95 A9 5A
[0001527586ms +048128ms] #00202 DATA 500k_8E1 5C C7 33 56 56 A5 35 9A 35 35 A6 5C C7 33 35 5A 35 65 59 35 35 35 59 35 35 35 A9 95 A9 5A
[0001527887ms +048429ms] #00203 DATA 500k_8E1 5C C7 33 56 96 A5 35 6A 35 35 99 5C C7 33 35 5A 35 65 59 35 99 99 59 35 35 35 A5 95 A5 5A
[0001528195ms +048737ms] #00204 DATA 500k_8E1 5C C7 33 35 96 A5 35 9A 35 35 6A 5C C7 33 35 5A 35 65 59 35 35 35 59 35 35 35 A9 95 A9 5A
[0001528496ms +049038ms] #00205 DATA 500k_8E1 5C C7 33 56 56 A5 35 9A 35 35 A6 5C C7 33 35 5A 35 65 59 35 35 35 59 35 35 35 A9 95 A9 5A
[0001528796ms +049338ms] #00206 DATA 500k_8E1 5C C7 33 56 96 A5 35 6A 35 35 99 00 5C C7 33 35 5A 35 65 59 35 99 99 59 35 35 35 A5 95 A5 5A
[0001529095ms +049637ms] #00207 DATA 500k_8E1 5C C7 33 35 96 A5 35 9A 35 35 6A 5C C7 33 35 5A 35 65 59 35 35 35 59 35 35 35 A9 95 A9 5A
[0001529395ms +049937ms] #00208 DATA 500k_8E1 5C C7 33 56 56 A5 35 9A 35 35 A6 5C C7 33 35 5A 35 65 59 35 35 35 59 35 35 35 A9 95 A9 5A
[0001529554ms +050096ms] #00209 DATA 500k_8E1 5C C7 33 35 96 A5 65 9A AA A6 AA AA 5A AA AA A5 A6 A9 56 FE 5C C7 33 35 5A 35 35 65 35 35 56 5C C7 33 56 56 A5 65 99 59 A6 AA 95 35 AA AA 65 96 A5 56 FF 5C C7 33 35 5A 35 35 65 35 35 56 5C C7 33 56 96 A5 65 99 35 A6 AA 35 35 AA AA 6A 96 99 35 FF 5C C7 33 35 5A 35 35 65 35 35 56
[0001529692ms +050234ms] #00210 DATA 500k_8E1 5C C7 33 56 96 A5 35 6A 35 35 99 5C C7 33 35 5A 35 65 59 35 99 99 59 35 35 35 A5 95 A5 5A
[0001529985ms +050527ms] #00211 DATA 500k_8E1 5C C7 33 35 95 35 59 A6 AA AA AA AA 65 9A 9A 00 5C C7 33 35 5A 35 35 65 35 35 56
[0001529997ms +050539ms] #00212 DATA 500k_8E1 5C C7 33 35 96 A5 35 9A 35 35 6A 00 5C C7 33 35 5A 35 65 59 35 35 35 59 35 35 35 A9 95 A9 5A
[0001530005ms +050547ms] #00213 DATA 500k_8E1 5C C7 33 56 35 35 59 A6 AA AA AA 66 65 9A A6 00 5C C7 33 35 5A 35 35 65 35 35 56
[0001530017ms +050559ms] #00214 DATA 500k_8E1 5C C7 33 56 95 35 59 A6 AA AA AA 5A 65 9A AA 00 5C C7 33 35 5A 35 35 65 35 35 56
[0001530297ms +050839ms] #00215 DATA 500k_8E1 5C C7 33 56 56 A5 35 9A 35 35 A6 5C C7 33 35 5A 35 65 59 35 35 35 59 35 35 35 A9 95 A9 5A
[0001530594ms +051136ms] #00216 DATA 500k_8E1 5C C7 33 56 96 A5 35 6A 35 35 99 5C C7 33 35 5A 35 65 59 35 99 99 59 35 35 35 A5 95 A5 5A
[0001530897ms +051439ms] #00217 DATA 500k_8E1 5C C7 33 35 96 A5 35 9A 35 35 6A 00 5C C7 33 35 5A 35 65 59 35 35 35 59 35 35 35 A9 95 A9 5A
[0001531197ms +051739ms] #00218 DATA 500k_8E1 5C C7 33 56 56 A5 35 9A 35 35 A6 5C C7 33 35 5A 35 65 59 35 35 35 59 35 35 35 A9 95 A9 5A
[0001531498ms +052040ms] #00219 DATA 500k_8E1 5C C7 33 56 96 A5 35 6A 35 35 99 5C C7 33 35 5A 35 65 59 35 99 99 59 35 35 35 A5 95 A5 5A
[0001531797ms +052339ms] #00220 DATA 500k_8E1 5C C7 33 35 96 A5 35 9A 35 35 6A 00 5C C7 33 35 5A 35 65 59 35 35 35 59 35 35 35 A9 95 A9 5A
[0001532097ms +052639ms] #00221 DATA 500k_8E1 5C C7 33 56 56 A5 35 9A 35 35 A6 5C C7 33 35 5A 35 65 59 35 35 35 59 35 35 35 A9 95 A9 5A
[0001532398ms +052940ms] #00222 DATA 500k_8E1 5C C7 33 56 96 A5 35 6A 35 35 99 5C C7 33 35 5A 35 65 59 35 99 99 59 35 35 35 A5 95 A5 5A
[0001532696ms +053238ms] #00223 DATA 500k_8E1 5C C7 33 35 96 A5 35 9A 35 35 6A 00 5C C7 33 35 5A 35 65 59 35 35 35 59 35 35 35 A9 95 A9 5A
[0001532997ms +053539ms] #00224 DATA 500k_8E1 5C C7 33 56 56 A5 35 9A 35 35 A6 5C C7 33 35 5A 35 65 59 35 35 35 59 35 35 35 A9 95 A9 5A
[0001533298ms +053840ms] #00225 DATA 500k_8E1 5C C7 33 56 96 A5 35 6A 35 35 99 5C C7 33 35 5A 35 65 59 35 99 99 59 35 35 35 A5 95 A5 5A
[0001533606ms +054148ms] #00226 DATA 500k_8E1 5C C7 33 35 96 A5 35 9A 35 35 6A 5C C7 33 35 5A 35 65 59 35 35 35 59 35 35 35 A9 95 A9 5A
[0001533907ms +054449ms] #00227 DATA 500k_8E1 5C C7 33 56 56 A5 35 9A 35 35 A6 5C C7 33 35 5A 35 65 59 35 35 35 59 35 35 35 A9 95 A9 5A
[0001534208ms +054750ms] #00228 DATA 500k_8E1 5C C7 33 56 96 A5 35 6A 35 35 99 5C C7 33 35 5A 35 65 59 35 99 99 59 35 35 35 A5 95 A5 5A
[0001534506ms +055048ms] #00229 DATA 500k_8E1 5C C7 33 35 96 A5 35 9A 35 35 6A 5C C7 33 35 5A 35 65 59 35 35 35 59 35 35 35 A9 95 A9 5A
[0001534565ms +055107ms] #00230 DATA 500k_8E1 5C C7 33 35 96 A5 65 9A AA A6 AA AA 5A AA AA A5 A6 A9 56 F8 5C C7 33 35 5A 35 35 65 35 35 56 5C C7 33 56 56 A5 65 99 59 A6 AA 95 35 AA AA 65 96 A5 56 FF
[0001534585ms +055127ms] #00231 DATA 500k_8E1 5C C7 33 56 56 A5 65 99 59 A6 AA 95 35 AA AA 65 96 A5 56 FE 5C C7 33 35 5A 35 35 65 35 35 56 5C C7 33 56 96 A5 65 99 35 A6 AA 35 35 AA AA 6A 96 99 35 FF 5C C7 33 35 5A 35 35 65 35 35 56
[0001534807ms +055349ms] #00232 DATA 500k_8E1 5C C7 33 56 56 A5 35 9A 35 35 A6 5C C7 33 35 5A 35 65 59 35 35 35 59 35 35 35 A9 95 A9 5A
[0001535103ms +055645ms] #00233 DATA 500k_8E1 5C C7 33 56 96 A5 35 6A 35 35 99 5C C7 33 35 5A 35 65 59 35 99 99 59 35 35 35 A5 95 A5 5A
[0001535408ms +055950ms] #00234 DATA 500k_8E1 5C C7 33 35 96 A5 35 9A 35 35 6A 5C C7 33 35 5A 35 65 59 35 35 35 59 35 35 35 A9 95 A9 5A
[0001535711ms +056253ms] #00235 DATA 500k_8E1 5C C7 33 56 56 A5 35 9A 35 35 A6 5C C7 33 35 5A 35 65 59 35 35 35 59 35 35 35 A9 95 A9 5A
[0001536011ms +056553ms] #00236 DATA 500k_8E1 5C C7 33 56 96 A5 35 6A 35 35 99 00 5C C7 33 35 5A 35 65 59 35 99 99 59 35 35 35 A5 95 A5 5A
[0001536310ms +056852ms] #00237 DATA 500k_8E1 5C C7 33 35 96 A5 35 9A 35 35 6A 5C C7 33 35 5A 35 65 59 35 35 35 59 35 35 35 A9 95 A9 5A
[0001536610ms +057152ms] #00238 DATA 500k_8E1 5C C7 33 56 56 A5 35 9A 35 35 A6 5C C7 33 35 5A 35 65 59 35 35 35 59 35 35 35 A9 95 A9 5A
[0001536911ms +057453ms] #00239 DATA 500k_8E1 5C C7 33 56 96 A5 35 6A 35 35 99 00 5C C7 33 35 5A 35 65 59 35 99 99 59 35 35 35 A5 95 A5 5A
[0001537209ms +057751ms] #00240 DATA 500k_8E1 5C C7 33 35 96 A5 35 9A 35 35 6A 00 5C C7 33 35 5A 35 65 59 35 35 35 59 35 35 35 A9 95 A9 5A
[0001537510ms +058052ms] #00241 DATA 500k_8E1 5C C7 33 56 56 A5 35 9A 35 35 A6 5C C7 33 35 5A 35 65 59 35 35 35 59 35 35 35 A9 95 A9 5A
[0001537811ms +058353ms] #00242 DATA 500k_8E1 5C C7 33 56 96 A5 35 6A 35 35 99 00 5C C7 33 35 5A 35 65 59 35 99 99 59 35 35 35 A5 95 A5 5A
[0001538109ms +058651ms] #00243 DATA 500k_8E1 5C C7 33 35 96 A5 35 9A 35 35 6A 5C C7 33 35 5A 35 65 59 35 35 35 59 35 35 35 A9 95 A9 5A
[0001538410ms +058952ms] #00244 DATA 500k_8E1 5C C7 33 56 56 A5 35 9A 35 35 A6 5C C7 33 35 5A 35 65 59 35 35 35 59 35 35 35 A9 95 A9 5A
[0001538711ms +059253ms] #00245 DATA 500k_8E1 5C C7 33 56 96 A5 35 6A 35 35 99 5C C7 33 35 5A 35 65 59 35 99 99 59 35 35 35 A5 95 A5 5A
[0001539009ms +059551ms] #00246 DATA 500k_8E1 5C C7 33 35 96 A5 35 9A 35 35 6A 5C C7 33 35 5A 35 65 59 35 35 35 59 35 35 35 A9 95 A9 5A
