[0001372792ms +000000ms] #00001 DATA 500k_8E1 5C C7 33 56 96 A5 35 6A 35 35 99 5C C7 33 35 5A 35 65 59 35 99 99 35 35 35 35 35 95 A6 99
[0001373093ms +000301ms] #00002 DATA 500k_8E1 5C C7 33 35 96 A5 35 9A 35 35 6A 00 5C C7 33 35 5A 35 65 59 35 59 35 35 35 35 35 A9 59 AA 9A
[0001373393ms +000601ms] #00003 DATA 500k_8E1 5C C7 33 56 56 A5 35 9A 35 35 A6 00 5C C7 33 35 5A 35 65 59 35 59 35 35 35 35 35 A9 59 AA 9A
[0001373694ms +000902ms] #00004 DATA 500k_8E1 5C C7 33 56 96 A5 35 6A 35 35 99 5C C7 33 35 5A 35 65 59 35 99 99 35 35 35 35 35 95 A6 99
[0001373993ms +001201ms] #00005 DATA 500k_8E1 5C C7 33 35 96 A5 35 9A 35 35 6A 5C C7 33 35 5A 35 65 59 35 59 35 35 35 35 35 A9 59 AA 9A
[0001374254ms +001462ms] #00006 DATA 500k_8E1 5C C7 33 35 96 A5 65 96 AA AA AA AA 5A AA AA A5 6A A9 9A E0
[0001374269ms +001477ms] #00007 DATA 500k_8E1 5C C7 33 35 96 A5 65 96 AA AA AA AA 5A AA AA A5 6A A9 9A 80 5C C7 33 35 5A 35 35 65 35 35 56 5C C7 33 56 56 A5 65 95 59 AA AA 95 35 AA AA 65 5A A5 9A FF 5C C7 33 35 5A 35 35 65 35 35 56 5C C7 33 56 96 A5 65 99 35 AA AA 35 35 AA AA 9A 5A 99 56 FF 5C C7 33 35 5A 35 35 65 35 35 56
[0001374295ms +001503ms] #00008 DATA 500k_8E1 5C C7 33 56 56 A5 35 9A 35 35 A6 5C C7 33 35 5A 35 65 59 35 59 35 35 35 35 35 A9 59 AA 9A
[0001374592ms +001800ms] #00009 DATA 500k_8E1 5C C7 33 56 96 A5 35 6A 35 35 99 00 5C C7 33 35 5A 35 65 59 35 99 99 35 35 35 35 35 95 A6 99
[0001374896ms +002104ms] #00010 DATA 500k_8E1 5C C7 33 35 96 A5 35 9A 35 35 6A 00
[0001374910ms +002118ms] #00011 DATA 500k_8E1 5C C7 33 35 96 A5 35 9A 35 35 6A 5C C7 33 35 5A 35 65 59 35 59 35 35 35 35 35 A9 59 AA 9A
[0001375197ms +002405ms] #00012 DATA 500k_8E1 5C C7 33 56 56 A5 35 9A 35 35 A6 5C C7 33 35 5A 35 65 59 35 59 35 35 35 35 35 A9 59 AA 9A
[0001375494ms +002702ms] #00013 DATA 500k_8E1 5C C7 33 56 96 A5 35 6A 35 35 99 5C C7 33 35 5A 35 65 59 35 99 99 35 35 35 35 35 95 A6 99
[0001375690ms +002898ms] #00014 DATA 500k_8E1 5C C7 33 35 95 35 59 AA AA AA AA 5A 65 99 59 80 5C C7 33 35 5A 35 35 65 35 35 56
[0001375704ms +002912ms] #00015 DATA 500k_8E1 5C C7 33 56 35 35 59 AA AA AA AA 96 65 99 65 C0 5C C7 33 35 5A 35 35 65 35 35 56
[0001375716ms +002924ms] #00016 DATA 500k_8E1 5C C7 33 56 95 35 59 AA AA AA AA AA 65 99 69 5C C7 33 35 5A 35 35 65 35 35 56
[0001375798ms +003006ms] #00017 DATA 500k_8E1 5C C7 33 35 96 A5 35 9A 35 35 6A
[0001375811ms +003019ms] #00018 DATA 500k_8E1 5C C7 33 35 96 A5 35 9A 35 35 6A 5C C7 33 35 5A 35 65 59 35 59 35 35 35 35 35 A9 59 AA 9A
[0001376101ms +003309ms] #00019 DATA 500k_8E1 5C C7 33 56 56 A5 35 9A 35 35 A6
[0001376111ms +003319ms] #00020 DATA 500k_8E1 5C C7 33 56 56 A5 35 9A 35 35 A6 80 5C C7 33 35 5A 35 65 59 35 59 35 35 35 35 35 A9 59 AA 9A
[0001376401ms +003609ms] #00021 DATA 500k_8E1 5C C7 33 56 96 A5 35 6A 35 35 99 00 5C C7 33 35 5A 35 65 59 35 99 99 35 35 35 35 35 95 A6 99
[0001376700ms +003908ms] #00022 DATA 500k_8E1 5C C7 33 35 96 A5 35 9A 35 35 6A 00 5C C7 33 35 5A 35 65 59 35 59 35 35 35 35 35 A9 59 AA 9A
[0001377000ms +004208ms] #00023 DATA 500k_8E1 5C C7 33 56 56 A5 35 9A 35 35 A6 5C C7 33 35 5A 35 65 59 35 59 35 35 35 35 35 A9 59 AA 9A
[0001377301ms +004509ms] #00024 DATA 500k_8E1 5C C7 33 56 96 A5 35 6A 35 35 99 5C C7 33 35 5A 35 65 59 35 99 99 35 35 35 35 35 95 A6 99
[0001377599ms +004807ms] #00025 DATA 500k_8E1 5C C7 33 35 96 A5 35 9A 35 35 6A 00 5C C7 33 35 5A 35 65 59 35 59 35 35 35 35 35 A9 59 AA 9A
[0001377900ms +005108ms] #00026 DATA 500k_8E1 5C C7 33 56 56 A5 35 9A 35 35 A6 5C C7 33 35 5A 35 65 59 35 59 35 35 35 35 35 A9 59 AA 9A
[0001378201ms +005409ms] #00027 DATA 500k_8E1 5C C7 33 56 96 A5 35 6A 35 35 99 5C C7 33 35 5A 35 65 59 35 99 99 35 35 35 35 35 95 A6 99
[0001378500ms +005708ms] #00028 DATA 500k_8E1 5C C7 33 35 96 A5 35 9A 35 35 6A 5C C7 33 35 5A 35 65 59 35 59 35 35 35 35 35 A9 59 AA 9A
[0001378800ms +006008ms] #00029 DATA 500k_8E1 5C C7 33 56 56 A5 35 9A 35 35 A6 5C C7 33 35 5A 35 65 59 35 59 35 35 35 35 35 A9 59 AA 9A
[0001379102ms +006310ms] #00030 DATA 500k_8E1 5C C7 33 56 96 A5 35 6A 35 35 99 00 5C C7 33 35 5A 35 65 59 35 99 99 35 35 35 35 35 95 A6 99
[0001379263ms +006471ms] #00031 DATA 500k_8E1 5C C7 33 35 96 A5 65 96 AA AA AA AA 5A AA AA A5 6A A9 9A E0 5C C7 33 35 5A 35 35 65 35 35 56 5C C7 33 56 56 A5 65 95 59 AA AA 95 35 AA AA 65 5A A5 9A FF 5C C7 33 35 5A 35 35 65 35 35 56 5C C7 33 56 96 A5 65 99 35 AA AA 35 35 AA AA 9A 5A 99 56 FC 5C C7 33 35 5A 35 35 65 35 35 56
[0001379403ms +006611ms] #00032 DATA 500k_8E1 5C C7 33 35 96 A5 35 9A 35 35 6A 00 5C C7 33 35 5A 35 65 59 35 59 35 35 35 35 35 A9 59 AA 9A
[0001379702ms +006910ms] #00033 DATA 500k_8E1 5C C7 33 56 56 A5 35 9A 35 35 A6 80 5C C7 33 35 5A 35 65 59 35 59 35 35 35 35 35 A9 59 AA 9A
[0001380009ms +007217ms] #00034 DATA 500k_8E1 5C C7 33 56 96 A5 35 6A 35 35 99 5C C7 33 35 5A 35 65 59 35 99 99 35 35 35 35 35 95 A6 99
[0001380303ms +007511ms] #00035 DATA 500k_8E1 5C C7 33 35 96 A5 35 9A 35 35 6A 5C C7 33 35 5A 35 65 59 35 59 35 35 35 35 35 A9 59 AA 9A
[0001380603ms +007811ms] #00036 DATA 500k_8E1 5C C7 33 56 56 A5 35 9A 35 35 A6 5C C7 33 35 5A 35 65 59 35 59 35 35 35 35 35 A9 59 AA 9A
[0001380904ms +008112ms] #00037 DATA 500k_8E1 5C C7 33 56 96 A5 35 6A 35 35 99 5C C7 33 35 5A 35 65 59 35 99 99 35 35 35 35 35 95 A6 99
[0001381205ms +008413ms] #00038 DATA 500k_8E1 5C C7 33 35 96 A5 35 9A 35 35 6A 5C C7 33 35 5A 35 65 59 35 59 35 35 35 35 35 A9 59 AA 9A
[0001381505ms +008713ms] #00039 DATA 500k_8E1 5C C7 33 56 56 A5 35 9A 35 35 A6 00
[0001381520ms +008728ms] #00040 DATA 500k_8E1 5C C7 33 56 56 A5 35 9A 35 35 A6 5C C7 33 35 5A 35 65 59 35 59 35 35 35 35 35 A9 59 AA 9A
[0001381812ms +009020ms] #00041 DATA 500k_8E1 5C C7 33 56 96 A5 35 6A 35 35 99 5C C7 33 35 5A 35 65 59 35 99 99 35 35 35 35 35 95 A6 99
[0001382112ms +009320ms] #00042 DATA 500k_8E1 5C C7 33 35 96 A5 35 9A 35 35 6A 00 5C C7 33 35 5A 35 65 59 35 59 35 35 35 35 35 A9 59 AA 9A
[0001382413ms +009621ms] #00043 DATA 500k_8E1 5C C7 33 56 56 A5 35 9A 35 35 A6 00 5C C7 33 35 5A 35 65 59 35 59 35 35 35 35 35 A9 59 AA 9A
[0001382705ms +009913ms] #00044 DATA 500k_8E1 5C C7 33 56 96 A5 35 6A 35 35 99 00 5C C7 33 35 5A 35 65 59 35 99 99 35 35 35 35 35 95 A6 99
[0001383014ms +010222ms] #00045 DATA 500k_8E1 5C C7 33 35 96 A5 35 9A 35 35 6A 5C C7 33 35 5A 35 65 59 35 59 35 35 35 35 35 A9 59 AA 9A
[0001383315ms +010523ms] #00046 DATA 500k_8E1 5C C7 33 56 56 A5 35 9A 35 35 A6 00 5C C7 33 35 5A 35 65 59 35 59 35 35 35 35 35 A9 59 AA 9A
