[0000071260ms +000000ms] #00001 DATA 500k_8E1 5C C7 33 35 96 A5 35 9A 35 35 6A 5C C7 33 35 5A 35 65 35 35 35 35 AA AA AA AA 66 95 AA 35
[0000071561ms +000301ms] #00002 DATA 500k_8E1 5C C7 33 56 56 A5 35 9A 35 35 A6
[0000071574ms +000314ms] #00003 DATA 500k_8E1 5C C7 33 56 56 A5 35 9A 35 35 A6 00
[0000071595ms +000335ms] #00004 DATA 500k_8E1 5C C7 33 56 56 A5 35 9A 35 35 A6 5C C7 33 35 5A 35 65 35 35 35 35 AA AA AA AA 66 95 AA 35
[0000071854ms +000594ms] #00005 DATA 500k_8E1 5C C7 33 56 96 A5 35 6A 35 35 99 00 5C C7 33 35 5A 35 65 35 35 99 99 AA AA 35 35 5A 95 96 35
[0000072021ms +000761ms] #00006 DATA 500k_8E1 5C C7 33 35 96 A5 65 96 AA AA AA AA 5A AA AA A5 6A A9 9A C0 5C C7 33 35 5A 35 35 65 35 35 56 5C C7 33 56 56 A5 65 95 59 AA AA 35 35 AA AA 95 5A 99 99 FF 5C C7 33 35 5A 35 35 65 35 35 56 5C C7 33 56 96 A5 65 59 35 AA AA 35 35 AA AA 6A 5A 95 95 FF 5C C7 33 35 5A 35 35 65 35 35 56
[0000072159ms +000899ms] #00007 DATA 500k_8E1 5C C7 33 35 96 A5 35 9A 35 35 6A 5C C7 33 35 5A 35 65 35 35 35 35 AA AA AA AA 66 95 AA 35
[0000072459ms +001199ms] #00008 DATA 500k_8E1 5C C7 33 56 56 A5 35 9A 35 35 A6 5C C7 33 35 5A 35 65 35 35 35 35 AA AA AA AA 66 95 AA 35
[0000072759ms +001499ms] #00009 DATA 500k_8E1 5C C7 33 56 96 A5 35 6A 35 35 99 5C C7 33 35 5A 35 65 35 35 99 99 AA AA 35 35 5A 95 96 35
[0000073058ms +001798ms] #00010 DATA 500k_8E1 5C C7 33 35 96 A5 35 9A 35 35 6A 5C C7 33 35 5A 35 65 35 35 35 35 AA AA AA AA 66 95 AA 35
[0000073358ms +002098ms] #00011 DATA 500k_8E1 5C C7 33 56 56 A5 35 9A 35 35 A6 00 5C C7 33 35 5A 35 65 35 35 35 35 AA AA AA AA 66 95 AA 35
[0000073659ms +002399ms] #00012 DATA 500k_8E1 5C C7 33 56 96 A5 35 6A 35 35 99 5C C7 33 35 5A 35 65 35 35 99 99 AA AA 35 35 5A 95 96 35
[0000073957ms +002697ms] #00013 DATA 500k_8E1 5C C7 33 35 96 A5 35 9A 35 35 6A 00 5C C7 33 35 5A 35 65 35 35 35 35 AA AA AA AA 66 95 AA 35
[0000074258ms +002998ms] #00014 DATA 500k_8E1 5C C7 33 56 56 A5 35 9A 35 35 A6 5C C7 33 35 5A 35 65 35 35 35 35 AA AA AA AA 66 95 AA 35
[0000074558ms +003298ms] #00015 DATA 500k_8E1 5C C7 33 56 96 A5 35 6A 35 35 99 00 5C C7 33 35 5A 35 65 35 35 99 99 AA AA 35 35 5A 95 96 35
[0000074859ms +003599ms] #00016 DATA 500k_8E1 5C C7 33 35 96 A5 35 9A 35 35 6A
[0000074878ms +003618ms] #00017 DATA 500k_8E1 5C C7 33 35 96 A5 35 9A 35 35 6A 00 5C C7 33 35 5A 35 65 35 35 35 35 AA AA AA AA 66 95 AA 35
[0000075163ms +003903ms] #00018 DATA 500k_8E1 5C C7 33 56 56 A5 35 9A 35 35 A6 00
[0000075178ms +003918ms] #00019 DATA 500k_8E1 5C C7 33 56 56 A5 35 9A 35 35 A6 00
[0000075198ms +003938ms] #00020 DATA 500k_8E1 5C C7 33 56 56 A5 35 9A 35 35 A6 5C C7 33 35 5A 35 65 35 35 35 35 AA AA AA AA 66 95 AA 35
[0000075453ms +004193ms] #00021 DATA 500k_8E1 5C C7 33 35 95 35 59 AA AA AA AA 5A 65 99 59 80 5C C7 33 35 5A 35 35 65 35 35 56
[0000075465ms +004205ms] #00022 DATA 500k_8E1 5C C7 33 56 96 A5 35 6A 35 35 99 5C C7 33 35 5A 35 65 35 35 99 99 AA AA 35 35 5A 95 96 35
[0000075473ms +004213ms] #00023 DATA 500k_8E1 5C C7 33 56 35 35 59 AA AA AA AA 96 65 99 65 C0 5C C7 33 35 5A 35 35 65 35 35 56
[0000075484ms +004224ms] #00024 DATA 500k_8E1 5C C7 33 56 95 35 59 AA AA AA AA AA 65 99 69 00 5C C7 33 35 5A 35 35 65 35 35 56
[0000075764ms +004504ms] #00025 DATA 500k_8E1 5C C7 33 35 96 A5 35 9A 35 35 6A 5C C7 33 35 5A 35 65 35 35 35 35 AA AA AA AA 66 95 AA 35
[0000076060ms +004800ms] #00026 DATA 500k_8E1 5C C7 33 56 56 A5 35 9A 35 35 A6
[0000076079ms +004819ms] #00027 DATA 500k_8E1 5C C7 33 56 56 A5 35 9A 35 35 A6 5C C7 33 35 5A 35 65 35 35 35 35 AA AA AA AA 66 95 AA 35
[0000076361ms +005101ms] #00028 DATA 500k_8E1 5C C7 33 56 96 A5 35 6A 35 35 99 5C C7 33 35 5A 35 65 35 35 99 99 AA AA 35 35 5A 95 96 35
[0000076659ms +005399ms] #00029 DATA 500k_8E1 5C C7 33 35 96 A5 35 9A 35 35 6A 00 5C C7 33 35 5A 35 65 35 35 35 35 AA AA AA AA 66 95 AA 35
[0000076960ms +005700ms] #00030 DATA 500k_8E1 5C C7 33 56 56 A5 35 9A 35 35 A6 5C C7 33 35 5A 35 65 35 35 35 35 AA AA AA AA 66 95 AA 35
[0000077026ms +005766ms] #00031 DATA 500k_8E1 5C C7 33 35 96 A5 65 96 AA AA AA AA 5A AA AA A5 6A A9 9A F0 5C C7 33 35 5A 35 35 65 35 35 56 5C C7 33 56 56 A5 65 95 59 AA AA 35 35 AA AA 95 5A 99 99 FF 5C C7 33 35 5A 35 35 65 35 35 56 5C C7 33 56 96 A5 65 59 35 AA AA 35 35 AA AA 6A 5A 95 95 FF 5C C7 33 35 5A 35 35 65 35 35 56
[0000077266ms +006006ms] #00032 DATA 500k_8E1 5C C7 33 56 96 A5 35 6A 35 35 99 00 5C C7 33 35 5A 35 65 35 35 99 99 AA AA 35 35 5A 95 96 35
[0000077564ms +006304ms] #00033 DATA 500k_8E1 5C C7 33 35 96 A5 35 9A 35 35 6A 00 5C C7 33 35 5A 35 65 35 35 35 35 AA AA AA AA 66 95 AA 35
[0000077865ms +006605ms] #00034 DATA 500k_8E1 5C C7 33 56 56 A5 35 9A 35 35 A6 5C C7 33 35 5A 35 65 35 35 35 35 AA AA AA AA 66 95 AA 35
[0000078165ms +006905ms] #00035 DATA 500k_8E1 5C C7 33 56 96 A5 35 6A 35 35 99 00 5C C7 33 35 5A 35 65 35 35 99 99 AA AA 35 35 5A 95 96 35
[0000078464ms +007204ms] #00036 DATA 500k_8E1 5C C7 33 35 96 A5 35 9A 35 35 6A 5C C7 33 35 5A 35 65 35 35 35 35 AA AA AA AA 66 95 AA 35
[0000078764ms +007504ms] #00037 DATA 500k_8E1 5C C7 33 56 56 A5 35 9A 35 35 A6 5C C7 33 35 5A 35 65 35 35 35 35 AA AA AA AA 66 95 AA 35
[0000079064ms +007804ms] #00038 DATA 500k_8E1 5C C7 33 56 96 A5 35 6A 35 35 99 00 5C C7 33 35 5A 35 65 35 35 99 99 AA AA 35 35 5A 95 96 35
[0000079365ms +008105ms] #00039 DATA 500k_8E1 5C C7 33 35 96 A5 35 9A 35 35 6A 5C C7 33 35 5A 35 65 35 35 35 35 AA AA AA AA 66 95 AA 35
[0000079665ms +008405ms] #00040 DATA 500k_8E1 5C C7 33 56 56 A5 35 9A 35 35 A6 00 5C C7 33 35 5A 35 65 35 35 35 35 AA AA AA AA 66 95 AA 35
[0000079972ms +008712ms] #00041 DATA 500k_8E1 5C C7 33 56 96 A5 35 6A 35 35 99 5C C7 33 35 5A 35 65 35 35 99 99 AA AA 35 35 5A 95 96 35
[0000080266ms +009006ms] #00042 DATA 500k_8E1 5C C7 33 35 96 A5 35 9A 35 35 6A 5C C7 33 35 5A 35 65 35 35 35 35 AA AA AA AA 66 95 AA 35
[0000080573ms +009313ms] #00043 DATA 500k_8E1 5C C7 33 56 56 A5 35 9A 35 35 A6 5C C7 33 35 5A 35 65 35 35 35 35 AA AA AA AA 66 95 AA 35
[0000080865ms +009605ms] #00044 DATA 500k_8E1 5C C7 33 56 96 A5 35 6A 35 35 99 5C C7 33 35 5A 35 65 35 35 99 99 AA AA 35 35 5A 95 96 35
[0000081174ms +009914ms] #00045 DATA 500k_8E1 5C C7 33 35 96 A5 35 9A 35 35 6A 5C C7 33 35 5A 35 65 35 35 35 35 AA AA AA AA 66 95 AA 35
[0000081474ms +010214ms] #00046 DATA 500k_8E1 5C C7 33 56 56 A5 35 9A 35 35 A6 00 5C C7 33 35 5A 35 65 35 35 35 35 AA AA AA AA 66 95 AA 35
[0000081774ms +010514ms] #00047 DATA 500k_8E1 5C C7 33 56 96 A5 35 6A 35 35 99 00 5C C7 33 35 5A 35 65 35 35 99 99 AA AA 35 35 5A 95 96 35
[0000082033ms +010773ms] #00048 DATA 500k_8E1 5C C7 33 35 96 A5 65 96 AA AA AA AA 5A AA AA A5 6A A9 9A E0 5C C7 33 35 5A 35 35 65 35 35 56 5C C7 33 56 56 A5 65 95 59 AA AA 35 35 AA AA 95 5A 99 99 FF 5C C7 33 35 5A 35 35 65 35 35 56 5C C7 33 56 96 A5 65 59 35 AA AA 35 35 AA AA 6A 5A 95 95 FE 5C C7 33 35 5A 35 35 65 35 35 56
[0000082069ms +010809ms] #00049 DATA 500k_8E1 5C C7 33 35 96 A5 35 9A 35 35 6A 00 5C C7 33 35 5A 35 65 35 35 35 35 AA AA AA AA 66 95 AA 35
[0000082369ms +011109ms] #00050 DATA 500k_8E1 5C C7 33 56 56 A5 35 9A 35 35 A6 5C C7 33 35 5A 35 65 35 35 35 35 AA AA AA AA 66 95 AA 35
[0000082670ms +011410ms] #00051 DATA 500k_8E1 5C C7 33 56 96 A5 35 6A 35 35 99 5C C7 33 35 5A 35 65 35 35 99 99 AA AA 35 35 5A 95 96 35
[0000082968ms +011708ms] #00052 DATA 500k_8E1 5C C7 33 35 96 A5 35 9A 35 35 6A
[0000082986ms +011726ms] #00053 DATA 500k_8E1 5C C7 33 35 96 A5 35 9A 35 35 6A 00 5C C7 33 35 5A 35 65 35 35 35 35 AA AA AA AA 66 95 AA 35
[0000083275ms +012015ms] #00054 DATA 500k_8E1 5C C7 33 56 56 A5 35 9A 35 35 A6 00 5C C7 33 35 5A 35 65 35 35 35 35 AA AA AA AA 66 95 AA 35
[0000083575ms +012315ms] #00055 DATA 500k_8E1 5C C7 33 56 96 A5 35 6A 35 35 99 00 5C C7 33 35 5A 35 65 35 35 99 99 AA AA 35 35 5A 95 96 35
[0000083873ms +012613ms] #00056 DATA 500k_8E1 5C C7 33 35 96 A5 35 9A 35 35 6A 5C C7 33 35 5A 35 65 35 35 35 35 AA AA AA AA 66 95 AA 35
[0000084176ms +012916ms] #00057 DATA 500k_8E1 5C C7 33 56 56 A5 35 9A 35 35 A6 00 5C C7 33 35 5A 35 65 35 35 35 35 AA AA AA AA 66 95 AA 35
[0000084478ms +013218ms] #00058 DATA 500k_8E1 5C C7 33 56 96 A5 35 6A 35 35 99 00 5C C7 33 35 5A 35 65 35 35 99 99 AA AA 35 35 5A 95 96 35
[0000084775ms +013515ms] #00059 DATA 500k_8E1 5C C7 33 35 96 A5 35 9A 35 35 6A 5C C7 33 35 5A 35 65 35 35 35 35 AA AA AA AA 66 95 AA 35
[0000085071ms +013811ms] #00060 DATA 500k_8E1 5C C7 33 56 56 A5 35 9A 35 35 A6 00 5C C7 33 35 5A 35 65 35 35 35 35 AA AA AA AA 66 95 AA 35
[0000085380ms +014120ms] #00061 DATA 500k_8E1 5C C7 33 56 96 A5 35 6A 35 35 99 5C C7 33 35 5A 35 65 35 35 99 99 AA AA 35 35 5A 95 96 35
[0000085680ms +014420ms] #00062 DATA 500k_8E1 5C C7 33 35 96 A5 35 9A 35 35 6A
[0000085699ms +014439ms] #00063 DATA 500k_8E1 5C C7 33 35 96 A5 35 9A 35 35 6A 5C C7 33 35 5A 35 65 35 35 35 35 AA AA AA AA 66 95 AA 35
[0000085978ms +014718ms] #00064 DATA 500k_8E1 5C C7 33 56 56 A5 35 9A 35 35 A6 5C C7 33 35 5A 35 65 35 35 35 35 AA AA AA AA 66 95 AA 35
[0000086281ms +015021ms] #00065 DATA 500k_8E1 5C C7 33 56 96 A5 35 6A 35 35 99 00
[0000086299ms +015039ms] #00066 DATA 500k_8E1 5C C7 33 56 96 A5 35 6A 35 35 99 00 5C C7 33 35 5A 35 65 35 35 99 99 AA AA 35 35 5A 95 96 35
[0000086465ms +015205ms] #00067 DATA 500k_8E1 5C C7 33 35 95 35 59 AA AA AA AA 5A 65 99 59 F0 5C C7 33 35 5A 35 35 65 35 35 56
[0000086479ms +015219ms] #00068 DATA 500k_8E1 5C C7 33 56 35 35 59 AA AA AA AA 96 65 99 65 C0 5C C7 33 35 5A 35 35 65 35 35 56
[0000086491ms +015231ms] #00069 DATA 500k_8E1 5C C7 33 56 95 35 59 AA AA AA AA AA 65 99 69 80 5C C7 33 35 5A 35 35 65 35 35 56
[0000086573ms +015313ms] #00070 DATA 500k_8E1 5C C7 33 35 96 A5 35 9A 35 35 6A 00 5C C7 33 35 5A 35 65 35 35 35 35 AA AA AA AA 66 95 AA 35
[0000086873ms +015613ms] #00071 DATA 500k_8E1 5C C7 33 56 56 A5 35 9A 35 35 A6 5C C7 33 35 5A 35 65 35 35 35 35 AA AA AA AA 66 95 AA 35
[0000087042ms +015782ms] #00072 DATA 500k_8E1 5C C7 33 35 96 A5 65 96 AA AA AA AA 5A AA AA A5 6A A9 9A F0 5C C7 33 35 5A 35 35 65 35 35 56 5C C7 33 56 56 A5 65 95 59 AA AA 35 35 AA AA 95 5A 99 99 FC 5C C7 33 35 5A 35 35 65 35 35 56 5C C7 33 56 96 A5 65 59 35 AA AA 35 35 AA AA 6A 5A 95 95 FF 5C C7 33 35 5A 35 35 65 35 35 56
[0000087180ms +015920ms] #00073 DATA 500k_8E1 5C C7 33 56 96 A5 35 6A 35 35 99 5C C7 33 35 5A 35 65 35 35 99 99 AA AA 35 35 5A 95 96 35
[0000087478ms +016218ms] #00074 DATA 500k_8E1 5C C7 33 35 96 A5 35 9A 35 35 6A 00 5C C7 33 35 5A 35 65 35 35 35 35 AA AA AA AA 66 95 AA 35
[0000087778ms +016518ms] #00075 DATA 500k_8E1 5C C7 33 56 56 A5 35 9A 35 35 A6 5C C7 33 35 5A 35 65 35 35 35 35 AA AA AA AA 66 95 AA 35
[0000088080ms +016820ms] #00076 DATA 500k_8E1 5C C7 33 56 96 A5 35 6A 35 35 99 5C C7 33 35 5A 35 65 35 35 99 99 AA AA 35 35 5A 95 96 35
[0000088379ms +017119ms] #00077 DATA 500k_8E1 5C C7 33 35 96 A5 35 9A 35 35 6A 5C C7 33 35 5A 35 65 35 35 35 35 AA AA AA AA 66 95 AA 35
[0000088679ms +017419ms] #00078 DATA 500k_8E1 5C C7 33 56 56 A5 35 9A 35 35 A6
[0000088691ms +017431ms] #00079 DATA 500k_8E1 5C C7 33 56 56 A5 35 9A 35 35 A6 5C C7 33 35 5A 35 65 35 35 35 35 AA AA AA AA 66 95 AA 35
[0000088980ms +017720ms] #00080 DATA 500k_8E1 5C C7 33 56 96 A5 35 6A 35 35 99 80
[0000088991ms +017731ms] #00081 DATA 500k_8E1 5C C7 33 56 96 A5 35 6A 35 35 99 00 5C C7 33 35 5A 35 65 35 35 99 99 AA AA 35 35 5A 95 96 35
[0000089284ms +018024ms] #00082 DATA 500k_8E1 5C C7 33 35 96 A5 35 9A 35 35 6A 5C C7 33 35 5A 35 65 35 35 35 35 AA AA AA AA 66 95 AA 35
[0000089582ms +018322ms] #00083 DATA 500k_8E1 5C C7 33 56 56 A5 35 9A 35 35 A6 5C C7 33 35 5A 35 65 35 35 35 35 AA AA AA AA 66 95 AA 35
