[0001197568ms +000000ms] #00001 DATA 500k_8E1 5C C7 33 56 56 A5 35 9A 35 35 A6 5C C7 33 35 5A 35 65 35 35 35 35 35 35 35 35 A9 95 AA 56
[0001197868ms +000300ms] #00002 DATA 500k_8E1 5C C7 33 56 96 A5 35 6A 35 35 99 5C C7 33 35 5A 35 65 35 35 99 99 35 35 35 35 A5 95 A6 56
[0001198177ms +000609ms] #00003 DATA 500k_8E1 5C C7 33 35 96 A5 35 9A 35 35 6A 5C C7 33 35 5A 35 65 35 35 35 35 35 35 35 35 A9 95 AA 56
[0001198477ms +000909ms] #00004 DATA 500k_8E1 5C C7 33 56 56 A5 35 9A 35 35 A6 5C C7 33 35 5A 35 65 35 35 35 35 35 35 35 35 A9 95 AA 56
[0001198778ms +001210ms] #00005 DATA 500k_8E1 5C C7 33 56 96 A5 35 6A 35 35 99 00 5C C7 33 35 5A 35 65 35 35 99 99 35 35 35 35 A5 95 A6 56
[0001198934ms +001366ms] #00006 DATA 500k_8E1 5C C7 33 35 96 A5 65 96 AA AA AA AA 5A AA AA A5 6A A9 9A F0 5C C7 33 35 5A 35 35 65 35 35 56 5C C7 33 56 56 A5 65 95 59 AA AA 95 35 AA AA 65 5A A5 9A FE 5C C7 33 35 5A 35 35 65 35 35 56 5C C7 33 56 96 A5 65 99 35 AA AA 35 35 AA AA 9A 5A 99 56 FE 5C C7 33 35 5A 35 35 65 35 35 56
[0001199072ms +001504ms] #00007 DATA 500k_8E1 5C C7 33 35 96 A5 35 9A 35 35 6A 5C C7 33 35 5A 35 65 35 35 35 35 35 35 35 35 A9 95 AA 56
[0001199363ms +001795ms] #00008 DATA 500k_8E1 5C C7 33 35 95 35 59 AA AA AA AA 5A 65 99 59 80
[0001199381ms +001813ms] #00009 DATA 500k_8E1 5C C7 33 35 95 35 59 AA AA AA AA 5A 65 99 59 80 5C C7 33 35 5A 35 35 65 35 35 56
[0001199393ms +001825ms] #00010 DATA 500k_8E1 5C C7 33 56 56 A5 35 9A 35 35 A6 00 5C C7 33 35 5A 35 65 35 35 35 35 35 35 35 35 A9 95 AA 56 5C C7 33 56 35 35 59 AA AA AA AA 96 65 99 65 E0 5C C7 33 35 5A 35 35 65 35 35 56
[0001199411ms +001843ms] #00011 DATA 500k_8E1 5C C7 33 56 95 35 59 AA AA AA AA AA 65 99 69 00 5C C7 33 35 5A 35 35 65 35 35 56
[0001199677ms +002109ms] #00012 DATA 500k_8E1 5C C7 33 56 96 A5 35 6A 35 35 99 5C C7 33 35 5A 35 65 35 35 99 99 35 35 35 35 A5 95 A6 56
[0001199976ms +002408ms] #00013 DATA 500k_8E1 5C C7 33 35 96 A5 35 9A 35 35 6A 5C C7 33 35 5A 35 65 35 35 35 35 35 35 35 35 A9 95 AA 56
[0001200278ms +002710ms] #00014 DATA 500k_8E1 5C C7 33 56 56 A5 35 9A 35 35 A6 80 5C C7 33 35 5A 35 65 35 35 35 35 35 35 35 35 A9 95 AA 56
[0001200575ms +003007ms] #00015 DATA 500k_8E1 5C C7 33 56 96 A5 35 6A 35 35 99 80 5C C7 33 35 5A 35 65 35 35 99 99 35 35 35 35 A5 95 A6 56
[0001200880ms +003312ms] #00016 DATA 500k_8E1 5C C7 33 35 96 A5 35 9A 35 35 6A 5C C7 33 35 5A 35 65 35 35 35 35 35 35 35 35 A9 95 AA 56
[0001201176ms +003608ms] #00017 DATA 500k_8E1 5C C7 33 56 56 A5 35 9A 35 35 A6
[0001201194ms +003626ms] #00018 DATA 500k_8E1 5C C7 33 56 56 A5 35 9A 35 35 A6 5C C7 33 35 5A 35 65 35 35 35 35 35 35 35 35 A9 95 AA 56
[0001201475ms +003907ms] #00019 DATA 500k_8E1 5C C7 33 56 96 A5 35 6A 35 35 99 00 5C C7 33 35 5A 35 65 35 35 99 99 35 35 35 35 A5 95 A6 56
[0001201783ms +004215ms] #00020 DATA 500k_8E1 5C C7 33 35 96 A5 35 9A 35 35 6A 00 5C C7 33 35 5A 35 65 35 35 35 35 35 35 35 35 A9 95 AA 56
[0001202084ms +004516ms] #00021 DATA 500k_8E1 5C C7 33 56 56 A5 35 9A 35 35 A6 5C C7 33 35 5A 35 65 35 35 35 35 35 35 35 35 A9 95 AA 56
[0001202384ms +004816ms] #00022 DATA 500k_8E1 5C C7 33 56 96 A5 35 6A 35 35 99
[0001202396ms +004828ms] #00023 DATA 500k_8E1 5C C7 33 56 96 A5 35 6A 35 35 99 00 5C C7 33 35 5A 35 65 35 35 99 99 35 35 35 35 A5 95 A6 56
[0001202685ms +005117ms] #00024 DATA 500k_8E1 5C C7 33 35 96 A5 35 9A 35 35 6A 5C C7 33 35 5A 35 65 35 35 35 35 35 35 35 35 A9 95 AA 56
[0001202985ms +005417ms] #00025 DATA 500k_8E1 5C C7 33 56 56 A5 35 9A 35 35 A6 5C C7 33 35 5A 35 65 35 35 35 35 35 35 35 35 A9 95 AA 56
[0001203286ms +005718ms] #00026 DATA 500k_8E1 5C C7 33 56 96 A5 35 6A 35 35 99 5C C7 33 35 5A 35 65 35 35 99 99 35 35 35 35 A5 95 A6 56
[0001203584ms +006016ms] #00027 DATA 500k_8E1 5C C7 33 35 96 A5 35 9A 35 35 6A 5C C7 33 35 5A 35 65 35 35 35 35 35 35 35 35 A9 95 AA 56
[0001203885ms +006317ms] #00028 DATA 500k_8E1 5C C7 33 56 56 A5 35 9A 35 35 A6 5C C7 33 35 5A 35 65 35 35 35 35 35 35 35 35 A9 95 AA 56
[0001203942ms +006374ms] #00029 DATA 500k_8E1 5C C7 33 35 96 A5 65 96 AA AA AA AA 5A AA AA A5 6A A9 9A C0 5C C7 33 35 5A 35 35 65 35 35 56 5C C7 33 56 56 A5 65 95 59 AA AA 95 35 AA AA 65 5A A5 9A FF 5C C7 33 35 5A 35 35 65 35 35 56 5C C7 33 56 96 A5 65 99 35 AA AA 35 35 AA AA 9A 5A 99 56 FF 5C C7 33 35 5A 35 35 65 35 35 56
[0001204182ms +006614ms] #00030 DATA 500k_8E1 5C C7 33 56 96 A5 35 6A 35 35 99 00 5C C7 33 35 5A 35 65 35 35 99 99 35 35 35 35 A5 95 A6 56
[0001204480ms +006912ms] #00031 DATA 500k_8E1 5C C7 33 35 96 A5 35 9A 35 35 6A 00 5C C7 33 35 5A 35 65 35 35 35 35 35 35 35 35 A9 95 AA 56
[0001204781ms +007213ms] #00032 DATA 500k_8E1 5C C7 33 56 56 A5 35 9A 35 35 A6 5C C7 33 35 5A 35 65 35 35 35 35 35 35 35 35 A9 95 AA 56
[0001205085ms +007517ms] #00033 DATA 500k_8E1 5C C7 33 56 96 A5 35 6A 35 35 99 00 5C C7 33 35 5A 35 65 35 35 99 99 35 35 35 35 A5 95 A6 56
[0001205390ms +007822ms] #00034 DATA 500k_8E1 5C C7 33 35 96 A5 35 9A 35 35 6A 5C C7 33 35 5A 35 65 35 35 35 35 35 35 35 35 A9 95 AA 56
[0001205686ms +008118ms] #00035 DATA 500k_8E1 5C C7 33 56 56 A5 35 9A 35 35 A6 00 5C C7 33 35 5A 35 65 35 35 35 35 35 35 35 35 A9 95 AA 56
[0001205991ms +008423ms] #00036 DATA 500k_8E1 5C C7 33 56 96 A5 35 6A 35 35 99 00
[0001206011ms +008443ms] #00037 DATA 500k_8E1 5C C7 33 56 96 A5 35 6A 35 35 99 5C C7 33 35 5A 35 65 35 35 99 99 35 35 35 35 A5 95 A6 56
[0001206289ms +008721ms] #00038 DATA 500k_8E1 5C C7 33 35 96 A5 35 9A 35 35 6A 5C C7 33 35 5A 35 65 35 35 35 35 35 35 35 35 A9 95 AA 56
[0001206590ms +009022ms] #00039 DATA 500k_8E1 5C C7 33 56 56 A5 35 9A 35 35 A6 5C C7 33 35 5A 35 65 35 35 35 35 35 35 35 35 A9 95 AA 56
[0001206890ms +009322ms] #00040 DATA 500k_8E1 5C C7 33 56 96 A5 35 6A 35 35 99 00 5C C7 33 35 5A 35 65 35 35 99 99 35 35 35 35 A5 95 A6 56
[0001207189ms +009621ms] #00041 DATA 500k_8E1 5C C7 33 35 96 A5 35 9A 35 35 6A 5C C7 33 35 5A 35 65 35 35 35 35 35 35 35 35 A9 95 AA 56
[0001207490ms +009922ms] #00042 DATA 500k_8E1 5C C7 33 56 56 A5 35 9A 35 35 A6 5C C7 33 35 5A 35 65 35 35 35 35 35 35 35 35 A9 95 AA 56
[0001207790ms +010222ms] #00043 DATA 500k_8E1 5C C7 33 56 96 A5 35 6A 35 35 99 5C C7 33 35 5A 35 65 35 35 99 99 35 35 35 35 A5 95 A6 56
[0001208089ms +010521ms] #00044 DATA 500k_8E1 5C C7 33 35 96 A5 35 9A 35 35 6A 5C C7 33 35 5A 35 65 35 35 35 35 35 35 35 35 A9 95 AA 56
[0001208389ms +010821ms] #00045 DATA 500k_8E1 5C C7 33 56 56 A5 35 9A 35 35 A6 5C C7 33 35 5A 35 65 35 35 35 35 35 35 35 35 A9 95 AA 56
[0001208690ms +011122ms] #00046 DATA 500k_8E1 5C C7 33 56 96 A5 35 6A 35 35 99 5C C7 33 35 5A 35 65 35 35 99 99 35 35 35 35 A5 95 A6 56
[0001208949ms +011381ms] #00047 DATA 500k_8E1 5C C7 33 35 96 A5 65 96 AA AA AA AA 5A AA AA A5 6A A9 9A E0 5C C7 33 35 5A 35 35 65 35 35 56 5C C7 33 56 56 A5 65 95 59 AA AA 95 35 AA AA 65 5A A5 9A FE 5C C7 33 35 5A 35 35 65 35 35 56 5C C7 33 56 96 A5 65 99 35 AA AA 35 35 AA AA 9A 5A 99 56 FF
[0001208965ms +011397ms] #00048 DATA 500k_8E1 5C C7 33 56 96 A5 65 99 35 AA AA 35 35 AA AA 9A 5A 99 56 FF 5C C7 33 35 5A 35 35 65 35 35 56
[0001208996ms +011428ms] #00049 DATA 500k_8E1 5C C7 33 35 96 A5 35 9A 35 35 6A 00 5C C7 33 35 5A 35 65 35 35 35 35 35 35 35 35 A9 95 AA 56
[0001209297ms +011729ms] #00050 DATA 500k_8E1 5C C7 33 56 56 A5 35 9A 35 35 A6 5C C7 33 35 5A 35 65 35 35 35 35 35 35 35 35 A9 95 AA 56
[0001209597ms +012029ms] #00051 DATA 500k_8E1 5C C7 33 56 96 A5 35 6A 35 35 99 5C C7 33 35 5A 35 65 35 35 99 99 35 35 35 35 A5 95 A6 56
[0001209892ms +012324ms] #00052 DATA 500k_8E1 5C C7 33 35 96 A5 35 9A 35 35 6A 5C C7 33 35 5A 35 65 35 35 35 35 35 35 35 35 A9 95 AA 56
[0001210198ms +012630ms] #00053 DATA 500k_8E1 5C C7 33 56 56 A5 35 9A 35 35 A6 00 5C C7 33 35 5A 35 65 35 35 35 35 35 35 35 35 A9 95 AA 56
