[0000294154ms +000000ms] #00001 DATA 500k_8E1 5C C7 33 35 96 A5 35 9A 35 35 6A 00 5C C7 33 35 5A 35 65 35 35 35 35 35 35 35 35 A9 95 AA 56
[0000294418ms +000264ms] #00002 DATA 500k_8E1 5C C7 33 35 96 A5 65 9A AA AA AA AA 5A AA AA 35 6A A9 35 FF 5C C7 33 35 5A 35 35 65 35 35 56 5C C7 33 56 56 A5 65 99 59 AA AA 95 35 AA AA 95 5A A5 35 FF 5C C7 33 35 5A 35 35 65 35 35 56 5C C7 33 56 96 A5 65 99 35 AA AA 35 35 AA AA 9A 5A 99 56 FF 5C C7 33 35 5A 35 35 65 35 35 56
[0000294454ms +000300ms] #00003 DATA 500k_8E1 5C C7 33 56 56 A5 35 9A 35 35 A6 5C C7 33 35 5A 35 65 35 35 35 35 35 35 35 35 A9 95 AA 56
[0000294750ms +000596ms] #00004 DATA 500k_8E1 5C C7 33 56 96 A5 35 6A 35 35 99 5C C7 33 35 5A 35 65 35 35 99 99 35 35 35 35 A5 95 A6 56
[0000295055ms +000901ms] #00005 DATA 500k_8E1 5C C7 33 35 96 A5 35 9A 35 35 6A 00 5C C7 33 35 5A 35 65 35 35 35 35 35 35 35 35 A9 95 AA 56
[0000295359ms +001205ms] #00006 DATA 500k_8E1 5C C7 33 56 56 A5 35 9A 35 35 A6 5C C7 33 35 5A 35 65 35 35 35 35 35 35 35 35 A9 95 AA 56
[0000295660ms +001506ms] #00007 DATA 500k_8E1 5C C7 33 56 96 A5 35 6A 35 35 99 5C C7 33 35 5A 35 65 35 35 99 99 35 35 35 35 A5 95 A6 56
[0000295959ms +001805ms] #00008 DATA 500k_8E1 5C C7 33 35 96 A5 35 9A 35 35 6A 5C C7 33 35 5A 35 65 35 56 35 35 35 35 35 35 56 65 AA 35
[0000296259ms +002105ms] #00009 DATA 500k_8E1 5C C7 33 56 56 A5 35 9A 35 35 A6 5C C7 33 35 5A 35 65 35 35 35 35 35 35 35 35 A9 95 AA 56
[0000296560ms +002406ms] #00010 DATA 500k_8E1 5C C7 33 56 96 A5 35 6A 35 35 99 5C C7 33 35 5A 35 65 35 35 99 99 35 35 35 35 A5 95 A6 56
[0000296848ms +002694ms] #00011 DATA 500k_8E1 5C C7 33 35 95 35 59 AA AA AA AA 5A 65 99 59 E0 5C C7 33 35 5A 35 35 65 35 35 56
[0000296860ms +002706ms] #00012 DATA 500k_8E1 5C C7 33 35 96 A5 35 9A 35 35 6A 5C C7 33 35 5A 35 65 35 56 35 35 35 35 35 35 56 65 AA 35 5C C7 33 56 35 35 59 AA AA AA AA 96 65 99 65 C0 5C C7 33 35 5A 35 35 65 35 35 56
[0000296878ms +002724ms] #00013 DATA 500k_8E1 5C C7 33 56 95 35 59 AA AA AA AA AA 65 99 69 5C C7 33 35 5A 35 35 65 35 35 56
[0000297155ms +003001ms] #00014 DATA 500k_8E1 5C C7 33 56 56 A5 35 9A 35 35 A6 5C C7 33 35 5A 35 65 35 35 35 35 35 35 35 35 A9 95 AA 56
[0000297457ms +003303ms] #00015 DATA 500k_8E1 5C C7 33 56 96 A5 35 6A 35 35 99 00 5C C7 33 35 5A 35 65 35 35 99 99 35 35 35 35 A5 95 A6 56
[0000297756ms +003602ms] #00016 DATA 500k_8E1 5C C7 33 35 96 A5 35 9A 35 35 6A 00
[0000297767ms +003613ms] #00017 DATA 500k_8E1 5C C7 33 35 96 A5 35 9A 35 35 6A 00 5C C7 33 35 5A 35 65 35 5A 35 35 35 35 35 35 99 A5 AA 56
[0000298056ms +003902ms] #00018 DATA 500k_8E1 5C C7 33 56 56 A5 35 9A 35 35 A6 5C C7 33 35 5A 35 65 35 35 35 35 35 35 35 35 A9 95 AA 56
[0000298357ms +004203ms] #00019 DATA 500k_8E1 5C C7 33 56 96 A5 35 6A 35 35 99 5C C7 33 35 5A 35 65 35 35 99 99 35 35 35 35 A5 95 A6 56
[0000298665ms +004511ms] #00020 DATA 500k_8E1 5C C7 33 35 96 A5 35 9A 35 35 6A 5C C7 33 35 5A 35 65 35 5A 35 35 35 35 35 35 99 A5 AA 56
[0000298966ms +004812ms] #00021 DATA 500k_8E1 5C C7 33 56 56 A5 35 9A 35 35 A6 00 5C C7 33 35 5A 35 65 35 35 35 35 35 35 35 35 A9 95 AA 56
[0000299262ms +005108ms] #00022 DATA 500k_8E1 5C C7 33 56 96 A5 35 6A 35 35 99 5C C7 33 35 5A 35 65 35 35 99 99 35 35 35 35 A5 95 A6 56
[0000299423ms +005269ms] #00023 DATA 500k_8E1 5C C7 33 35 96 A5 65 9A AA AA AA AA 5A AA AA 35 6A A9 35 FF 5C C7 33 35 5A 35 35 65 35 35 56 5C C7 33 56 56 A5 65 99 59 AA AA 95 35 AA AA 95 5A A5 35 FF 5C C7 33 35 5A 35 35 65 35 35 56 5C C7 33 56 96 A5 65 99 35 AA AA 35 35 AA AA 9A 5A 99 56 FE 5C C7 33 35 5A 35 35 65 35 35 56
[0000299563ms +005409ms] #00024 DATA 500k_8E1 5C C7 33 35 96 A5 35 9A 35 35 6A 5C C7 33 35 5A 35 65 35 6A 35 35 35 35 35 35 96 A5 AA 35
[0000299860ms +005706ms] #00025 DATA 500k_8E1 5C C7 33 56 56 A5 35 9A 35 35 A6 5C C7 33 35 5A 35 65 35 35 35 35 35 35 35 35 A9 95 AA 56
[0000300162ms +006008ms] #00026 DATA 500k_8E1 5C C7 33 56 96 A5 35 6A 35 35 99 5C C7 33 35 5A 35 65 35 35 99 99 35 35 35 35 A5 95 A6 56
[0000300466ms +006312ms] #00027 DATA 500k_8E1 5C C7 33 35 96 A5 35 9A 35 35 6A 5C C7 33 35 5A 35 65 35 AA 35 35 35 35 35 35 AA A5 AA 59
[0000300767ms +006613ms] #00028 DATA 500k_8E1 5C C7 33 56 56 A5 35 9A 35 35 A6 5C C7 33 35 5A 35 65 35 35 35 35 35 35 35 35 A9 95 AA 56
[0000301067ms +006913ms] #00029 DATA 500k_8E1 5C C7 33 56 96 A5 35 6A 35 35 99 5C C7 33 35 5A 35 65 35 35 99 99 35 35 35 35 A5 95 A6 56
[0000301366ms +007212ms] #00030 DATA 500k_8E1 5C C7 33 35 96 A5 35 9A 35 35 6A 00 5C C7 33 35 5A 35 65 56 AA 35 35 35 35 35 35 5A A5 AA 69
[0000301666ms +007512ms] #00031 DATA 500k_8E1 5C C7 33 56 56 A5 35 9A 35 35 A6 00 5C C7 33 35 5A 35 65 35 35 35 35 35 35 35 35 A9 95 AA 56
[0000301967ms +007813ms] #00032 DATA 500k_8E1 5C C7 33 56 96 A5 35 6A 35 35 99 5C C7 33 35 5A 35 65 35 35 99 99 35 35 35 35 A5 95 A6 56
[0000302265ms +008111ms] #00033 DATA 500k_8E1 5C C7 33 35 96 A5 35 9A 35 35 6A 5C C7 33 35 5A 35 65 5A AA 35 35 35 35 35 35 AA A5 AA A6
[0000302566ms +008412ms] #00034 DATA 500k_8E1 5C C7 33 56 56 A5 35 9A 35 35 A6 5C C7 33 35 5A 35 65 35 35 35 35 35 35 35 35 A9 95 AA 56
[0000302866ms +008712ms] #00035 DATA 500k_8E1 5C C7 33 56 96 A5 35 6A 35 35 99 80 5C C7 33 35 5A 35 65 35 35 99 99 35 35 35 35 A5 95 A6 56
[0000303165ms +009011ms] #00036 DATA 500k_8E1 5C C7 33 35 96 A5 35 9A 35 35 6A 5C C7 33 35 5A 35 65 6A AA 35 35 35 35 35 35 5A A5 A9 95
[0000303466ms +009312ms] #00037 DATA 500k_8E1 5C C7 33 56 56 A5 35 9A 35 35 A6 5C C7 33 35 5A 35 65 35 35 35 35 35 35 35 35 A9 95 AA 56
[0000303768ms +009614ms] #00038 DATA 500k_8E1 5C C7 33 56 96 A5 35 6A 35 35 99 5C C7 33 35 5A 35 65 35 35 99 99 35 35 35 35 A5 95 A6 56
[0000304072ms +009918ms] #00039 DATA 500k_8E1 5C C7 33 35 96 A5 35 9A 35 35 6A 00 5C C7 33 35 5A 35 65 AA AA 35 35 35 35 35 35 AA A5 A5 56
[0000304369ms +010215ms] #00040 DATA 500k_8E1 5C C7 33 56 56 A5 35 9A 35 35 A6 5C C7 33 35 5A 35 65 35 35 35 35 35 35 35 35 A9 95 AA 56
[0000304427ms +010273ms] #00041 DATA 500k_8E1 5C C7 33 35 96 A5 65 9A AA AA AA AA 5A AA AA 35 6A A9 35 FF 5C C7 33 35 5A 35 35 65 35 35 56 5C C7 33 56 56 A5 65 99 59 AA AA 95 35 AA AA 95 5A A5 35 FF 5C C7 33 35 5A 35 35 65 35 35 56 5C C7 33 56 96 A5 65 99 35 AA AA 35 35 AA AA 9A 5A 99 56 FF 5C C7 33 35 5A 35 35 65 35 35 56
[0000304671ms +010517ms] #00042 DATA 500k_8E1 5C C7 33 56 96 A5 35 6A 35 35 99 5C C7 33 35 5A 35 65 35 35 99 99 35 35 35 35 A5 95 A6 56
[0000304970ms +010816ms] #00043 DATA 500k_8E1 5C C7 33 35 96 A5 35 9A 35 35 6A 5C C7 33 35 5A 35 65 AA AA 35 56 35 35 35 35 5A A5 96 35
[0000305270ms +011116ms] #00044 DATA 500k_8E1 5C C7 33 56 56 A5 35 9A 35 35 A6 5C C7 33 35 5A 35 65 35 35 35 35 35 35 35 35 A9 95 AA 56
[0000305571ms +011417ms] #00045 DATA 500k_8E1 5C C7 33 56 96 A5 35 6A 35 35 99 5C C7 33 35 5A 35 65 35 35 99 99 35 35 35 35 A5 95 A6 56
[0000305869ms +011715ms] #00046 DATA 500k_8E1 5C C7 33 35 96 A5 35 9A 35 35 6A 00 5C C7 33 35 5A 35 65 AA AA 35 5A 35 35 35 35 AA A5 5A 56
[0000306170ms +012016ms] #00047 DATA 500k_8E1 5C C7 33 56 56 A5 35 9A 35 35 A6 00 5C C7 33 35 5A 35 65 35 35 35 35 35 35 35 35 A9 95 AA 56
[0000306470ms +012316ms] #00048 DATA 500k_8E1 5C C7 33 56 96 A5 35 6A 35 35 99 00
[0000306488ms +012334ms] #00049 DATA 500k_8E1 5C C7 33 56 96 A5 35 6A 35 35 99 5C C7 33 35 5A 35 65 35 35 99 99 35 35 35 35 A5 95 A6 56
[0000306777ms +012623ms] #00050 DATA 500k_8E1 5C C7 33 35 96 A5 35 9A 35 35 6A 5C C7 33 35 5A 35 65 AA AA 35 6A 35 35 35 35 5A A6 6A 35
[0000307077ms +012923ms] #00051 DATA 500k_8E1 5C C7 33 56 56 A5 35 9A 35 35 A6 5C C7 33 35 5A 35 65 35 35 35 35 35 35 35 35 A9 95 AA 56
[0000307378ms +013224ms] #00052 DATA 500k_8E1 5C C7 33 56 96 A5 35 6A 35 35 99 5C C7 33 35 5A 35 65 35 35 99 99 35 35 35 35 A5 95 A6 56
[0000307676ms +013522ms] #00053 DATA 500k_8E1 5C C7 33 35 96 A5 35 9A 35 35 6A 00 5C C7 33 35 5A 35 65 AA AA 35 AA 35 35 35 35 AA AA AA 56
[0000307877ms +013723ms] #00054 DATA 500k_8E1 5C C7 33 35 95 35 59 AA AA AA AA 5A 65 99 59 C0 5C C7 33 35 5A 35 35 65 35 35 56
[0000307889ms +013735ms] #00055 DATA 500k_8E1 5C C7 33 56 35 35 59 AA AA AA AA 96 65 99 65 00 5C C7 33 35 5A 35 35 65 35 35 56
[0000307901ms +013747ms] #00056 DATA 500k_8E1 5C C7 33 56 95 35 59 AA AA AA AA AA 65 99 69 00 5C C7 33 35 5A 35 35 65 35 35 56
[0000307973ms +013819ms] #00057 DATA 500k_8E1 5C C7 33 56 56 A5 35 9A 35 35 A6 5C C7 33 35 5A 35 65 35 35 35 35 35 35 35 35 A9 95 AA 56
[0000308273ms +014119ms] #00058 DATA 500k_8E1 5C C7 33 56 96 A5 35 6A 35 35 99 00 5C C7 33 35 5A 35 65 35 35 99 99 35 35 35 35 A5 95 A6 56
[0000308576ms +014422ms] #00059 DATA 500k_8E1 5C C7 33 35 96 A5 35 9A 35 35 6A 5C C7 33 35 5A 35 65 AA AA 56 AA 35 35 35 35 5A 99 AA 35
[0000308882ms +014728ms] #00060 DATA 500k_8E1 5C C7 33 56 56 A5 35 9A 35 35 A6 5C C7 33 35 5A 35 65 35 35 35 35 35 35 35 35 A9 95 AA 56
[0000309179ms +015025ms] #00061 DATA 500k_8E1 5C C7 33 56 96 A5 35 6A 35 35 99 5C C7 33 35 5A 35 65 35 35 99 99 35 35 35 35 A5 95 A6 56
[0000309442ms +015288ms] #00062 DATA 500k_8E1 5C C7 33 35 96 A5 65 9A AA AA AA AA 5A AA AA 35 6A A9 35 FE 5C C7 33 35 5A 35 35 65 35 35 56 5C C7 33 56 56 A5 65 99 59 AA AA 95 35 AA AA 95 5A A5 35 FF 5C C7 33 35 5A 35 35 65 35 35 56 5C C7 33 56 96 A5 65 99 35 AA AA 35 35 AA AA 9A 5A 99 56 FF 5C C7 33 35 5A 35 35 65 35 35 56
[0000309477ms +015323ms] #00063 DATA 500k_8E1 5C C7 33 35 96 A5 35 9A 35 35 6A 5C C7 33 35 5A 35 65 AA AA 5A AA 35 35 35 35 AA 35 AA 56
[0000309778ms +015624ms] #00064 DATA 500k_8E1 5C C7 33 56 56 A5 35 9A 35 35 A6 5C C7 33 35 5A 35 65 35 35 35 35 35 35 35 35 A9 95 AA 56
[0000310079ms +015925ms] #00065 DATA 500k_8E1 5C C7 33 56 96 A5 35 6A 35 35 99 00 5C C7 33 35 5A 35 65 35 35 99 99 35 35 35 35 A5 95 A6 56
[0000310379ms +016225ms] #00066 DATA 500k_8E1 5C C7 33 35 96 A5 35 9A 35 35 6A 00
[0000310393ms +016239ms] #00067 DATA 500k_8E1 5C C7 33 35 96 A5 35 9A 35 35 6A 5C C7 33 35 5A 35 65 AA AA 6A AA 35 35 35 35 59 65 AA 35
[0000310682ms +016528ms] #00068 DATA 500k_8E1 5C C7 33 56 56 A5 35 9A 35 35 A6 5C C7 33 35 5A 35 65 35 35 35 35 35 35 35 35 A9 95 AA 56
[0000310982ms +016828ms] #00069 DATA 500k_8E1 5C C7 33 56 96 A5 35 6A 35 35 99 80 5C C7 33 35 5A 35 65 35 35 99 99 35 35 35 35 A5 95 A6 56
[0000311281ms +017127ms] #00070 DATA 500k_8E1 5C C7 33 35 96 A5 35 9A 35 35 6A 5C C7 33 35 5A 35 65 AA AA AA AA 35 35 35 35 A5 A5 AA 56
[0000311581ms +017427ms] #00071 DATA 500k_8E1 5C C7 33 56 56 A5 35 9A 35 35 A6 00 5C C7 33 35 5A 35 65 35 35 35 35 35 35 35 35 A9 95 AA 56
[0000311882ms +017728ms] #00072 DATA 500k_8E1 5C C7 33 56 96 A5 35 6A 35 35 99 5C C7 33 35 5A 35 65 35 35 99 99 35 35 35 35 A5 95 A6 56
[0000312180ms +018026ms] #00073 DATA 500k_8E1 5C C7 33 35 96 A5 35 9A 35 35 6A 80 5C C7 33 35 5A 35 65 AA AA AA AA 35 35 35 35 A5 A5 AA 56
[0000312481ms +018327ms] #00074 DATA 500k_8E1 5C C7 33 56 56 A5 35 9A 35 35 A6 00 5C C7 33 35 5A 35 65 35 56 35 35 35 35 35 35 56 65 AA 35
[0000312781ms +018627ms] #00075 DATA 500k_8E1 5C C7 33 56 96 A5 35 6A 35 35 99 5C C7 33 35 5A 35 65 35 35 99 99 35 35 35 35 A5 95 A6 56
[0000313090ms +018936ms] #00076 DATA 500k_8E1 5C C7 33 35 96 A5 35 9A 35 35 6A 5C C7 33 35 5A 35 65 AA AA AA AA 35 35 35 35 A5 A5 AA 56
[0000313386ms +019232ms] #00077 DATA 500k_8E1 5C C7 33 56 56 A5 35 9A 35 35 A6 5C C7 33 35 5A 35 65 35 5A 35 35 35 35 35 35 99 A5 AA 56
[0000313683ms +019529ms] #00078 DATA 500k_8E1 5C C7 33 56 96 A5 35 6A 35 35 99 00 5C C7 33 35 5A 35 65 35 35 99 99 35 35 35 35 A5 95 A6 56
[0000313987ms +019833ms] #00079 DATA 500k_8E1 5C C7 33 35 96 A5 35 9A 35 35 6A 5C C7 33 35 5A 35 65 AA AA AA AA 35 35 35 35 A5 A5 AA 56
[0000314290ms +020136ms] #00080 DATA 500k_8E1 5C C7 33 56 56 A5 35 9A 35 35 A6 00 5C C7 33 35 5A 35 65 35 5A 35 35 35 35 35 35 99 A5 AA 56
[0000314448ms +020294ms] #00081 DATA 500k_8E1 5C C7 33 35 96 A5 65 9A AA AA AA AA 5A AA AA 35 6A A9 35 FF 5C C7 33 35 5A 35 35 65 35 35 56 5C C7 33 56 56 A5 65 99 59 AA AA 95 35 AA AA 95 5A A5 35 FF 5C C7 33 35 5A 35 35 65 35 35 56 5C C7 33 56 96 A5 65 99 35 AA AA 35 35 AA AA 9A 5A 99 56 FF
[0000314468ms +020314ms] #00082 DATA 500k_8E1 5C C7 33 56 96 A5 65 99 35 AA AA 35 35 AA AA 9A 5A 99 56 FF 5C C7 33 35 5A 35 35 65 35 35 56
[0000314592ms +020438ms] #00083 DATA 500k_8E1 5C C7 33 56 96 A5 35 6A 35 35 99 5C C7 33 35 5A 35 65 35 35 99 99 35 35 35 35 A5 95 A6 56
[0000314891ms +020737ms] #00084 DATA 500k_8E1 5C C7 33 35 96 A5 35 9A 35 35 6A C0 5C C7 33 35 5A 35 65 AA AA AA AA 35 35 35 35 A5 A5 AA 56
[0000315192ms +021038ms] #00085 DATA 500k_8E1 5C C7 33 56 56 A5 35 9A 35 35 A6 00 5C C7 33 35 5A 35 65 35 6A 35 35 35 35 35 35 96 A5 AA 35
[0000315494ms +021340ms] #00086 DATA 500k_8E1 5C C7 33 56 96 A5 35 6A 35 35 99
[0000315509ms +021355ms] #00087 DATA 500k_8E1 5C C7 33 56 96 A5 35 6A 35 35 99 00 5C C7 33 35 5A 35 65 35 35 99 99 35 35 35 35 A5 95 A6 56
[0000315788ms +021634ms] #00088 DATA 500k_8E1 5C C7 33 35 96 A5 35 9A 35 35 6A 5C C7 33 35 5A 35 65 AA AA AA AA 35 35 35 35 A5 A5 AA 56
[0000316089ms +021935ms] #00089 DATA 500k_8E1 5C C7 33 56 56 A5 35 9A 35 35 A6 00 5C C7 33 35 5A 35 65 56 AA 35 35 35 35 35 35 5A A5 AA 69
[0000316389ms +022235ms] #00090 DATA 500k_8E1 5C C7 33 56 96 A5 35 6A 35 35 99 80 5C C7 33 35 5A 35 65 35 35 99 99 35 35 35 35 A5 95 A6 56
[0000316688ms +022534ms] #00091 DATA 500k_8E1 5C C7 33 35 96 A5 35 9A 35 35 6A
[0000316701ms +022547ms] #00092 DATA 500k_8E1 5C C7 33 35 96 A5 35 9A 35 35 6A 5C C7 33 35 5A 35 65 AA AA AA AA 35 35 35 35 A5 A5 AA 56
[0000316990ms +022836ms] #00093 DATA 500k_8E1 5C C7 33 56 56 A5 35 9A 35 35 A6
[0000317001ms +022847ms] #00094 DATA 500k_8E1 5C C7 33 56 56 A5 35 9A 35 35 A6 5C C7 33 35 5A 35 65 56 AA 35 35 35 35 35 35 5A A5 AA 69
[0000317291ms +023137ms] #00095 DATA 500k_8E1 5C C7 33 56 96 A5 35 6A 35 35 99 00 5C C7 33 35 5A 35 65 35 35 99 99 35 35 35 35 A5 95 A6 56
[0000317589ms +023435ms] #00096 DATA 500k_8E1 5C C7 33 35 96 A5 35 9A 35 35 6A 5C C7 33 35 5A 35 65 AA AA AA AA 35 35 35 35 A5 A5 AA 56
[0000317892ms +023738ms] #00097 DATA 500k_8E1 5C C7 33 56 56 A5 35 9A 35 35 A6 5C C7 33 35 5A 35 65 5A AA 35 35 35 35 35 35 AA A5 AA A6
[0000318198ms +024044ms] #00098 DATA 500k_8E1 5C C7 33 56 96 A5 35 6A 35 35 99 00 5C C7 33 35 5A 35 65 35 35 99 99 35 35 35 35 A5 95 A6 56
[0000318493ms +024339ms] #00099 DATA 500k_8E1 5C C7 33 35 96 A5 35 9A 35 35 6A 00 5C C7 33 35 5A 35 65 AA AA AA AA 35 35 35 35 A5 A5 AA 56
[0000318799ms +024645ms] #00100 DATA 500k_8E1 5C C7 33 56 56 A5 35 9A 35 35 A6 00 5C C7 33 35 5A 35 65 6A AA 35 35 35 35 35 35 5A A5 A9 95
[0000318968ms +024814ms] #00101 DATA 500k_8E1 5C C7 33 35 95 35 59 AA AA AA AA 5A 65 99 59 C0 5C C7 33 35 5A 35 35 65 35 35 56
[0000318980ms +024826ms] #00102 DATA 500k_8E1 5C C7 33 56 35 35 59 AA AA AA AA 96 65 99 65 00 5C C7 33 35 5A 35 35 65 35 35 56
[0000318994ms +024840ms] #00103 DATA 500k_8E1 5C C7 33 56 95 35 59 AA AA AA AA AA 65 99 69 00 5C C7 33 35 5A 35 35 65 35 35 56
[0000319096ms +024942ms] #00104 DATA 500k_8E1 5C C7 33 56 96 A5 35 6A 35 35 99 5C C7 33 35 5A 35 65 35 35 99 99 35 35 35 35 A5 95 A6 56
[0000319394ms +025240ms] #00105 DATA 500k_8E1 5C C7 33 35 96 A5 35 9A 35 35 6A 00 5C C7 33 35 5A 35 65 AA AA AA AA 35 35 35 35 A5 A5 AA 56
[0000319461ms +025307ms] #00106 DATA 500k_8E1 5C C7 33 35 96 A5 65 9A AA AA AA AA 5A AA AA 35 6A A9 35 FF 5C C7 33 35 5A 35 35 65 35 35 56 5C C7 33 56 56 A5 65 99 59 AA AA 95 35 AA AA 95 5A A5 35 FF 5C C7 33 35 5A 35 35 65 35 35 56 5C C7 33 56 96 A5 65 99 35 AA AA 35 35 AA AA 9A 5A 99 56 FF 5C C7 33 35 5A 35 35 65 35 35 56
[0000319701ms +025547ms] #00107 DATA 500k_8E1 5C C7 33 56 56 A5 35 9A 35 35 A6 5C C7 33 35 5A 35 65 AA AA 35 35 35 35 35 35 AA A5 A5 56
[0000320001ms +025847ms] #00108 DATA 500k_8E1 5C C7 33 56 96 A5 35 6A 35 35 99 5C C7 33 35 5A 35 65 35 35 99 99 35 35 35 35 A5 95 A6 56
[0000320302ms +026148ms] #00109 DATA 500k_8E1 5C C7 33 35 96 A5 35 9A 35 35 6A 80 5C C7 33 35 5A 35 65 AA AA AA AA 35 35 35 35 A5 A5 AA 56
[0000320602ms +026448ms] #00110 DATA 500k_8E1 5C C7 33 56 56 A5 35 9A 35 35 A6 5C C7 33 35 5A 35 65 AA AA 35 56 35 35 35 35 5A A5 96 35
[0000320903ms +026749ms] #00111 DATA 500k_8E1 5C C7 33 56 96 A5 35 6A 35 35 99 00 5C C7 33 35 5A 35 65 35 35 99 99 35 35 35 35 A5 95 A6 56
[0000321201ms +027047ms] #00112 DATA 500k_8E1 5C C7 33 35 96 A5 35 9A 35 35 6A 00 5C C7 33 35 5A 35 65 AA AA AA AA 35 35 35 35 A5 A5 AA 56
[0000321501ms +027347ms] #00113 DATA 500k_8E1 5C C7 33 56 56 A5 35 9A 35 35 A6 5C C7 33 35 5A 35 65 AA AA 35 5A 35 35 35 35 AA A5 5A 56
[0000321802ms +027648ms] #00114 DATA 500k_8E1 5C C7 33 56 96 A5 35 6A 35 35 99 5C C7 33 35 5A 35 65 35 35 99 99 35 35 35 35 A5 95 A6 56
[0000322100ms +027946ms] #00115 DATA 500k_8E1 5C C7 33 35 96 A5 35 9A 35 35 6A 5C C7 33 35 5A 35 65 AA AA AA AA 35 35 35 35 A5 A5 AA 56
[0000322401ms +028247ms] #00116 DATA 500k_8E1 5C C7 33 56 56 A5 35 9A 35 35 A6 80 5C C7 33 35 5A 35 65 AA AA 35 6A 35 35 35 35 5A A6 6A 35
[0000322705ms +028551ms] #00117 DATA 500k_8E1 5C C7 33 56 96 A5 35 6A 35 35 99 5C C7 33 35 5A 35 65 35 35 99 99 35 35 35 35 A5 95 A6 56
[0000323000ms +028846ms] #00118 DATA 500k_8E1 5C C7 33 35 96 A5 35 9A 35 35 6A 00 5C C7 33 35 5A 35 65 AA AA AA AA 35 35 35 35 A5 A5 AA 56
[0000323307ms +029153ms] #00119 DATA 500k_8E1 5C C7 33 56 56 A5 35 9A 35 35 A6 80 5C C7 33 35 5A 35 65 AA AA 35 AA 35 35 35 35 AA AA AA 56
[0000323601ms +029447ms] #00120 DATA 500k_8E1 5C C7 33 56 96 A5 35 6A 35 35 99 5C C7 33 35 5A 35 65 35 35 99 99 35 35 35 35 A5 95 A6 56
[0000323900ms +029746ms] #00121 DATA 500k_8E1 5C C7 33 35 96 A5 35 9A 35 35 6A 00
[0000323920ms +029766ms] #00122 DATA 500k_8E1 5C C7 33 35 96 A5 35 9A 35 35 6A 5C C7 33 35 5A 35 65 AA AA AA AA 35 35 35 35 A5 A5 AA 56
[0000324200ms +030046ms] #00123 DATA 500k_8E1 5C C7 33 56 56 A5 35 9A 35 35 A6 5C C7 33 35 5A 35 65 AA AA 56 AA 35 35 35 35 5A 99 AA 35
[0000324461ms +030307ms] #00124 DATA 500k_8E1 5C C7 33 35 96 A5 65 9A AA AA AA AA 5A AA AA 35 6A A9 35 FF 5C C7 33 35 5A 35 35 65 35 35 56 5C C7 33 56 56 A5 65 99 59 AA AA 95 35 AA AA 95 5A A5 35 FF 5C C7 33 35 5A 35 35 65 35 35 56 5C C7 33 56 96 A5 65 99 35 AA AA 35 35 AA AA 9A 5A 99 56 FF 5C C7 33 35 5A 35 35 65 35 35 56
[0000324507ms +030353ms] #00125 DATA 500k_8E1 5C C7 33 56 96 A5 35 6A 35 35 99 5C C7 33 35 5A 35 65 35 35 99 99 35 35 35 35 A5 95 A6 56
[0000324805ms +030651ms] #00126 DATA 500k_8E1 5C C7 33 35 96 A5 35 9A 35 35 6A 5C C7 33 35 5A 35 65 AA AA AA AA 35 35 35 35 A5 A5 AA 56
[0000325106ms +030952ms] #00127 DATA 500k_8E1 5C C7 33 56 56 A5 35 9A 35 35 A6 5C C7 33 35 5A 35 65 AA AA 5A AA 35 35 35 35 AA 35 AA 56
[0000325406ms +031252ms] #00128 DATA 500k_8E1 5C C7 33 56 96 A5 35 6A 35 35 99 80 5C C7 33 35 5A 35 65 35 35 99 99 35 35 35 35 A5 95 A6 56
[0000325705ms +031551ms] #00129 DATA 500k_8E1 5C C7 33 35 96 A5 35 9A 35 35 6A 5C C7 33 35 5A 35 65 AA AA AA AA 35 35 35 35 A5 A5 AA 56
[0000326005ms +031851ms] #00130 DATA 500k_8E1 5C C7 33 56 56 A5 35 9A 35 35 A6 5C C7 33 35 5A 35 65 AA AA 6A AA 35 35 35 35 59 65 AA 35
[0000326306ms +032152ms] #00131 DATA 500k_8E1 5C C7 33 56 96 A5 35 6A 35 35 99 00 5C C7 33 35 5A 35 65 35 35 99 99 35 35 35 35 A5 95 A6 56
[0000326604ms +032450ms] #00132 DATA 500k_8E1 5C C7 33 35 96 A5 35 9A 35 35 6A 00 5C C7 33 35 5A 35 65 AA AA AA AA 35 35 35 35 A5 A5 AA 56
[0000326905ms +032751ms] #00133 DATA 500k_8E1 5C C7 33 56 56 A5 35 9A 35 35 A6 00 5C C7 33 35 5A 35 65 AA AA AA AA 35 35 35 35 A5 A5 AA 56
[0000327205ms +033051ms] #00134 DATA 500k_8E1 5C C7 33 56 96 A5 35 6A 35 35 99 5C C7 33 35 5A 35 65 35 35 99 99 35 35 35 35 A5 95 A6 56
[0000327510ms +033356ms] #00135 DATA 500k_8E1 5C C7 33 35 96 A5 35 9A 35 35 6A 00
[0000327524ms +033370ms] #00136 DATA 500k_8E1 5C C7 33 35 96 A5 35 9A 35 35 6A 80 5C C7 33 35 5A 35 65 AA AA AA AA 35 35 35 35 A5 A5 AA 56
[0000327810ms +033656ms] #00137 DATA 500k_8E1 5C C7 33 56 56 A5 35 9A 35 35 A6 5C C7 33 35 5A 35 65 AA AA AA AA 35 35 35 35 A5 A5 AA 56
[0000328106ms +033952ms] #00138 DATA 500k_8E1 5C C7 33 56 96 A5 35 6A 35 35 99 5C C7 33 35 5A 35 65 35 56 99 99 35 35 35 35 5A 65 A6 35
[0000328407ms +034253ms] #00139 DATA 500k_8E1 5C C7 33 35 96 A5 35 9A 35 35 6A 5C C7 33 35 5A 35 65 AA AA AA AA 35 35 35 35 A5 A5 AA 56
[0000328707ms +034553ms] #00140 DATA 500k_8E1 5C C7 33 56 56 A5 35 9A 35 35 A6 00 5C C7 33 35 5A 35 65 AA AA AA AA 35 35 35 35 A5 A5 AA 56
[0000329008ms +034854ms] #00141 DATA 500k_8E1 5C C7 33 56 96 A5 35 6A 35 35 99 5C C7 33 35 5A 35 65 35 5A 99 99 35 35 35 35 95 A5 A6 56
[0000329316ms +035162ms] #00142 DATA 500k_8E1 5C C7 33 35 96 A5 35 9A 35 35 6A 5C C7 33 35 5A 35 65 AA AA AA AA 35 35 35 35 A5 A5 AA 56
[0000329475ms +035321ms] #00143 DATA 500k_8E1 5C C7 33 35 96 A5 65 9A AA AA AA AA 5A AA AA 35 6A A9 35 FF 5C C7 33 35 5A 35 35 65 35 35 56 5C C7 33 56 56 A5 65 99 59 AA AA 95 35 AA AA 95 5A A5 35 FF
[0000329497ms +035343ms] #00144 DATA 500k_8E1 5C C7 33 56 56 A5 65 99 59 AA AA 95 35 AA AA 95 5A A5 35 FF 5C C7 33 35 5A 35 35 65 35 35 56 5C C7 33 56 96 A5 65 99 35 AA AA 35 35 AA AA 9A 5A 99 56 FF 5C C7 33 35 5A 35 35 65 35 35 56
[0000329613ms +035459ms] #00145 DATA 500k_8E1 5C C7 33 56 56 A5 35 9A 35 35 A6 5C C7 33 35 5A 35 65 AA AA AA AA 35 35 35 35 A5 A5 AA 56
[0000329913ms +035759ms] #00146 DATA 500k_8E1 5C C7 33 56 96 A5 35 6A 35 35 99 5C C7 33 35 5A 35 65 35 6A 99 99 35 35 35 35 9A A5 A6 35
[0000329938ms +035784ms] #00147 DATA 500k_8E1 5C C7 33 35 95 35 59 AA AA AA AA 5A 65 99 59 E0 5C C7 33 35 5A 35 35 65 35 35 56
[0000329950ms +035796ms] #00148 DATA 500k_8E1 5C C7 33 56 35 35 59 AA AA AA AA 96 65 99 65 E0
[0000329967ms +035813ms] #00149 DATA 500k_8E1 5C C7 33 56 35 35 59 AA AA AA AA 96 65 99 65 FC 5C C7 33 35 5A 35 35 65 35 35 56
[0000329980ms +035826ms] #00150 DATA 500k_8E1 5C C7 33 56 95 35 59 AA AA AA AA AA 65 99 69 80 5C C7 33 35 5A 35 35 65 35 35 56
[0000330216ms +036062ms] #00151 DATA 500k_8E1 5C C7 33 35 96 A5 35 9A 35 35 6A 00 5C C7 33 35 5A 35 65 AA AA AA AA 35 35 35 35 A5 A5 AA 56
[0000330516ms +036362ms] #00152 DATA 500k_8E1 5C C7 33 56 56 A5 35 9A 35 35 A6 80
[0000330528ms +036374ms] #00153 DATA 500k_8E1 5C C7 33 56 56 A5 35 9A 35 35 A6 5C C7 33 35 5A 35 65 AA AA AA AA 35 35 35 35 A5 A5 AA 56
[0000330817ms +036663ms] #00154 DATA 500k_8E1 5C C7 33 56 96 A5 35 6A 35 35 99 C0 5C C7 33 35 5A 35 65 35 AA 99 99 35 35 35 35 A6 A5 A6 59
[0000331115ms +036961ms] #00155 DATA 500k_8E1 5C C7 33 35 96 A5 35 9A 35 35 6A 00 5C C7 33 35 5A 35 65 AA AA AA AA 35 35 35 35 A5 A5 AA 56
[0000331416ms +037262ms] #00156 DATA 500k_8E1 5C C7 33 56 56 A5 35 9A 35 35 A6 00 5C C7 33 35 5A 35 65 AA AA AA AA 35 35 35 35 A5 A5 AA 56
[0000331716ms +037562ms] #00157 DATA 500k_8E1 5C C7 33 56 96 A5 35 6A 35 35 99 5C C7 33 35 5A 35 65 56 AA 99 99 35 35 35 35 56 A5 A6 69
[0000332019ms +037865ms] #00158 DATA 500k_8E1 5C C7 33 35 96 A5 35 9A 35 35 6A 5C C7 33 35 5A 35 65 AA AA AA AA 35 35 35 35 A5 A5 AA 56
[0000332317ms +038163ms] #00159 DATA 500k_8E1 5C C7 33 56 56 A5 35 9A 35 35 A6 5C C7 33 35 5A 35 65 AA AA AA AA 35 35 35 35 A5 A5 AA 56
[0000332614ms +038460ms] #00160 DATA 500k_8E1 5C C7 33 56 96 A5 35 6A 35 35 99 00 5C C7 33 35 5A 35 65 5A AA 99 99 35 35 35 35 A6 A5 A6 A6
[0000332918ms +038764ms] #00161 DATA 500k_8E1 5C C7 33 35 96 A5 35 9A 35 35 6A 00 5C C7 33 35 5A 35 65 AA AA AA AA 35 35 35 35 A5 A5 AA 56
[0000333221ms +039067ms] #00162 DATA 500k_8E1 5C C7 33 56 56 A5 35 9A 35 35 A6 C0 5C C7 33 35 5A 35 65 AA AA AA AA 35 35 35 35 A5 A5 AA 56
[0000333522ms +039368ms] #00163 DATA 500k_8E1 5C C7 33 56 96 A5 35 6A 35 35 99
[0000333542ms +039388ms] #00164 DATA 500k_8E1 5C C7 33 56 96 A5 35 6A 35 35 99 80 5C C7 33 35 5A 35 65 6A AA 99 99 35 35 35 35 56 A5 A5 95
[0000333820ms +039666ms] #00165 DATA 500k_8E1 5C C7 33 35 96 A5 35 9A 35 35 6A 00 5C C7 33 35 5A 35 65 AA AA AA AA 35 35 35 35 A5 A5 AA 56
[0000334121ms +039967ms] #00166 DATA 500k_8E1 5C C7 33 56 56 A5 35 9A 35 35 A6 5C C7 33 35 5A 35 65 AA AA AA AA 35 35 35 35 A5 A5 AA 56
[0000334422ms +040268ms] #00167 DATA 500k_8E1 5C C7 33 56 96 A5 35 6A 35 35 99 80 5C C7 33 35 5A 35 65 AA AA 99 99 35 35 35 35 A6 A5 A9 56
[0000334478ms +040324ms] #00168 DATA 500k_8E1 5C C7 33 35 96 A5 65 9A AA AA AA AA 5A AA AA 35 6A A9 35 FF 5C C7 33 35 5A 35 35 65 35 35 56 5C C7 33 56 56 A5 65 99 59 AA AA 95 35 AA AA 95 5A A5 35 FF 5C C7 33 35 5A 35 35 65 35 35 56 5C C7 33 56 96 A5 65 99 35 AA AA 35 35 AA AA 9A 5A 99 56 FF 5C C7 33 35 5A 35 35 65 35 35 56
[0000334718ms +040564ms] #00169 DATA 500k_8E1 5C C7 33 35 96 A5 35 9A 35 35 6A 00 5C C7 33 35 5A 35 65 AA AA AA AA 35 35 35 35 A5 A5 AA 56
[0000335020ms +040866ms] #00170 DATA 500k_8E1 5C C7 33 56 56 A5 35 9A 35 35 A6 5C C7 33 35 5A 35 65 AA AA AA AA 35 35 35 35 A5 A5 AA 56
[0000335321ms +041167ms] #00171 DATA 500k_8E1 5C C7 33 56 96 A5 35 6A 35 35 99 80 5C C7 33 35 5A 35 65 AA AA 99 99 35 35 35 35 A6 A5 A9 56
[0000335621ms +041467ms] #00172 DATA 500k_8E1 5C C7 33 35 96 A5 35 9A 35 35 6A 80 5C C7 33 35 5A 35 65 AA AA AA AA 35 35 35 35 A5 A5 AA 56
[0000335922ms +041768ms] #00173 DATA 500k_8E1 5C C7 33 56 56 A5 35 9A 35 35 A6 5C C7 33 35 5A 35 65 AA AA AA AA 35 35 35 35 A5 A5 AA 56
[0000336222ms +042068ms] #00174 DATA 500k_8E1 5C C7 33 56 96 A5 35 6A 35 35 99 00 5C C7 33 35 5A 35 65 AA AA 99 99 35 35 35 35 A6 A5 A9 56
[0000336521ms +042367ms] #00175 DATA 500k_8E1 5C C7 33 35 96 A5 35 9A 35 35 6A 00
[0000336536ms +042382ms] #00176 DATA 500k_8E1 5C C7 33 35 96 A5 35 9A 35 35 6A
[0000336556ms +042402ms] #00177 DATA 500k_8E1 5C C7 33 35 96 A5 35 9A 35 35 6A 5C C7 33 35 5A 35 65 AA AA AA AA 35 35 35 35 A5 A5 AA 56
