[0000012687ms +000000ms] #00001 DATA 500k_8E1 5C C7 33 35 96 A5 35 9A 35 35 6A 5C C7 33 35 5A 35 65 35 35 35 35 AA AA AA AA 66 95 AA 35
[0000012987ms +000300ms] #00002 DATA 500k_8E1 5C C7 33 56 56 A5 35 9A 35 35 A6 5C C7 33 35 5A 35 65 35 35 35 35 AA AA AA AA 66 95 AA 35
[0000013288ms +000601ms] #00003 DATA 500k_8E1 5C C7 33 56 96 A5 35 6A 35 35 99 5C C7 33 35 5A 35 65 35 35 99 99 AA AA 35 35 5A 95 96 35
[0000013588ms +000901ms] #00004 DATA 500k_8E1 5C C7 33 35 96 A5 35 9A 35 35 6A 00 5C C7 33 35 5A 35 65 35 35 35 35 AA AA AA AA 66 95 AA 35
[0000013890ms +001203ms] #00005 DATA 500k_8E1 5C C7 33 56 56 A5 35 9A 35 35 A6 5C C7 33 35 5A 35 65 35 35 35 35 AA AA AA AA 66 95 AA 35
[0000014186ms +001499ms] #00006 DATA 500k_8E1 5C C7 33 56 96 A5 35 6A 35 35 99 5C C7 33 35 5A 35 65 35 35 99 99 AA AA 35 35 5A 95 96 35
[0000014491ms +001804ms] #00007 DATA 500k_8E1 5C C7 33 35 96 A5 35 9A 35 35 6A 00 5C C7 33 35 5A 35 65 35 35 35 35 AA AA AA AA 66 95 AA 35
[0000014789ms +002102ms] #00008 DATA 500k_8E1 5C C7 33 56 56 A5 35 9A 35 35 A6 5C C7 33 35 5A 35 65 35 35 35 35 AA AA AA AA 66 95 AA 35
[0000015089ms +002402ms] #00009 DATA 500k_8E1 5C C7 33 56 96 A5 35 6A 35 35 99 00 5C C7 33 35 5A 35 65 35 35 99 99 AA AA 35 35 5A 95 96 35
[0000015388ms +002701ms] #00010 DATA 500k_8E1 5C C7 33 35 96 A5 35 9A 35 35 6A 5C C7 33 35 5A 35 65 35 35 35 35 AA AA AA AA 66 95 AA 35
[0000015688ms +003001ms] #00011 DATA 500k_8E1 5C C7 33 56 56 A5 35 9A 35 35 A6 5C C7 33 35 5A 35 65 35 35 35 35 AA AA AA AA 66 95 AA 35
[0000015988ms +003301ms] #00012 DATA 500k_8E1 5C C7 33 56 96 A5 35 6A 35 35 99 C0 5C C7 33 35 5A 35 65 35 35 99 99 AA AA 35 35 5A 95 96 35
[0000016288ms +003601ms] #00013 DATA 500k_8E1 5C C7 33 35 96 A5 35 9A 35 35 6A 5C C7 33 35 5A 35 65 35 35 35 35 AA AA AA AA 66 95 AA 35
[0000016588ms +003901ms] #00014 DATA 500k_8E1 5C C7 33 56 56 A5 35 9A 35 35 A6
[0000016601ms +003914ms] #00015 DATA 500k_8E1 5C C7 33 56 56 A5 35 9A 35 35 A6 5C C7 33 35 5A 35 65 35 35 35 35 AA AA AA AA 66 95 AA 35
[0000016891ms +004204ms] #00016 DATA 500k_8E1 5C C7 33 56 96 A5 35 6A 35 35 99 00 5C C7 33 35 5A 35 65 35 35 99 99 AA AA 35 35 5A 95 96 35
[0000016955ms +004268ms] #00017 DATA 500k_8E1 5C C7 33 35 96 A5 65 96 AA AA AA AA 5A AA AA A5 6A A9 9A F0 5C C7 33 35 5A 35 35 65 35 35 56 5C C7 33 56 56 A5 65 95 59 AA AA 35 35 AA AA 95 5A 99 99 FE 5C C7 33 35 5A 35 35 65 35 35 56 5C C7 33 56 96 A5 65 59 35 AA AA 35 35 AA AA 6A 5A 95 95 FF 5C C7 33 35 5A 35 35 65 35 35 56
[0000017187ms +004500ms] #00018 DATA 500k_8E1 5C C7 33 35 96 A5 35 9A 35 35 6A 5C C7 33 35 5A 35 65 35 35 35 35 AA AA AA AA 66 95 AA 35
[0000017487ms +004800ms] #00019 DATA 500k_8E1 5C C7 33 56 56 A5 35 9A 35 35 A6 80 5C C7 33 35 5A 35 65 35 35 35 35 AA AA AA AA 66 95 AA 35
[0000017787ms +005100ms] #00020 DATA 500k_8E1 5C C7 33 56 96 A5 35 6A 35 35 99 00 5C C7 33 35 5A 35 65 35 35 99 99 AA AA 35 35 5A 95 96 35
[0000018096ms +005409ms] #00021 DATA 500k_8E1 5C C7 33 35 96 A5 35 9A 35 35 6A 5C C7 33 35 5A 35 65 35 35 35 35 AA AA AA AA 66 95 AA 35
