[000294154ms +000000ms] #00001 DATA 500k_8E1 5C C7 33 35 96 A5 35 9A 35 35 6A
[000294154ms +000000ms] #00001 DATA 500k_8E1 5C C7 33 35 5A 35 35 35 35 35 35 35 35 35 35 A5 A5 AA 56
[000294418ms +000264ms] #00002 DATA 500k_8E1 5C C7 33 35 96 A5 65 9A AA AA AA
[000294418ms +000264ms] #00002 DATA 500k_8E1 5C C7 33 35 5A 35 35 65 35 35 56
[000294418ms +000264ms] #00002 DATA 500k_8E1 5C C7 33 35 5A 35 65 35 35 35 35 35 35 35 35 A5 A5 AA 56
[000294418ms +000264ms] #00002 DATA 500k_8E1 5C C7 33 56 56 A5 65 99 59 AA AA
[000294418ms +000264ms] #00002 DATA 500k_8E1 5C C7 33 35 5A 35 35 65 35 35 56
[000294418ms +000264ms] #00002 DATA 500k_8E1 5C C7 33 35 5A 35 65 35 35 35 35 35 35 35 35 A5 95 A6 56
[000294418ms +000264ms] #00002 DATA 500k_8E1 5C C7 33 56 96 A5 65 99 35 AA AA
[000294418ms +000264ms] #00002 DATA 500k_8E1 5C C7 33 35 5A 35 35 65 35 35 56
[000294418ms +000264ms] #00002 DATA 500k_8E1 5C C7 33 35 5A 35 65 35 35 99 99 35 35 35 35 A5 95 A6 56
[000294454ms +000300ms] #00003 DATA 500k_8E1 5C C7 33 56 56 A5 35 9A 35 35 A6
[000294454ms +000300ms] #00003 DATA 500k_8E1 5C C7 33 35 5A 35 35 35 35 35 35 35 35 35 35 A5 95 A6 56
[000294750ms +000596ms] #00004 DATA 500k_8E1 5C C7 33 56 96 A5 35 6A 35 35 99
[000294750ms +000596ms] #00004 DATA 500k_8E1 5C C7 33 35 5A 35 35 35 35 65 65 35 35 35 35 A5 95 A6 56
[000295055ms +000901ms] #00005 DATA 500k_8E1 5C C7 33 35 96 A5 35 9A 35 35 6A
[000295055ms +000901ms] #00005 DATA 500k_8E1 5C C7 33 35 5A 35 35 35 35 35 35 35 35 35 35 A5 A5 AA 56
[000295359ms +001205ms] #00006 DATA 500k_8E1 5C C7 33 56 56 A5 35 9A 35 35 A6
[000295359ms +001205ms] #00006 DATA 500k_8E1 5C C7 33 35 5A 35 35 35 35 35 35 35 35 35 35 A5 95 A6 56
[000295660ms +001506ms] #00007 DATA 500k_8E1 5C C7 33 56 96 A5 35 6A 35 35 99
[000295660ms +001506ms] #00007 DATA 500k_8E1 5C C7 33 35 5A 35 35 35 35 65 65 35 35 35 35 A5 95 A6 56
[000295959ms +001805ms] #00008 DATA 500k_8E1 5C C7 33 35 96 A5 35 9A 35 35 6A
[000295959ms +001805ms] #00008 DATA 500k_8E1 5C C7 33 35 5A 35 35 35 56 35 35 35 35 35 35 A5 A5 AA 56
[000296259ms +002105ms] #00009 DATA 500k_8E1 5C C7 33 56 56 A5 35 9A 35 35 A6
[000296259ms +002105ms] #00009 DATA 500k_8E1 5C C7 33 35 5A 35 35 35 35 35 35 35 35 35 35 A5 95 A6 56
[000296560ms +002406ms] #00010 DATA 500k_8E1 5C C7 33 56 96 A5 35 6A 35 35 99
[000296560ms +002406ms] #00010 DATA 500k_8E1 5C C7 33 35 5A 35 35 35 35 65 65 35 35 35 35 A5 95 A6 56
[000296860ms +002706ms] #00012 DATA 500k_8E1 5C C7 33 35 96 A5 35 9A 35 35 6A
[000296860ms +002706ms] #00012 DATA 500k_8E1 5C C7 33 35 5A 35 35 35 5A 35 35 35 35 35 35 A5 A5 AA 56
[000297155ms +003001ms] #00014 DATA 500k_8E1 5C C7 33 56 56 A5 35 9A 35 35 A6
[000297155ms +003001ms] #00014 DATA 500k_8E1 5C C7 33 35 5A 35 35 35 35 35 35 35 35 35 35 A5 95 A6 56
[000297457ms +003303ms] #00015 DATA 500k_8E1 5C C7 33 56 96 A5 35 6A 35 35 99
[000297457ms +003303ms] #00015 DATA 500k_8E1 5C C7 33 35 5A 35 35 35 35 65 65 35 35 35 35 A5 95 A6 56
[000297756ms +003602ms] #00016 DATA 500k_8E1 5C C7 33 35 96 A5 35 9A 35 35 6A
[000297756ms +003602ms] #00016 DATA 500k_8E1 5C C7 33 35 5A 35 35 35 6A 35 35 35 35 35 35 A5 A5 AA 56
[000297767ms +003613ms] #00017 DATA 500k_8E1 5C C7 33 35 96 A5 35 9A 35 35 6A
[000297767ms +003613ms] #00017 DATA 500k_8E1 5C C7 33 35 5A 35 35 35 AA 35 35 35 35 35 35 A5 A5 AA 56
[000298056ms +003902ms] #00018 DATA 500k_8E1 5C C7 33 56 56 A5 35 9A 35 35 A6
[000298056ms +003902ms] #00018 DATA 500k_8E1 5C C7 33 35 5A 35 35 35 35 35 35 35 35 35 35 A5 95 A6 56
[000298357ms +004203ms] #00019 DATA 500k_8E1 5C C7 33 56 96 A5 35 6A 35 35 99
[000298357ms +004203ms] #00019 DATA 500k_8E1 5C C7 33 35 5A 35 35 35 35 65 65 35 35 35 35 A5 95 A6 56
[000298665ms +004511ms] #00020 DATA 500k_8E1 5C C7 33 35 96 A5 35 9A 35 35 6A
[000298665ms +004511ms] #00020 DATA 500k_8E1 5C C7 33 35 5A 35 35 35 AA 35 35 35 35 35 35 A5 A5 AA 56
[000298966ms +004812ms] #00021 DATA 500k_8E1 5C C7 33 56 56 A5 35 9A 35 35 A6
[000298966ms +004812ms] #00021 DATA 500k_8E1 5C C7 33 35 5A 35 35 35 35 35 35 35 35 35 35 A5 95 A6 56
[000299262ms +005108ms] #00022 DATA 500k_8E1 5C C7 33 56 96 A5 35 6A 35 35 99
[000299262ms +005108ms] #00022 DATA 500k_8E1 5C C7 33 35 5A 35 35 35 35 65 65 35 35 35 35 A5 95 A6 56
[000299423ms +005269ms] #00023 DATA 500k_8E1 5C C7 33 35 96 A5 65 9A AA AA AA
[000299423ms +005269ms] #00023 DATA 500k_8E1 5C C7 33 35 5A 35 35 65 35 35 56
[000299423ms +005269ms] #00023 DATA 500k_8E1 5C C7 33 35 5A 35 65 35 AA 35 35 35 35 35 35 A5 A5 AA 56
[000299423ms +005269ms] #00023 DATA 500k_8E1 5C C7 33 56 56 A5 65 99 59 AA AA
[000299423ms +005269ms] #00023 DATA 500k_8E1 5C C7 33 35 5A 35 35 65 35 35 56
[000299423ms +005269ms] #00023 DATA 500k_8E1 5C C7 33 35 5A 35 65 35 35 35 35 35 35 35 35 A5 95 A6 56
[000299423ms +005269ms] #00023 DATA 500k_8E1 5C C7 33 56 96 A5 65 99 35 AA AA
[000299423ms +005269ms] #00023 DATA 500k_8E1 5C C7 33 35 5A 35 35 65 35 35 56
[000299423ms +005269ms] #00023 DATA 500k_8E1 5C C7 33 35 5A 35 65 35 35 99 99 35 35 35 35 A5 95 A6 56
[000299563ms +005409ms] #00024 DATA 500k_8E1 5C C7 33 35 96 A5 35 9A 35 35 6A
[000299563ms +005409ms] #00024 DATA 500k_8E1 5C C7 33 35 5A 35 35 35 AA 35 35 35 35 35 35 A5 A5 AA 56
[000299860ms +005706ms] #00025 DATA 500k_8E1 5C C7 33 56 56 A5 35 9A 35 35 A6
[000299860ms +005706ms] #00025 DATA 500k_8E1 5C C7 33 35 5A 35 35 35 35 35 35 35 35 35 35 A5 95 A6 56
[000300162ms +006008ms] #00026 DATA 500k_8E1 5C C7 33 56 96 A5 35 6A 35 35 99
[000300162ms +006008ms] #00026 DATA 500k_8E1 5C C7 33 35 5A 35 35 35 35 65 65 35 35 35 35 A5 95 A6 56
[000300466ms +006312ms] #00027 DATA 500k_8E1 5C C7 33 35 96 A5 35 9A 35 35 6A
[000300466ms +006312ms] #00027 DATA 500k_8E1 5C C7 33 35 5A 35 35 35 AA 35 35 35 35 35 35 A5 A5 AA 56
[000300767ms +006613ms] #00028 DATA 500k_8E1 5C C7 33 56 56 A5 35 9A 35 35 A6
[000300767ms +006613ms] #00028 DATA 500k_8E1 5C C7 33 35 5A 35 35 35 35 35 35 35 35 35 35 A5 95 A6 56
[000301067ms +006913ms] #00029 DATA 500k_8E1 5C C7 33 56 96 A5 35 6A 35 35 99
[000301067ms +006913ms] #00029 DATA 500k_8E1 5C C7 33 35 5A 35 35 35 35 65 65 35 35 35 35 A5 95 A6 56
[000301366ms +007212ms] #00030 DATA 500k_8E1 5C C7 33 35 96 A5 35 9A 35 35 6A
[000301366ms +007212ms] #00030 DATA 500k_8E1 5C C7 33 35 5A 35 35 56 AA 35 35 35 35 35 35 A5 A5 AA 56
[000301666ms +007512ms] #00031 DATA 500k_8E1 5C C7 33 56 56 A5 35 9A 35 35 A6
[000301666ms +007512ms] #00031 DATA 500k_8E1 5C C7 33 35 5A 35 35 35 35 35 35 35 35 35 35 A5 95 A6 56
[000301967ms +007813ms] #00032 DATA 500k_8E1 5C C7 33 56 96 A5 35 6A 35 35 99
[000301967ms +007813ms] #00032 DATA 500k_8E1 5C C7 33 35 5A 35 35 35 35 65 65 35 35 35 35 A5 95 A6 56
[000302265ms +008111ms] #00033 DATA 500k_8E1 5C C7 33 35 96 A5 35 9A 35 35 6A
[000302265ms +008111ms] #00033 DATA 500k_8E1 5C C7 33 35 5A 35 35 5A AA 35 35 35 35 35 35 A5 A5 AA 56
[000302566ms +008412ms] #00034 DATA 500k_8E1 5C C7 33 56 56 A5 35 9A 35 35 A6
[000302566ms +008412ms] #00034 DATA 500k_8E1 5C C7 33 35 5A 35 35 35 35 35 35 35 35 35 35 A5 95 A6 56
[000302866ms +008712ms] #00035 DATA 500k_8E1 5C C7 33 56 96 A5 35 6A 35 35 99
[000302866ms +008712ms] #00035 DATA 500k_8E1 5C C7 33 35 5A 35 35 35 35 65 65 35 35 35 35 A5 95 A6 56
[000303165ms +009011ms] #00036 DATA 500k_8E1 5C C7 33 35 96 A5 35 9A 35 35 6A
[000303165ms +009011ms] #00036 DATA 500k_8E1 5C C7 33 35 5A 35 35 6A AA 35 35 35 35 35 35 A5 A5 AA 56
[000303466ms +009312ms] #00037 DATA 500k_8E1 5C C7 33 56 56 A5 35 9A 35 35 A6
[000303466ms +009312ms] #00037 DATA 500k_8E1 5C C7 33 35 5A 35 35 35 35 35 35 35 35 35 35 A5 95 A6 56
[000303768ms +009614ms] #00038 DATA 500k_8E1 5C C7 33 56 96 A5 35 6A 35 35 99
[000303768ms +009614ms] #00038 DATA 500k_8E1 5C C7 33 35 5A 35 35 35 35 65 65 35 35 35 35 A5 95 A6 56
[000304072ms +009918ms] #00039 DATA 500k_8E1 5C C7 33 35 96 A5 35 9A 35 35 6A
[000304072ms +009918ms] #00039 DATA 500k_8E1 5C C7 33 35 5A 35 35 AA AA 35 35 35 35 35 35 A5 A5 AA 56
[000304369ms +010215ms] #00040 DATA 500k_8E1 5C C7 33 56 56 A5 35 9A 35 35 A6
[000304369ms +010215ms] #00040 DATA 500k_8E1 5C C7 33 35 5A 35 35 35 35 35 35 35 35 35 35 A5 95 A6 56
[000304427ms +010273ms] #00041 DATA 500k_8E1 5C C7 33 35 96 A5 65 9A AA AA AA
[000304427ms +010273ms] #00041 DATA 500k_8E1 5C C7 33 35 5A 35 35 65 35 35 56
[000304427ms +010273ms] #00041 DATA 500k_8E1 5C C7 33 35 5A 35 65 AA AA 35 35 35 35 35 35 A5 A5 AA 56
[000304427ms +010273ms] #00041 DATA 500k_8E1 5C C7 33 56 56 A5 65 99 59 AA AA
[000304427ms +010273ms] #00041 DATA 500k_8E1 5C C7 33 35 5A 35 35 65 35 35 56
[000304427ms +010273ms] #00041 DATA 500k_8E1 5C C7 33 35 5A 35 65 35 35 35 35 35 35 35 35 A5 95 A6 56
[000304427ms +010273ms] #00041 DATA 500k_8E1 5C C7 33 56 96 A5 65 99 35 AA AA
[000304427ms +010273ms] #00041 DATA 500k_8E1 5C C7 33 35 5A 35 35 65 35 35 56
[000304427ms +010273ms] #00041 DATA 500k_8E1 5C C7 33 35 5A 35 65 35 35 99 99 35 35 35 35 A5 95 A6 56
[000304671ms +010517ms] #00042 DATA 500k_8E1 5C C7 33 56 96 A5 35 6A 35 35 99
[000304671ms +010517ms] #00042 DATA 500k_8E1 5C C7 33 35 5A 35 35 35 35 65 65 35 35 35 35 A5 95 A6 56
[000304970ms +010816ms] #00043 DATA 500k_8E1 5C C7 33 35 96 A5 35 9A 35 35 6A
[000304970ms +010816ms] #00043 DATA 500k_8E1 5C C7 33 35 5A 35 35 AA AA 35 56 35 35 35 35 A5 A5 AA 56
[000305270ms +011116ms] #00044 DATA 500k_8E1 5C C7 33 56 56 A5 35 9A 35 35 A6
[000305270ms +011116ms] #00044 DATA 500k_8E1 5C C7 33 35 5A 35 35 35 35 35 35 35 35 35 35 A5 95 A6 56
[000305571ms +011417ms] #00045 DATA 500k_8E1 5C C7 33 56 96 A5 35 6A 35 35 99
[000305571ms +011417ms] #00045 DATA 500k_8E1 5C C7 33 35 5A 35 35 35 35 65 65 35 35 35 35 A5 95 A6 56
[000305869ms +011715ms] #00046 DATA 500k_8E1 5C C7 33 35 96 A5 35 9A 35 35 6A
[000305869ms +011715ms] #00046 DATA 500k_8E1 5C C7 33 35 5A 35 35 AA AA 35 5A 35 35 35 35 A5 A5 AA 56
[000306170ms +012016ms] #00047 DATA 500k_8E1 5C C7 33 56 56 A5 35 9A 35 35 A6
[000306170ms +012016ms] #00047 DATA 500k_8E1 5C C7 33 35 5A 35 35 35 35 35 35 35 35 35 35 A5 95 A6 56
[000306470ms +012316ms] #00048 DATA 500k_8E1 5C C7 33 56 96 A5 35 6A 35 35 99
[000306470ms +012316ms] #00048 DATA 500k_8E1 5C C7 33 35 5A 35 35 35 35 65 65 35 35 35 35 A5 95 A6 56
[000306488ms +012334ms] #00049 DATA 500k_8E1 5C C7 33 56 96 A5 35 6A 35 35 99
[000306488ms +012334ms] #00049 DATA 500k_8E1 5C C7 33 35 5A 35 35 35 35 65 65 35 35 35 35 A5 95 A6 56
[000306777ms +012623ms] #00050 DATA 500k_8E1 5C C7 33 35 96 A5 35 9A 35 35 6A
[000306777ms +012623ms] #00050 DATA 500k_8E1 5C C7 33 35 5A 35 35 AA AA 35 6A 35 35 35 35 A5 A5 AA 56
[000307077ms +012923ms] #00051 DATA 500k_8E1 5C C7 33 56 56 A5 35 9A 35 35 A6
[000307077ms +012923ms] #00051 DATA 500k_8E1 5C C7 33 35 5A 35 35 35 35 35 35 35 35 35 35 A5 95 A6 56
[000307378ms +013224ms] #00052 DATA 500k_8E1 5C C7 33 56 96 A5 35 6A 35 35 99
[000307378ms +013224ms] #00052 DATA 500k_8E1 5C C7 33 35 5A 35 35 35 35 65 65 35 35 35 35 A5 95 A6 56
[000307676ms +013522ms] #00053 DATA 500k_8E1 5C C7 33 35 96 A5 35 9A 35 35 6A
[000307676ms +013522ms] #00053 DATA 500k_8E1 5C C7 33 35 5A 35 35 AA AA 35 AA 35 35 35 35 A5 A5 AA 56
[000307973ms +013819ms] #00057 DATA 500k_8E1 5C C7 33 56 56 A5 35 9A 35 35 A6
[000307973ms +013819ms] #00057 DATA 500k_8E1 5C C7 33 35 5A 35 35 35 35 35 35 35 35 35 35 A5 95 A6 56
[000308273ms +014119ms] #00058 DATA 500k_8E1 5C C7 33 56 96 A5 35 6A 35 35 99
[000308273ms +014119ms] #00058 DATA 500k_8E1 5C C7 33 35 5A 35 35 35 35 65 65 35 35 35 35 A5 95 A6 56
[000308576ms +014422ms] #00059 DATA 500k_8E1 5C C7 33 35 96 A5 35 9A 35 35 6A
[000308576ms +014422ms] #00059 DATA 500k_8E1 5C C7 33 35 5A 35 35 AA AA 56 AA 35 35 35 35 A5 A5 AA 56
[000308882ms +014728ms] #00060 DATA 500k_8E1 5C C7 33 56 56 A5 35 9A 35 35 A6
[000308882ms +014728ms] #00060 DATA 500k_8E1 5C C7 33 35 5A 35 35 35 35 35 35 35 35 35 35 A5 95 A6 56
[000309179ms +015025ms] #00061 DATA 500k_8E1 5C C7 33 56 96 A5 35 6A 35 35 99
[000309179ms +015025ms] #00061 DATA 500k_8E1 5C C7 33 35 5A 35 35 35 35 65 65 35 35 35 35 A5 95 A6 56
[000309442ms +015288ms] #00062 DATA 500k_8E1 5C C7 33 35 96 A5 65 9A AA AA AA
[000309442ms +015288ms] #00062 DATA 500k_8E1 5C C7 33 35 5A 35 35 65 35 35 56
[000309442ms +015288ms] #00062 DATA 500k_8E1 5C C7 33 35 5A 35 65 AA AA 5A AA 35 35 35 35 A5 A5 AA 56
[000309442ms +015288ms] #00062 DATA 500k_8E1 5C C7 33 56 56 A5 65 99 59 AA AA
[000309442ms +015288ms] #00062 DATA 500k_8E1 5C C7 33 35 5A 35 35 65 35 35 56
[000309442ms +015288ms] #00062 DATA 500k_8E1 5C C7 33 35 5A 35 65 35 35 35 35 35 35 35 35 A5 95 A6 56
[000309442ms +015288ms] #00062 DATA 500k_8E1 5C C7 33 56 96 A5 65 99 35 AA AA
[000309442ms +015288ms] #00062 DATA 500k_8E1 5C C7 33 35 5A 35 35 65 35 35 56
[000309442ms +015288ms] #00062 DATA 500k_8E1 5C C7 33 35 5A 35 65 35 35 99 99 35 35 35 35 A5 95 A6 56
[000309477ms +015323ms] #00063 DATA 500k_8E1 5C C7 33 35 96 A5 35 9A 35 35 6A
[000309477ms +015323ms] #00063 DATA 500k_8E1 5C C7 33 35 5A 35 35 AA AA 6A AA 35 35 35 35 A5 A5 AA 56
[000309778ms +015624ms] #00064 DATA 500k_8E1 5C C7 33 56 56 A5 35 9A 35 35 A6
[000309778ms +015624ms] #00064 DATA 500k_8E1 5C C7 33 35 5A 35 35 35 35 35 35 35 35 35 35 A5 95 A6 56
[000310079ms +015925ms] #00065 DATA 500k_8E1 5C C7 33 56 96 A5 35 6A 35 35 99
[000310079ms +015925ms] #00065 DATA 500k_8E1 5C C7 33 35 5A 35 35 35 35 65 65 35 35 35 35 A5 95 A6 56
[000310379ms +016225ms] #00066 DATA 500k_8E1 5C C7 33 35 96 A5 35 9A 35 35 6A
[000310379ms +016225ms] #00066 DATA 500k_8E1 5C C7 33 35 5A 35 35 AA AA AA AA 35 35 35 35 A5 A5 AA 56
[000310393ms +016239ms] #00067 DATA 500k_8E1 5C C7 33 35 96 A5 35 9A 35 35 6A
[000310393ms +016239ms] #00067 DATA 500k_8E1 5C C7 33 35 5A 35 35 AA AA AA AA 35 35 35 35 A5 A5 AA 56
[000310682ms +016528ms] #00068 DATA 500k_8E1 5C C7 33 56 56 A5 35 9A 35 35 A6
[000310682ms +016528ms] #00068 DATA 500k_8E1 5C C7 33 35 5A 35 35 35 35 35 35 35 35 35 35 A5 95 A6 56
[000310982ms +016828ms] #00069 DATA 500k_8E1 5C C7 33 56 96 A5 35 6A 35 35 99
[000310982ms +016828ms] #00069 DATA 500k_8E1 5C C7 33 35 5A 35 35 35 35 65 65 35 35 35 35 A5 95 A6 56
[000311281ms +017127ms] #00070 DATA 500k_8E1 5C C7 33 35 96 A5 35 9A 35 35 6A
[000311281ms +017127ms] #00070 DATA 500k_8E1 5C C7 33 35 5A 35 35 AA AA AA AA 35 35 35 35 A5 A5 AA 56
[000311581ms +017427ms] #00071 DATA 500k_8E1 5C C7 33 56 56 A5 35 9A 35 35 A6
[000311581ms +017427ms] #00071 DATA 500k_8E1 5C C7 33 35 5A 35 35 35 35 35 35 35 35 35 35 A5 95 A6 56
[000311882ms +017728ms] #00072 DATA 500k_8E1 5C C7 33 56 96 A5 35 6A 35 35 99
[000311882ms +017728ms] #00072 DATA 500k_8E1 5C C7 33 35 5A 35 35 35 35 65 65 35 35 35 35 A5 95 A6 56
[000312180ms +018026ms] #00073 DATA 500k_8E1 5C C7 33 35 96 A5 35 9A 35 35 6A
[000312180ms +018026ms] #00073 DATA 500k_8E1 5C C7 33 35 5A 35 35 AA AA AA AA 35 35 35 35 A5 A5 AA 56
[000312481ms +018327ms] #00074 DATA 500k_8E1 5C C7 33 56 56 A5 35 9A 35 35 A6
[000312481ms +018327ms] #00074 DATA 500k_8E1 5C C7 33 35 5A 35 35 35 56 35 35 35 35 35 35 A5 95 A6 56
[000312781ms +018627ms] #00075 DATA 500k_8E1 5C C7 33 56 96 A5 35 6A 35 35 99
[000312781ms +018627ms] #00075 DATA 500k_8E1 5C C7 33 35 5A 35 35 35 35 65 65 35 35 35 35 A5 95 A6 56
[000313090ms +018936ms] #00076 DATA 500k_8E1 5C C7 33 35 96 A5 35 9A 35 35 6A
[000313090ms +018936ms] #00076 DATA 500k_8E1 5C C7 33 35 5A 35 35 AA AA AA AA 35 35 35 35 A5 A5 AA 56
[000313386ms +019232ms] #00077 DATA 500k_8E1 5C C7 33 56 56 A5 35 9A 35 35 A6
[000313386ms +019232ms] #00077 DATA 500k_8E1 5C C7 33 35 5A 35 35 35 5A 35 35 35 35 35 35 A5 95 A6 56
[000313683ms +019529ms] #00078 DATA 500k_8E1 5C C7 33 56 96 A5 35 6A 35 35 99
[000313683ms +019529ms] #00078 DATA 500k_8E1 5C C7 33 35 5A 35 35 35 35 65 65 35 35 35 35 A5 95 A6 56
[000313987ms +019833ms] #00079 DATA 500k_8E1 5C C7 33 35 96 A5 35 9A 35 35 6A
[000313987ms +019833ms] #00079 DATA 500k_8E1 5C C7 33 35 5A 35 35 AA AA AA AA 35 35 35 35 A5 A5 AA 56
[000314290ms +020136ms] #00080 DATA 500k_8E1 5C C7 33 56 56 A5 35 9A 35 35 A6
[000314290ms +020136ms] #00080 DATA 500k_8E1 5C C7 33 35 5A 35 35 35 6A 35 35 35 35 35 35 A5 95 A6 56
[000314448ms +020294ms] #00081 DATA 500k_8E1 5C C7 33 35 96 A5 65 9A AA AA AA
[000314448ms +020294ms] #00081 DATA 500k_8E1 5C C7 33 35 5A 35 35 65 35 35 56
[000314448ms +020294ms] #00081 DATA 500k_8E1 5C C7 33 35 5A 35 65 AA AA AA AA 35 35 35 35 A5 A5 AA 56
[000314448ms +020294ms] #00081 DATA 500k_8E1 5C C7 33 56 56 A5 65 99 59 AA AA
[000314448ms +020294ms] #00081 DATA 500k_8E1 5C C7 33 35 5A 35 35 65 35 35 56
[000314448ms +020294ms] #00081 DATA 500k_8E1 5C C7 33 35 5A 35 65 35 AA 35 35 35 35 35 35 A5 95 A6 56
[000314448ms +020294ms] #00081 DATA 500k_8E1 5C C7 33 56 96 A5 65 99 35 AA AA
[000314448ms +020294ms] #00081 DATA 500k_8E1 5C C7 33 35 5A 35 35 65 35 35 56
[000314448ms +020294ms] #00081 DATA 500k_8E1 5C C7 33 35 5A 35 65 35 35 99 99 35 35 35 35 A5 95 A6 56
[000314468ms +020314ms] #00082 DATA 500k_8E1 5C C7 33 56 96 A5 65 99 35 AA AA
[000314468ms +020314ms] #00082 DATA 500k_8E1 5C C7 33 35 5A 35 35 65 35 35 56
[000314468ms +020314ms] #00082 DATA 500k_8E1 5C C7 33 35 5A 35 65 35 35 99 99 35 35 35 35 A5 95 A6 56
[000314592ms +020438ms] #00083 DATA 500k_8E1 5C C7 33 56 96 A5 35 6A 35 35 99
[000314592ms +020438ms] #00083 DATA 500k_8E1 5C C7 33 35 5A 35 35 35 35 65 65 35 35 35 35 A5 95 A6 56
[000314891ms +020737ms] #00084 DATA 500k_8E1 5C C7 33 35 96 A5 35 9A 35 35 6A
[000314891ms +020737ms] #00084 DATA 500k_8E1 5C C7 33 35 5A 35 35 AA AA AA AA 35 35 35 35 A5 A5 AA 56
[000315192ms +021038ms] #00085 DATA 500k_8E1 5C C7 33 56 56 A5 35 9A 35 35 A6
[000315192ms +021038ms] #00085 DATA 500k_8E1 5C C7 33 35 5A 35 35 35 AA 35 35 35 35 35 35 A5 95 A6 56
[000315494ms +021340ms] #00086 DATA 500k_8E1 5C C7 33 56 96 A5 35 6A 35 35 99
[000315494ms +021340ms] #00086 DATA 500k_8E1 5C C7 33 35 5A 35 35 35 35 65 65 35 35 35 35 A5 95 A6 56
[000315509ms +021355ms] #00087 DATA 500k_8E1 5C C7 33 56 96 A5 35 6A 35 35 99
[000315509ms +021355ms] #00087 DATA 500k_8E1 5C C7 33 35 5A 35 35 35 35 65 65 35 35 35 35 A5 95 A6 56
[000315788ms +021634ms] #00088 DATA 500k_8E1 5C C7 33 35 96 A5 35 9A 35 35 6A
[000315788ms +021634ms] #00088 DATA 500k_8E1 5C C7 33 35 5A 35 35 AA AA AA AA 35 35 35 35 A5 A5 AA 56
[000316089ms +021935ms] #00089 DATA 500k_8E1 5C C7 33 56 56 A5 35 9A 35 35 A6
[000316089ms +021935ms] #00089 DATA 500k_8E1 5C C7 33 35 5A 35 35 35 AA 35 35 35 35 35 35 A5 95 A6 56
[000316389ms +022235ms] #00090 DATA 500k_8E1 5C C7 33 56 96 A5 35 6A 35 35 99
[000316389ms +022235ms] #00090 DATA 500k_8E1 5C C7 33 35 5A 35 35 35 35 65 65 35 35 35 35 A5 95 A6 56
[000316688ms +022534ms] #00091 DATA 500k_8E1 5C C7 33 35 96 A5 35 9A 35 35 6A
[000316688ms +022534ms] #00091 DATA 500k_8E1 5C C7 33 35 5A 35 35 AA AA AA AA 35 35 35 35 A5 A5 AA 56
[000316701ms +022547ms] #00092 DATA 500k_8E1 5C C7 33 35 96 A5 35 9A 35 35 6A
[000316701ms +022547ms] #00092 DATA 500k_8E1 5C C7 33 35 5A 35 35 AA AA AA AA 35 35 35 35 A5 A5 AA 56
[000316990ms +022836ms] #00093 DATA 500k_8E1 5C C7 33 56 56 A5 35 9A 35 35 A6
[000316990ms +022836ms] #00093 DATA 500k_8E1 5C C7 33 35 5A 35 35 35 AA 35 35 35 35 35 35 A5 95 A6 56
[000317001ms +022847ms] #00094 DATA 500k_8E1 5C C7 33 56 56 A5 35 9A 35 35 A6
[000317001ms +022847ms] #00094 DATA 500k_8E1 5C C7 33 35 5A 35 35 35 AA 35 35 35 35 35 35 A5 95 A6 56
[000317291ms +023137ms] #00095 DATA 500k_8E1 5C C7 33 56 96 A5 35 6A 35 35 99
[000317291ms +023137ms] #00095 DATA 500k_8E1 5C C7 33 35 5A 35 35 35 35 65 65 35 35 35 35 A5 95 A6 56
[000317589ms +023435ms] #00096 DATA 500k_8E1 5C C7 33 35 96 A5 35 9A 35 35 6A
[000317589ms +023435ms] #00096 DATA 500k_8E1 5C C7 33 35 5A 35 35 AA AA AA AA 35 35 35 35 A5 A5 AA 56
[000317892ms +023738ms] #00097 DATA 500k_8E1 5C C7 33 56 56 A5 35 9A 35 35 A6
[000317892ms +023738ms] #00097 DATA 500k_8E1 5C C7 33 35 5A 35 35 35 AA 35 35 35 35 35 35 A5 95 A6 56
[000318198ms +024044ms] #00098 DATA 500k_8E1 5C C7 33 56 96 A5 35 6A 35 35 99
[000318198ms +024044ms] #00098 DATA 500k_8E1 5C C7 33 35 5A 35 35 35 35 65 65 35 35 35 35 A5 95 A6 56
[000318493ms +024339ms] #00099 DATA 500k_8E1 5C C7 33 35 96 A5 35 9A 35 35 6A
[000318493ms +024339ms] #00099 DATA 500k_8E1 5C C7 33 35 5A 35 35 AA AA AA AA 35 35 35 35 A5 A5 AA 56
[000318799ms +024645ms] #00100 DATA 500k_8E1 5C C7 33 56 56 A5 35 9A 35 35 A6
[000318799ms +024645ms] #00100 DATA 500k_8E1 5C C7 33 35 5A 35 35 35 AA 35 35 35 35 35 35 A5 95 A6 56
[000319096ms +024942ms] #00104 DATA 500k_8E1 5C C7 33 56 96 A5 35 6A 35 35 99
[000319096ms +024942ms] #00104 DATA 500k_8E1 5C C7 33 35 5A 35 35 35 35 65 65 35 35 35 35 A5 95 A6 56
[000319394ms +025240ms] #00105 DATA 500k_8E1 5C C7 33 35 96 A5 35 9A 35 35 6A
[000319394ms +025240ms] #00105 DATA 500k_8E1 5C C7 33 35 5A 35 35 AA AA AA AA 35 35 35 35 A5 A5 AA 56
[000319461ms +025307ms] #00106 DATA 500k_8E1 5C C7 33 35 96 A5 65 9A AA AA AA
[000319461ms +025307ms] #00106 DATA 500k_8E1 5C C7 33 35 5A 35 35 65 35 35 56
[000319461ms +025307ms] #00106 DATA 500k_8E1 5C C7 33 35 5A 35 65 AA AA AA AA 35 35 35 35 A5 A5 AA 56
[000319461ms +025307ms] #00106 DATA 500k_8E1 5C C7 33 56 56 A5 65 99 59 AA AA
[000319461ms +025307ms] #00106 DATA 500k_8E1 5C C7 33 35 5A 35 35 65 35 35 56
[000319461ms +025307ms] #00106 DATA 500k_8E1 5C C7 33 35 5A 35 65 35 AA 35 35 35 35 35 35 A5 95 A6 56
[000319461ms +025307ms] #00106 DATA 500k_8E1 5C C7 33 56 96 A5 65 99 35 AA AA
[000319461ms +025307ms] #00106 DATA 500k_8E1 5C C7 33 35 5A 35 35 65 35 35 56
[000319461ms +025307ms] #00106 DATA 500k_8E1 5C C7 33 35 5A 35 65 35 35 99 99 35 35 35 35 A5 95 A6 56
[000319701ms +025547ms] #00107 DATA 500k_8E1 5C C7 33 56 56 A5 35 9A 35 35 A6
[000319701ms +025547ms] #00107 DATA 500k_8E1 5C C7 33 35 5A 35 35 35 AA 35 35 35 35 35 35 A5 95 A6 56
[000320001ms +025847ms] #00108 DATA 500k_8E1 5C C7 33 56 96 A5 35 6A 35 35 99
[000320001ms +025847ms] #00108 DATA 500k_8E1 5C C7 33 35 5A 35 35 35 35 65 65 35 35 35 35 A5 95 A6 56
[000320302ms +026148ms] #00109 DATA 500k_8E1 5C C7 33 35 96 A5 35 9A 35 35 6A
[000320302ms +026148ms] #00109 DATA 500k_8E1 5C C7 33 35 5A 35 35 AA AA AA AA 35 35 35 35 A5 A5 AA 56
[000320602ms +026448ms] #00110 DATA 500k_8E1 5C C7 33 56 56 A5 35 9A 35 35 A6
[000320602ms +026448ms] #00110 DATA 500k_8E1 5C C7 33 35 5A 35 35 35 AA 35 56 35 35 35 35 A5 95 A6 56
[000320903ms +026749ms] #00111 DATA 500k_8E1 5C C7 33 56 96 A5 35 6A 35 35 99
[000320903ms +026749ms] #00111 DATA 500k_8E1 5C C7 33 35 5A 35 35 35 35 65 65 35 35 35 35 A5 95 A6 56
[000321201ms +027047ms] #00112 DATA 500k_8E1 5C C7 33 35 96 A5 35 9A 35 35 6A
[000321201ms +027047ms] #00112 DATA 500k_8E1 5C C7 33 35 5A 35 35 AA AA AA AA 35 35 35 35 A5 A5 AA 56
[000321501ms +027347ms] #00113 DATA 500k_8E1 5C C7 33 56 56 A5 35 9A 35 35 A6
[000321501ms +027347ms] #00113 DATA 500k_8E1 5C C7 33 35 5A 35 35 35 AA 35 5A 35 35 35 35 A5 95 A6 56
[000321802ms +027648ms] #00114 DATA 500k_8E1 5C C7 33 56 96 A5 35 6A 35 35 99
[000321802ms +027648ms] #00114 DATA 500k_8E1 5C C7 33 35 5A 35 35 35 35 65 65 35 35 35 35 A5 95 A6 56
[000322100ms +027946ms] #00115 DATA 500k_8E1 5C C7 33 35 96 A5 35 9A 35 35 6A
[000322100ms +027946ms] #00115 DATA 500k_8E1 5C C7 33 35 5A 35 35 AA AA AA AA 35 35 35 35 A5 A5 AA 56
[000322401ms +028247ms] #00116 DATA 500k_8E1 5C C7 33 56 56 A5 35 9A 35 35 A6
[000322401ms +028247ms] #00116 DATA 500k_8E1 5C C7 33 35 5A 35 35 35 AA 35 6A 35 35 35 35 A5 95 A6 56
[000322705ms +028551ms] #00117 DATA 500k_8E1 5C C7 33 56 96 A5 35 6A 35 35 99
[000322705ms +028551ms] #00117 DATA 500k_8E1 5C C7 33 35 5A 35 35 35 35 65 65 35 35 35 35 A5 95 A6 56
[000323000ms +028846ms] #00118 DATA 500k_8E1 5C C7 33 35 96 A5 35 9A 35 35 6A
[000323000ms +028846ms] #00118 DATA 500k_8E1 5C C7 33 35 5A 35 35 AA AA AA AA 35 35 35 35 A5 A5 AA 56
[000323307ms +029153ms] #00119 DATA 500k_8E1 5C C7 33 56 56 A5 35 9A 35 35 A6
[000323307ms +029153ms] #00119 DATA 500k_8E1 5C C7 33 35 5A 35 35 35 AA 35 AA 35 35 35 35 A5 95 A6 56
[000323601ms +029447ms] #00120 DATA 500k_8E1 5C C7 33 56 96 A5 35 6A 35 35 99
[000323601ms +029447ms] #00120 DATA 500k_8E1 5C C7 33 35 5A 35 35 35 35 65 65 35 35 35 35 A5 95 A6 56
[000323900ms +029746ms] #00121 DATA 500k_8E1 5C C7 33 35 96 A5 35 9A 35 35 6A
[000323900ms +029746ms] #00121 DATA 500k_8E1 5C C7 33 35 5A 35 35 AA AA AA AA 35 35 35 35 A5 A5 AA 56
[000323920ms +029766ms] #00122 DATA 500k_8E1 5C C7 33 35 96 A5 35 9A 35 35 6A
[000323920ms +029766ms] #00122 DATA 500k_8E1 5C C7 33 35 5A 35 35 AA AA AA AA 35 35 35 35 A5 A5 AA 56
[000324200ms +030046ms] #00123 DATA 500k_8E1 5C C7 33 56 56 A5 35 9A 35 35 A6
[000324200ms +030046ms] #00123 DATA 500k_8E1 5C C7 33 35 5A 35 35 35 AA 56 AA 35 35 35 35 A5 95 A6 56
[000324461ms +030307ms] #00124 DATA 500k_8E1 5C C7 33 35 96 A5 65 9A AA AA AA
[000324461ms +030307ms] #00124 DATA 500k_8E1 5C C7 33 35 5A 35 35 65 35 35 56
[000324461ms +030307ms] #00124 DATA 500k_8E1 5C C7 33 35 5A 35 65 AA AA AA AA 35 35 35 35 A5 A5 AA 56
[000324461ms +030307ms] #00124 DATA 500k_8E1 5C C7 33 56 56 A5 65 99 59 AA AA
[000324461ms +030307ms] #00124 DATA 500k_8E1 5C C7 33 35 5A 35 35 65 35 35 56
[000324461ms +030307ms] #00124 DATA 500k_8E1 5C C7 33 35 5A 35 65 35 AA 5A AA 35 35 35 35 A5 95 A6 56
[000324461ms +030307ms] #00124 DATA 500k_8E1 5C C7 33 56 96 A5 65 99 35 AA AA
[000324461ms +030307ms] #00124 DATA 500k_8E1 5C C7 33 35 5A 35 35 65 35 35 56
[000324461ms +030307ms] #00124 DATA 500k_8E1 5C C7 33 35 5A 35 65 35 35 99 99 35 35 35 35 A5 95 A6 56
[000324507ms +030353ms] #00125 DATA 500k_8E1 5C C7 33 56 96 A5 35 6A 35 35 99
[000324507ms +030353ms] #00125 DATA 500k_8E1 5C C7 33 35 5A 35 35 35 35 65 65 35 35 35 35 A5 95 A6 56
[000324805ms +030651ms] #00126 DATA 500k_8E1 5C C7 33 35 96 A5 35 9A 35 35 6A
[000324805ms +030651ms] #00126 DATA 500k_8E1 5C C7 33 35 5A 35 35 AA AA AA AA 35 35 35 35 A5 A5 AA 56
[000325106ms +030952ms] #00127 DATA 500k_8E1 5C C7 33 56 56 A5 35 9A 35 35 A6
[000325106ms +030952ms] #00127 DATA 500k_8E1 5C C7 33 35 5A 35 35 35 AA 6A AA 35 35 35 35 A5 95 A6 56
[000325406ms +031252ms] #00128 DATA 500k_8E1 5C C7 33 56 96 A5 35 6A 35 35 99
[000325406ms +031252ms] #00128 DATA 500k_8E1 5C C7 33 35 5A 35 35 35 35 65 65 35 35 35 35 A5 95 A6 56
[000325705ms +031551ms] #00129 DATA 500k_8E1 5C C7 33 35 96 A5 35 9A 35 35 6A
[000325705ms +031551ms] #00129 DATA 500k_8E1 5C C7 33 35 5A 35 35 AA AA AA AA 35 35 35 35 A5 A5 AA 56
[000326005ms +031851ms] #00130 DATA 500k_8E1 5C C7 33 56 56 A5 35 9A 35 35 A6
[000326005ms +031851ms] #00130 DATA 500k_8E1 5C C7 33 35 5A 35 35 35 AA AA AA 35 35 35 35 A5 95 A6 56
[000326306ms +032152ms] #00131 DATA 500k_8E1 5C C7 33 56 96 A5 35 6A 35 35 99
[000326306ms +032152ms] #00131 DATA 500k_8E1 5C C7 33 35 5A 35 35 35 35 65 65 35 35 35 35 A5 95 A6 56
[000326604ms +032450ms] #00132 DATA 500k_8E1 5C C7 33 35 96 A5 35 9A 35 35 6A
[000326604ms +032450ms] #00132 DATA 500k_8E1 5C C7 33 35 5A 35 35 AA AA AA AA 35 35 35 35 A5 A5 AA 56
[000326905ms +032751ms] #00133 DATA 500k_8E1 5C C7 33 56 56 A5 35 9A 35 35 A6
[000326905ms +032751ms] #00133 DATA 500k_8E1 5C C7 33 35 5A 35 35 35 AA AA AA 35 35 35 35 A5 95 A6 56
[000327205ms +033051ms] #00134 DATA 500k_8E1 5C C7 33 56 96 A5 35 6A 35 35 99
[000327205ms +033051ms] #00134 DATA 500k_8E1 5C C7 33 35 5A 35 35 35 35 65 65 35 35 35 35 A5 95 A6 56
[000327510ms +033356ms] #00135 DATA 500k_8E1 5C C7 33 35 96 A5 35 9A 35 35 6A
[000327510ms +033356ms] #00135 DATA 500k_8E1 5C C7 33 35 5A 35 35 AA AA AA AA 35 35 35 35 A5 A5 AA 56
[000327524ms +033370ms] #00136 DATA 500k_8E1 5C C7 33 35 96 A5 35 9A 35 35 6A
[000327524ms +033370ms] #00136 DATA 500k_8E1 5C C7 33 35 5A 35 35 AA AA AA AA 35 35 35 35 A5 A5 AA 56
[000327810ms +033656ms] #00137 DATA 500k_8E1 5C C7 33 56 56 A5 35 9A 35 35 A6
[000327810ms +033656ms] #00137 DATA 500k_8E1 5C C7 33 35 5A 35 35 35 AA AA AA 35 35 35 35 A5 95 A6 56
[000328106ms +033952ms] #00138 DATA 500k_8E1 5C C7 33 56 96 A5 35 6A 35 35 99
[000328106ms +033952ms] #00138 DATA 500k_8E1 5C C7 33 35 5A 35 35 35 56 65 65 35 35 35 35 A5 95 A6 56
[000328407ms +034253ms] #00139 DATA 500k_8E1 5C C7 33 35 96 A5 35 9A 35 35 6A
[000328407ms +034253ms] #00139 DATA 500k_8E1 5C C7 33 35 5A 35 35 AA AA AA AA 35 35 35 35 A5 A5 AA 56
[000328707ms +034553ms] #00140 DATA 500k_8E1 5C C7 33 56 56 A5 35 9A 35 35 A6
[000328707ms +034553ms] #00140 DATA 500k_8E1 5C C7 33 35 5A 35 35 35 AA AA AA 35 35 35 35 A5 95 A6 56
[000329008ms +034854ms] #00141 DATA 500k_8E1 5C C7 33 56 96 A5 35 6A 35 35 99
[000329008ms +034854ms] #00141 DATA 500k_8E1 5C C7 33 35 5A 35 35 35 5A 65 65 35 35 35 35 A5 95 A6 56
[000329316ms +035162ms] #00142 DATA 500k_8E1 5C C7 33 35 96 A5 35 9A 35 35 6A
[000329316ms +035162ms] #00142 DATA 500k_8E1 5C C7 33 35 5A 35 35 AA AA AA AA 35 35 35 35 A5 A5 AA 56
[000329475ms +035321ms] #00143 DATA 500k_8E1 5C C7 33 35 96 A5 65 9A AA AA AA
[000329475ms +035321ms] #00143 DATA 500k_8E1 5C C7 33 35 5A 35 35 65 35 35 56
[000329475ms +035321ms] #00143 DATA 500k_8E1 5C C7 33 35 5A 35 65 AA AA AA AA 35 35 35 35 A5 A5 AA 56
[000329475ms +035321ms] #00143 DATA 500k_8E1 5C C7 33 56 56 A5 65 99 59 AA AA
[000329475ms +035321ms] #00143 DATA 500k_8E1 5C C7 33 35 5A 35 35 65 35 35 56
[000329475ms +035321ms] #00143 DATA 500k_8E1 5C C7 33 35 5A 35 65 35 AA AA AA 35 35 35 35 A5 95 A6 56
[000329497ms +035343ms] #00144 DATA 500k_8E1 5C C7 33 56 56 A5 65 99 59 AA AA
[000329497ms +035343ms] #00144 DATA 500k_8E1 5C C7 33 35 5A 35 35 65 35 35 56
[000329497ms +035343ms] #00144 DATA 500k_8E1 5C C7 33 35 5A 35 65 35 AA AA AA 35 35 35 35 A5 95 A6 56
[000329497ms +035343ms] #00144 DATA 500k_8E1 5C C7 33 56 96 A5 65 99 35 AA AA
[000329497ms +035343ms] #00144 DATA 500k_8E1 5C C7 33 35 5A 35 35 65 35 35 56
[000329497ms +035343ms] #00144 DATA 500k_8E1 5C C7 33 35 5A 35 65 35 6A 99 99 35 35 35 35 A5 95 A6 56
[000329613ms +035459ms] #00145 DATA 500k_8E1 5C C7 33 56 56 A5 35 9A 35 35 A6
[000329613ms +035459ms] #00145 DATA 500k_8E1 5C C7 33 35 5A 35 35 35 AA AA AA 35 35 35 35 A5 95 A6 56
[000329913ms +035759ms] #00146 DATA 500k_8E1 5C C7 33 56 96 A5 35 6A 35 35 99
[000329913ms +035759ms] #00146 DATA 500k_8E1 5C C7 33 35 5A 35 35 35 AA 65 65 35 35 35 35 A5 95 A6 56
[000330216ms +036062ms] #00151 DATA 500k_8E1 5C C7 33 35 96 A5 35 9A 35 35 6A
[000330216ms +036062ms] #00151 DATA 500k_8E1 5C C7 33 35 5A 35 35 AA AA AA AA 35 35 35 35 A5 A5 AA 56
[000330516ms +036362ms] #00152 DATA 500k_8E1 5C C7 33 56 56 A5 35 9A 35 35 A6
[000330516ms +036362ms] #00152 DATA 500k_8E1 5C C7 33 35 5A 35 35 35 AA AA AA 35 35 35 35 A5 95 A6 56
[000330528ms +036374ms] #00153 DATA 500k_8E1 5C C7 33 56 56 A5 35 9A 35 35 A6
[000330528ms +036374ms] #00153 DATA 500k_8E1 5C C7 33 35 5A 35 35 35 AA AA AA 35 35 35 35 A5 95 A6 56
[000330817ms +036663ms] #00154 DATA 500k_8E1 5C C7 33 56 96 A5 35 6A 35 35 99
[000330817ms +036663ms] #00154 DATA 500k_8E1 5C C7 33 35 5A 35 35 35 AA 65 65 35 35 35 35 A5 95 A6 56
[000331115ms +036961ms] #00155 DATA 500k_8E1 5C C7 33 35 96 A5 35 9A 35 35 6A
[000331115ms +036961ms] #00155 DATA 500k_8E1 5C C7 33 35 5A 35 35 AA AA AA AA 35 35 35 35 A5 A5 AA 56
[000331416ms +037262ms] #00156 DATA 500k_8E1 5C C7 33 56 56 A5 35 9A 35 35 A6
[000331416ms +037262ms] #00156 DATA 500k_8E1 5C C7 33 35 5A 35 35 35 AA AA AA 35 35 35 35 A5 95 A6 56
[000331716ms +037562ms] #00157 DATA 500k_8E1 5C C7 33 56 96 A5 35 6A 35 35 99
[000331716ms +037562ms] #00157 DATA 500k_8E1 5C C7 33 35 5A 35 35 56 AA 65 65 35 35 35 35 A5 95 A6 56
[000332019ms +037865ms] #00158 DATA 500k_8E1 5C C7 33 35 96 A5 35 9A 35 35 6A
[000332019ms +037865ms] #00158 DATA 500k_8E1 5C C7 33 35 5A 35 35 AA AA AA AA 35 35 35 35 A5 A5 AA 56
[000332317ms +038163ms] #00159 DATA 500k_8E1 5C C7 33 56 56 A5 35 9A 35 35 A6
[000332317ms +038163ms] #00159 DATA 500k_8E1 5C C7 33 35 5A 35 35 35 AA AA AA 35 35 35 35 A5 95 A6 56
[000332614ms +038460ms] #00160 DATA 500k_8E1 5C C7 33 56 96 A5 35 6A 35 35 99
[000332614ms +038460ms] #00160 DATA 500k_8E1 5C C7 33 35 5A 35 35 5A AA 65 65 35 35 35 35 A5 95 A6 56
[000332918ms +038764ms] #00161 DATA 500k_8E1 5C C7 33 35 96 A5 35 9A 35 35 6A
[000332918ms +038764ms] #00161 DATA 500k_8E1 5C C7 33 35 5A 35 35 AA AA AA AA 35 35 35 35 A5 A5 AA 56
[000333221ms +039067ms] #00162 DATA 500k_8E1 5C C7 33 56 56 A5 35 9A 35 35 A6
[000333221ms +039067ms] #00162 DATA 500k_8E1 5C C7 33 35 5A 35 35 35 AA AA AA 35 35 35 35 A5 95 A6 56
[000333522ms +039368ms] #00163 DATA 500k_8E1 5C C7 33 56 96 A5 35 6A 35 35 99
[000333522ms +039368ms] #00163 DATA 500k_8E1 5C C7 33 35 5A 35 35 6A AA 65 65 35 35 35 35 A5 95 A6 56
[000333542ms +039388ms] #00164 DATA 500k_8E1 5C C7 33 56 96 A5 35 6A 35 35 99
[000333542ms +039388ms] #00164 DATA 500k_8E1 5C C7 33 35 5A 35 35 AA AA 65 65 35 35 35 35 A5 95 A6 56
[000333820ms +039666ms] #00165 DATA 500k_8E1 5C C7 33 35 96 A5 35 9A 35 35 6A
[000333820ms +039666ms] #00165 DATA 500k_8E1 5C C7 33 35 5A 35 35 AA AA AA AA 35 35 35 35 A5 A5 AA 56
[000334121ms +039967ms] #00166 DATA 500k_8E1 5C C7 33 56 56 A5 35 9A 35 35 A6
[000334121ms +039967ms] #00166 DATA 500k_8E1 5C C7 33 35 5A 35 35 35 AA AA AA 35 35 35 35 A5 95 A6 56
[000334422ms +040268ms] #00167 DATA 500k_8E1 5C C7 33 56 96 A5 35 6A 35 35 99
[000334422ms +040268ms] #00167 DATA 500k_8E1 5C C7 33 35 5A 35 35 AA AA 65 65 35 35 35 35 A5 95 A6 56
[000334478ms +040324ms] #00168 DATA 500k_8E1 5C C7 33 35 96 A5 65 9A AA AA AA
[000334478ms +040324ms] #00168 DATA 500k_8E1 5C C7 33 35 5A 35 35 65 35 35 56
[000334478ms +040324ms] #00168 DATA 500k_8E1 5C C7 33 35 5A 35 65 AA AA AA AA 35 35 35 35 A5 A5 AA 56
[000334478ms +040324ms] #00168 DATA 500k_8E1 5C C7 33 56 56 A5 65 99 59 AA AA
[000334478ms +040324ms] #00168 DATA 500k_8E1 5C C7 33 35 5A 35 35 65 35 35 56
[000334478ms +040324ms] #00168 DATA 500k_8E1 5C C7 33 35 5A 35 65 35 AA AA AA 35 35 35 35 A5 95 A6 56
[000334478ms +040324ms] #00168 DATA 500k_8E1 5C C7 33 56 96 A5 65 99 35 AA AA
[000334478ms +040324ms] #00168 DATA 500k_8E1 5C C7 33 35 5A 35 35 65 35 35 56
[000334478ms +040324ms] #00168 DATA 500k_8E1 5C C7 33 35 5A 35 65 AA AA 99 99 35 35 35 35 A5 95 A6 56
[000334718ms +040564ms] #00169 DATA 500k_8E1 5C C7 33 35 96 A5 35 9A 35 35 6A
[000334718ms +040564ms] #00169 DATA 500k_8E1 5C C7 33 35 5A 35 35 AA AA AA AA 35 35 35 35 A5 A5 AA 56
[000335020ms +040866ms] #00170 DATA 500k_8E1 5C C7 33 56 56 A5 35 9A 35 35 A6
[000335020ms +040866ms] #00170 DATA 500k_8E1 5C C7 33 35 5A 35 35 35 AA AA AA 35 35 35 35 A5 95 A6 56
[000335321ms +041167ms] #00171 DATA 500k_8E1 5C C7 33 56 96 A5 35 6A 35 35 99
[000335321ms +041167ms] #00171 DATA 500k_8E1 5C C7 33 35 5A 35 35 AA AA 65 65 35 35 35 35 A5 95 A6 56
[000335621ms +041467ms] #00172 DATA 500k_8E1 5C C7 33 35 96 A5 35 9A 35 35 6A
[000335621ms +041467ms] #00172 DATA 500k_8E1 5C C7 33 35 5A 35 35 AA AA AA AA 35 35 35 35 A5 A5 AA 56
[000335922ms +041768ms] #00173 DATA 500k_8E1 5C C7 33 56 56 A5 35 9A 35 35 A6
[000335922ms +041768ms] #00173 DATA 500k_8E1 5C C7 33 35 5A 35 35 35 AA AA AA 35 35 35 35 A5 95 A6 56
[000336222ms +042068ms] #00174 DATA 500k_8E1 5C C7 33 56 96 A5 35 6A 35 35 99
[000336222ms +042068ms] #00174 DATA 500k_8E1 5C C7 33 35 5A 35 35 AA AA 65 65 35 35 35 35 A5 95 A6 56
[000336521ms +042367ms] #00175 DATA 500k_8E1 5C C7 33 35 96 A5 35 9A 35 35 6A
[000336521ms +042367ms] #00175 DATA 500k_8E1 5C C7 33 35 5A 35 35 AA AA AA AA 35 35 35 35 A5 A5 AA 56
[000336536ms +042382ms] #00176 DATA 500k_8E1 5C C7 33 35 96 A5 35 9A 35 35 6A
[000336536ms +042382ms] #00176 DATA 500k_8E1 5C C7 33 35 5A 35 35 AA AA AA AA 35 35 35 35 A5 A5 AA 56
[000336556ms +042402ms] #00177 DATA 500k_8E1 5C C7 33 35 96 A5 35 9A 35 35 6A
[000336556ms +042402ms] #00177 DATA 500k_8E1 5C C7 33 35 5A 35 35 AA AA AA AA 35 35 35 35 A5 A5 AA 56
