[000145097ms +000000ms] #00001 DATA 500k_8E1 5C C7 33 56 96 A5 35 6A 35 35 99
[000145097ms +000000ms] #00001 DATA 500k_8E1 5C C7 33 35 5A 35 35 35 35 65 65 35 35 35 35 A5 95 A6 56
[000145395ms +000298ms] #00002 DATA 500k_8E1 5C C7 33 35 96 A5 35 9A 35 35 6A
[000145395ms +000298ms] #00002 DATA 500k_8E1 5C C7 33 35 5A 35 35 35 35 35 35 65 35 35 35 A5 A5 AA 56
[000145406ms +000309ms] #00003 DATA 500k_8E1 5C C7 33 35 96 A5 35 9A 35 35 6A
[000145406ms +000309ms] #00003 DATA 500k_8E1 5C C7 33 35 5A 35 35 35 35 35 35 65 35 35 35 A5 A5 AA 56
[000145696ms +000599ms] #00004 DATA 500k_8E1 5C C7 33 56 56 A5 35 9A 35 35 A6
[000145696ms +000599ms] #00004 DATA 500k_8E1 5C C7 33 35 5A 35 35 35 35 35 35 35 35 35 35 A5 95 A6 56
[000145854ms +000757ms] #00005 DATA 500k_8E1 5C C7 33 35 96 A5 65 9A AA AA AA
[000145854ms +000757ms] #00005 DATA 500k_8E1 5C C7 33 35 5A 35 35 65 35 35 56
[000145854ms +000757ms] #00005 DATA 500k_8E1 5C C7 33 35 5A 35 65 35 35 35 35 59 35 35 35 A5 A5 AA 56
[000145854ms +000757ms] #00005 DATA 500k_8E1 5C C7 33 56 56 A5 65 99 59 AA AA
[000145854ms +000757ms] #00005 DATA 500k_8E1 5C C7 33 35 5A 35 35 65 35 35 56
[000145854ms +000757ms] #00005 DATA 500k_8E1 5C C7 33 35 5A 35 65 35 35 35 35 35 35 35 35 A5 95 A6 56
[000145854ms +000757ms] #00005 DATA 500k_8E1 5C C7 33 56 96 A5 65 99 35 AA AA
[000145854ms +000757ms] #00005 DATA 500k_8E1 5C C7 33 35 5A 35 35 65 35 35 56
[000145854ms +000757ms] #00005 DATA 500k_8E1 5C C7 33 35 5A 35 65 35 35 99 99 35 35 35 35 A5 95 A6 56
[000145992ms +000895ms] #00006 DATA 500k_8E1 5C C7 33 56 96 A5 35 6A 35 35 99
[000145992ms +000895ms] #00006 DATA 500k_8E1 5C C7 33 35 5A 35 35 35 35 65 65 35 35 35 35 A5 95 A6 56
[000146291ms +001194ms] #00007 DATA 500k_8E1 5C C7 33 35 96 A5 35 9A 35 35 6A
[000146291ms +001194ms] #00007 DATA 500k_8E1 5C C7 33 35 5A 35 35 35 35 35 35 65 35 35 35 A5 A5 AA 56
[000146591ms +001494ms] #00008 DATA 500k_8E1 5C C7 33 56 56 A5 35 9A 35 35 A6
[000146591ms +001494ms] #00008 DATA 500k_8E1 5C C7 33 35 5A 35 35 35 35 35 35 35 35 35 35 A5 95 A6 56
[000146891ms +001794ms] #00009 DATA 500k_8E1 5C C7 33 56 96 A5 35 6A 35 35 99
[000146891ms +001794ms] #00009 DATA 500k_8E1 5C C7 33 35 5A 35 35 35 35 65 65 35 35 35 35 A5 95 A6 56
[000147200ms +002103ms] #00010 DATA 500k_8E1 5C C7 33 35 96 A5 35 9A 35 35 6A
[000147200ms +002103ms] #00010 DATA 500k_8E1 5C C7 33 35 5A 35 35 35 35 35 35 65 35 35 35 A5 A5 AA 56
[000147500ms +002403ms] #00011 DATA 500k_8E1 5C C7 33 56 56 A5 35 9A 35 35 A6
[000147500ms +002403ms] #00011 DATA 500k_8E1 5C C7 33 35 5A 35 35 35 35 35 35 35 35 35 35 A5 95 A6 56
[000147801ms +002704ms] #00012 DATA 500k_8E1 5C C7 33 56 96 A5 35 6A 35 35 99
[000147801ms +002704ms] #00012 DATA 500k_8E1 5C C7 33 35 5A 35 35 35 35 65 65 35 35 35 35 A5 95 A6 56
[000148095ms +002998ms] #00013 DATA 500k_8E1 5C C7 33 35 96 A5 35 9A 35 35 6A
[000148095ms +002998ms] #00013 DATA 500k_8E1 5C C7 33 35 5A 35 35 35 35 35 35 65 35 35 35 A5 A5 AA 56
[000148401ms +003304ms] #00014 DATA 500k_8E1 5C C7 33 56 56 A5 35 9A 35 35 A6
[000148401ms +003304ms] #00014 DATA 500k_8E1 5C C7 33 35 5A 35 35 35 35 35 35 35 35 35 35 A5 95 A6 56
[000148698ms +003601ms] #00015 DATA 500k_8E1 5C C7 33 56 96 A5 35 6A 35 35 99
[000148698ms +003601ms] #00015 DATA 500k_8E1 5C C7 33 35 5A 35 35 35 35 65 65 35 35 35 35 A5 95 A6 56
[000148998ms +003901ms] #00016 DATA 500k_8E1 5C C7 33 35 96 A5 35 9A 35 35 6A
[000148998ms +003901ms] #00016 DATA 500k_8E1 5C C7 33 35 5A 35 35 35 35 35 35 65 35 35 35 A5 A5 AA 56
[000149301ms +004204ms] #00018 DATA 500k_8E1 5C C7 33 56 56 A5 35 9A 35 35 A6
[000149301ms +004204ms] #00018 DATA 500k_8E1 5C C7 33 35 5A 35 35 35 35 35 35 35 35 35 35 A5 95 A6 56
[000149601ms +004504ms] #00019 DATA 500k_8E1 5C C7 33 56 96 A5 35 6A 35 35 99
[000149601ms +004504ms] #00019 DATA 500k_8E1 5C C7 33 35 5A 35 35 35 35 65 65 35 35 35 35 A5 95 A6 56
[000149899ms +004802ms] #00020 DATA 500k_8E1 5C C7 33 35 96 A5 35 9A 35 35 6A
[000149899ms +004802ms] #00020 DATA 500k_8E1 5C C7 33 35 5A 35 35 35 35 35 35 65 35 35 35 A5 A5 AA 56
[000150200ms +005103ms] #00021 DATA 500k_8E1 5C C7 33 56 56 A5 35 9A 35 35 A6
[000150200ms +005103ms] #00021 DATA 500k_8E1 5C C7 33 35 5A 35 35 35 35 35 35 35 35 35 35 A5 95 A6 56
[000150500ms +005403ms] #00022 DATA 500k_8E1 5C C7 33 56 96 A5 35 6A 35 35 99
[000150500ms +005403ms] #00022 DATA 500k_8E1 5C C7 33 35 5A 35 35 35 35 65 65 35 35 35 35 A5 95 A6 56
[000150799ms +005702ms] #00023 DATA 500k_8E1 5C C7 33 35 96 A5 35 9A 35 35 6A
[000150799ms +005702ms] #00023 DATA 500k_8E1 5C C7 33 35 5A 35 35 35 35 35 35 65 35 35 35 A5 A5 AA 56
[000150865ms +005768ms] #00024 DATA 500k_8E1 5C C7 33 35 96 A5 65 9A AA A6 AA
[000150865ms +005768ms] #00024 DATA 500k_8E1 5C C7 33 35 5A 35 35 65 35 35 56
[000150865ms +005768ms] #00024 DATA 500k_8E1 5C C7 33 35 5A 35 65 35 35 35 35 59 35 35 35 A5 A5 AA 56
[000150865ms +005768ms] #00024 DATA 500k_8E1 5C C7 33 56 56 A5 65 99 59 AA AA
[000150865ms +005768ms] #00024 DATA 500k_8E1 5C C7 33 35 5A 35 35 65 35 35 56
[000150865ms +005768ms] #00024 DATA 500k_8E1 5C C7 33 35 5A 35 65 35 35 35 35 35 35 35 35 A5 95 A6 56
[000150865ms +005768ms] #00024 DATA 500k_8E1 5C C7 33 56 96 A5 65 99 35 AA AA
[000150865ms +005768ms] #00024 DATA 500k_8E1 5C C7 33 35 5A 35 35 65 35 35 56
[000150865ms +005768ms] #00024 DATA 500k_8E1 5C C7 33 35 5A 35 65 35 35 99 99 35 35 35 35 A5 95 A6 56
[000151105ms +006008ms] #00025 DATA 500k_8E1 5C C7 33 56 56 A5 35 9A 35 35 A6
[000151105ms +006008ms] #00025 DATA 500k_8E1 5C C7 33 35 5A 35 35 35 35 35 35 35 35 35 35 A5 95 A6 56
[000151401ms +006304ms] #00029 DATA 500k_8E1 5C C7 33 56 96 A5 35 6A 35 35 99
[000151401ms +006304ms] #00029 DATA 500k_8E1 5C C7 33 35 5A 35 35 35 35 65 65 35 35 35 35 A5 95 A6 56
